      29    9.608786e-01   9.982e-05   1.683e-03   1.341e-03        0
      30    9.608615e-01   7.089e-04   1.696e-03   6.541e-03        0
      31    9.608340e-01   2.856e-03   1.716e-03   8.152e-03        0
      32    9.607364e-01   5.933e-03   1.843e-03   4.099e-02        0
      33    9.607434e-01   0.000e+00   1.819e-03   5.258e-03        0
      34    9.606849e-01   0.000e+00   1.701e-03   2.166e-02        0
      35    9.605755e-01   0.000e+00   1.627e-03   3.112e-02        0
      36    9.605143e-01   0.000e+00   1.517e-03   2.875e-02        0
      37    9.604838e-01   0.000e+00   2.127e-03   5.025e-02        0
      38    9.602956e-01   0.000e+00   1.890e-03   7.667e-02        0
      39    9.601968e-01   8.606e-04   2.000e-03   3.490e-02        0
      40    9.587078e-01   5.721e-02   3.182e-01   6.786e-01        0

EXIT: Time limit reached. Current point is infeasible.

Final Statistics
----------------
Final objective value               =   9.58707849194130e-01
Final feasibility error (abs / rel) =   5.72e-02 / 5.72e-02
Final optimality error  (abs / rel) =   3.18e-01 / 3.18e-01
# of iterations                     =         40 
# of CG iterations                  =          5 
# of function evaluations           =        104
# of gradient evaluations           =         41
Total program time (secs)           =      90.35465 (   176.147 CPU time)
Time spent in evaluations (secs)    =      89.22965

===============================================================================

[tourn_origin_zc_B_native] DONE: status=-411 wall=90.7s n_eval=104 n_grad=41
  best: gp=0.9602956271346769 eta_nu=[-0.04012855204116223, 0.40368109816800074, -0.0736204313348281, -0.034096902051697145, 0.004556310332584851, -0.058067463451132825, 0.017387675236675663, 0.01335555581280284, -0.002835377096463483, -0.01994640477144867, -0.013453783139574177, -0.01002878732165162, -0.03447382264820867, 5.8472489827450036e-5, -0.03885811393258601, 0.022808505895851802, -0.03287645757038963, -0.012486997016824632, -0.0889765190224125, 0.04124382298640268] Delta=0.9942910350689658 found_at_eval=77 t=66.05652499198914s
  native: (n_eval = 104, n_grad = 41, wall = 90.7181179523468, best_gp = 0.9602956271346769, best_Delta = 0.9942910350689658, status = -411)

=== Summary ===
native  A: n_eval=104 n_grad=41 wall=101.61414003372192 best_gp=0.9602956271346769 Delta=0.9942910350689658 status=-411
powered A: n_eval=89 n_grad=20 wall=91.37720203399658 best_gp=0.9539672915885201 Delta=0.99727044793459 status=-401
powered B: n_eval=89 n_grad=20 wall=91.1332459449768 best_gp=0.9539672915885201 Delta=0.99727044793459 status=-401
native  B: n_eval=104 n_grad=41 wall=90.7181179523468 best_gp=0.9602956271346769 Delta=0.9942910350689658 status=-411

TOURNAMENT_origin_zc_W20000: native_grad_per_s=0.426  powered_grad_per_s=0.219  native_best_gp_avg=0.9602956271346769  powered_best_gp_avg=0.9539672915885201
