Melitz thread startup report:
  Julia threads available = 20 (require >= 20)
  BLAS threads selected   = 1
Julia threads: 20  BLAS threads: 1
anchor: Delta0=0.4832764950
anchor welfare: g=-0.485461 GT=6.290641% (theoretical, closed-form)

====================================================================================================
HYBRID continuation direction: upper_GT
====================================================================================================
[upper_GT step=1] step_pp=0.0125% -> INFEASIBLE witness (max|trade_res|=7.77e-15 focal=-3.41e-03 gravA=7.99e-09 gravF=1.20e-08 rt_exact=false); trying next size
[upper_GT step=1] step_pp=0.0250% -> INFEASIBLE witness (max|trade_res|=7.44e-15 focal=-6.84e-03 gravA=3.95e-09 gravF=5.93e-09 rt_exact=false); trying next size
[upper_GT step=1] step_pp=0.0500% -> INFEASIBLE witness (max|trade_res|=7.55e-15 focal=-1.37e-02 gravA=-9.45e-09 gravF=-1.42e-08 rt_exact=false); trying next size
[upper_GT step=1] could not accept at any of the 3 predictor sizes -- stopping continuation

====================================================================================================
HYBRID continuation direction: lower_GT
====================================================================================================
[lower_GT step=1] step_pp=0.0125% -> INFEASIBLE witness (max|trade_res|=8.33e-15 focal=2.36e-03 gravA=-1.94e-08 gravF=-2.92e-08 rt_exact=false); trying next size
[lower_GT step=1] step_pp=0.0250% -> INFEASIBLE witness (max|trade_res|=7.66e-15 focal=4.73e-03 gravA=-1.42e-08 gravF=-2.13e-08 rt_exact=false); trying next size
[lower_GT step=1] step_pp=0.0500% -> INFEASIBLE witness (max|trade_res|=7.33e-15 focal=9.46e-03 gravA=-4.34e-09 gravF=-6.51e-09 rt_exact=false); trying next size
[lower_GT step=1] could not accept at any of the 3 predictor sizes -- stopping continuation

====================================================================================================
Gamma-only comparison: upper_GT
====================================================================================================
[gamma-only upper_GT step=1] GT_target=6.3406%  kind=FiniteSolved  Delta/cert=0.504369
[gamma-only upper_GT step=2] GT_target=6.3906%  kind=FiniteSolved  Delta/cert=0.526631
[gamma-only upper_GT step=3] GT_target=6.4406%  kind=FiniteSolved  Delta/cert=0.550331

====================================================================================================
Gamma-only comparison: lower_GT
====================================================================================================
[gamma-only lower_GT step=1] GT_target=6.2406%  kind=FiniteSolved  Delta/cert=0.463357
[gamma-only lower_GT step=2] GT_target=6.1906%  kind=FiniteSolved  Delta/cert=0.444427
[gamma-only lower_GT step=3] GT_target=6.1406%  kind=FiniteSolved  Delta/cert=0.426622

DONE PHASE 6 (hybrid welfare predictor-corrector retest)
