WARNING:  Option 'mip_integral_gap_abs' deprecated, please use 'mip_opt_gap_abs'.
WARNING:  Option 'mip_integral_gap_rel' deprecated, please use 'mip_opt_gap_rel'.
WARNING:  Option 'par_blasnumthreads' deprecated, please use 'blas_numthreads'.
WARNING:  Option 'par_concurrent_evals' deprecated, please use 'concurrent_evals'.
WARNING:  Option 'par_lsnumthreads' deprecated, please use 'linsolver_numthreads'.
WARNING:  Option 'par_conicnumthreads' deprecated, please use 'conic_numthreads'.
WARNING:  Option 'par_msnumthreads' deprecated, please use 'ms_numthreads'.
WARNING:  Option 'par_numthreads' deprecated, please use 'numthreads'.

=======================================
           Academic License
       (NOT FOR COMMERCIAL USE)
         Artelys Knitro 13.0.1
=======================================

WARNING:  Option 'mip_integral_gap_abs' deprecated, please use 'mip_opt_gap_abs'.
WARNING:  Option 'mip_integral_gap_rel' deprecated, please use 'mip_opt_gap_rel'.
Knitro presolve eliminated 0 variables and 0 constraints.

bar_conic_enable:        0
eval_fcga:               1
hessopt:                 4
honorbnds:               1
maxit:                   3
maxtime_real:            10000
numthreads:              1
outlev:                  3
restarts:                0
WARNING: Option hessopt=4 not valid when eval_fcga=1.
         Changing hessopt to 6 (LBFGS).
WARNING: Option ms_maxsolves was set, but option ms_enable='no'.
WARNING: Option ms_startptrange was set, but option ms_enable='no'.

Problem Characteristics                                 (   Presolved)
-----------------------
Objective goal:  Minimize
Objective type:  general
Number of variables:                                 17 (          17)
    bounded below only:                               0 (           0)
    bounded above only:                               0 (           0)
    bounded below and above:                         17 (          17)
    fixed:                                            0 (           0)
    free:                                             0 (           0)
Number of constraints:                                2 (           2)
    linear equalities:                                0 (           0)
    quadratic equalities:                             0 (           0)
    gen. nonlinear equalities:                        1 (           1)
    linear one-sided inequalities:                    0 (           0)
    quadratic one-sided inequalities:                 0 (           0)
    gen. nonlinear one-sided inequalities:            1 (           1)
    linear two-sided inequalities:                    0 (           0)
    quadratic two-sided inequalities:                 0 (           0)
    gen. nonlinear two-sided inequalities:            0 (           0)
Number of nonzeros in Jacobian:                      34 (          34)
Number of nonzeros in Hessian:                        0 (           0)

Knitro using the Interior-Point/Barrier Direct algorithm.

  Iter      Objective      FeasError   OptError    ||Step||    CGits 
--------  --------------  ----------  ----------  ----------  -------
       0    9.609650e-01   3.197e-18
WARNING:  Option 'mip_integral_gap_abs' deprecated, please use 'mip_opt_gap_abs'.
WARNING:  Option 'mip_integral_gap_rel' deprecated, please use 'mip_opt_gap_rel'.
       1    9.302662e-01   4.888e-08   1.180e-01   1.826e-01        0
WARNING:  Option 'mip_integral_gap_abs' deprecated, please use 'mip_opt_gap_abs'.
WARNING:  Option 'mip_integral_gap_rel' deprecated, please use 'mip_opt_gap_rel'.
       2    9.210540e-01   1.741e-06   4.525e-02   2.651e-01        0
WARNING:  Option 'mip_integral_gap_abs' deprecated, please use 'mip_opt_gap_abs'.
WARNING:  Option 'mip_integral_gap_rel' deprecated, please use 'mip_opt_gap_rel'.
       3    9.157823e-01   3.189e-07   2.323e-02   8.232e-02        0

EXIT: Iteration limit reached. Current point is feasible.

Final Statistics
----------------
Final objective value               =   9.15782314712494e-01
Final feasibility error (abs / rel) =   3.19e-07 / 3.19e-07
Final optimality error  (abs / rel) =   2.32e-02 / 2.32e-02
# of iterations                     =          3 
# of CG iterations                  =          0 
# of function evaluations           =          4
# of gradient evaluations           =          4
Total program time (secs)           =      14.24522 (    13.710 CPU time)
Time spent in evaluations (secs)    =       1.00552

===============================================================================

RESULT: status=-400 outer_iters=3 opt_err=0.023226252099704886
