WARNING:  Option 'par_concurrent_evals' deprecated, please use 'concurrent_evals'.
WARNING:  Option 'par_lsnumthreads' deprecated, please use 'linsolver_numthreads'.
WARNING:  Option 'par_conicnumthreads' deprecated, please use 'conic_numthreads'.
WARNING:  Option 'par_msnumthreads' deprecated, please use 'ms_numthreads'.
WARNING:  Option 'par_numthreads' deprecated, please use 'numthreads'.
[gate_powered] CONSTRAINED start: gp0=0.9609650007465946 Delta0=0.0029722293874420427 status=0

=======================================
           Academic License
       (NOT FOR COMMERCIAL USE)
         Artelys Knitro 13.0.1
=======================================

Knitro presolve eliminated 0 variables and 0 constraints.

algorithm:               1
bar_conic_enable:        0
hessopt:                 3
honorbnds:               1
maxit:                   1000000
maxtime_real:            8
numthreads:              1
outlev:                  3
restarts:                0
WARNING: Option ms_maxsolves was set, but option ms_enable='no'.
WARNING: Option ms_startptrange was set, but option ms_enable='no'.

Problem Characteristics                                 (   Presolved)
-----------------------
Objective goal:  Minimize
Objective type:  general
Number of variables:                                 12 (          12)
    bounded below only:                               0 (           0)
    bounded above only:                               0 (           0)
    bounded below and above:                         12 (          12)
    fixed:                                            0 (           0)
    free:                                             0 (           0)
Number of constraints:                                1 (           1)
    linear equalities:                                0 (           0)
    quadratic equalities:                             0 (           0)
    gen. nonlinear equalities:                        0 (           0)
    linear one-sided inequalities:                    0 (           0)
    quadratic one-sided inequalities:                 0 (           0)
    gen. nonlinear one-sided inequalities:            1 (           1)
    linear two-sided inequalities:                    0 (           0)
    quadratic two-sided inequalities:                 0 (           0)
    gen. nonlinear two-sided inequalities:            0 (           0)
Number of nonzeros in Jacobian:                      12 (          12)
Number of nonzeros in Hessian:                        0 (          78)

Knitro using the Interior-Point/Barrier Direct algorithm.

  Iter      Objective      FeasError   OptError    ||Step||    CGits 
--------  --------------  ----------  ----------  ----------  -------
       0    9.609650e-01   0.000e+00
       1    9.340507e-01   0.000e+00   7.912e-02   2.696e-02        0
       2    9.187363e-01   0.000e+00   2.707e-02   5.944e-02        0
       3    9.117705e-01   0.000e+00   1.614e-02   3.524e-02        0
       4    9.065039e-01   0.000e+00   2.462e-02   5.022e-02        0
       5    9.031621e-01   0.000e+00   1.249e-02   9.108e-02        5
       6    8.998502e-01   0.000e+00   1.404e-02   6.409e-02        0
       7    8.993446e-01   0.000e+00   1.206e-02   1.030e-02        0
       8    8.992665e-01   0.000e+00   1.118e-02   3.428e-03        1
       9    8.992496e-01   0.000e+00   1.117e-02   7.518e-04        1
      10    8.992479e-01   0.000e+00   1.117e-02   1.649e-03        1
      11    8.992201e-01   0.000e+00   1.116e-02   1.336e-03        1
      12    8.992195e-01   0.000e+00   1.116e-02   3.754e-05        1
      13    8.992183e-01   0.000e+00   1.116e-02   6.570e-05        1
      14    8.992181e-01   0.000e+00   1.116e-02   1.447e-05        1
      15    8.992179e-01   0.000e+00   1.116e-02   1.266e-05        1
      16    8.992179e-01   0.000e+00   1.116e-02   1.385e-06        1
      17    8.992179e-01   0.000e+00   1.116e-02   2.064e-14        1
      18    8.992179e-01   0.000e+00   1.116e-02   7.223e-14        1

EXIT: Time limit reached. Current point is feasible.

Final Statistics
----------------
Final objective value               =   8.99217850562653e-01
Final feasibility error (abs / rel) =   0.00e+00 / 0.00e+00
Final optimality error  (abs / rel) =   1.12e-02 / 1.12e-02
# of iterations                     =         18 
# of CG iterations                  =         17 
# of function evaluations           =        208
# of gradient evaluations           =         19
Total program time (secs)           =       8.00766 (    10.033 CPU time)
Time spent in evaluations (secs)    =       7.48560

===============================================================================

[gate_powered] DONE: status=-401 wall=8.0s n_eval=208 n_grad=19
  best: gp=0.8992178434669874 Delta=1.0000008958882423 found_at_eval=117 t=4.837708950042725s
  powered short run: n_eval=208 n_grad=19 status=-401

=== 8. unrestricted + powered mode hard error ===
  correctly blocked: ErrorException("validate_mode_family_compatibility: :profiled_powered_relative_A is fixed-theta only and does not apply to :unrestricted (theta is joi

ALL_RESULTS: Dict{Symbol, Bool}(:gradient_chain_rule => 1, :roundtrip_and_decoded_state => 1, :unrestricted_powered_blocked => 1, :short_run_powered_completes => 1, :checkpoint_mode_mismatch_refused => 1, :central_fd_powered => 1)

POWERED_COORDINATE_PRODUCTION_GATE (D4, flexible_cm): PASS
