=== direct true-cold inner solve: family=origin_zc arm=all_optimized W=100000 pid=587464 ===
diffPreStep = diff = 1.3135165950576857
diffPreStep = diff = 5.216531473450914e-8
diffPreStep = diff = 5.216444343147941e-8
diffPreStep = diff = 5.216454912471136e-8
diffPreStep = diff = 5.216465392976488e-8
diffPreStep = diff = 5.2164759622996826e-8
diffPreStep = diff = 5.216486265169351e-8
diffPreStep = diff = 5.2164967456747036e-8
diffPreStep = diff = 5.216507137362214e-8
diffPreStep = diff = 5.2165181507746183e-8
diffPreStep = diff = 5.216528453644287e-8
diffPreStep = diff = 5.2165385788782714e-8
diffPreStep = diff = 5.216549237019308e-8
diffPreStep = diff = 5.2165594510711344e-8
diffPreStep = diff = 5.216570020394329e-8
diffPreStep = diff = 5.216580412081839e-8
diffPreStep = diff = 5.216590981405034e-8
diffPreStep = diff = 5.216601461910386e-8
diffPreStep = diff = 5.216611853597897e-8
diffPreStep = diff = 5.216622156467565e-8
diffPreStep = diff = 5.216632370519392e-8
diffPreStep = diff = 5.216642939842586e-8
diffPreStep = diff = 5.2166535091657806e-8
diffPreStep = diff = 5.216664078488975e-8
diffPreStep = diff = 5.2166742037229596e-8
diffPreStep = diff = 5.216684684228312e-8
diffPreStep = diff = 5.2166950759158226e-8
diffPreStep = diff = 5.216705911692543e-8
diffPreStep = diff = 5.2167163033800534e-8
diffPreStep = diff = 5.21672696152109e-8
diffPreStep = diff = 5.2167369979372324e-8
diffPreStep = diff = 5.216747389624743e-8
diffPreStep = diff = 5.216758136583621e-8
diffPreStep = diff = 5.21676843945329e-8
diffPreStep = diff = 5.21677927523001e-8
diffPreStep = diff = 5.216789489281837e-8
diffPreStep = diff = 5.216799703333663e-8
diffPreStep = diff = 5.2168103614747e-8
diffPreStep = diff = 5.216821019615736e-8
diffPreStep = diff = 5.2168312336675626e-8
diffPreStep = diff = 5.216841536537231e-8
diffPreStep = diff = 5.2168520170425836e-8
diffPreStep = diff = 5.216862586365778e-8
diffPreStep = diff = 5.2168730668711305e-8
diffPreStep = diff = 5.216883547376483e-8
diffPreStep = diff = 5.2168939390639935e-8
diffPreStep = diff = 5.216904241933662e-8
diffPreStep = diff = 5.216915077710382e-8
diffPreStep = diff = 5.216925114126525e-8
diffPreStep = diff = 5.2169353281783515e-8
diffPreStep = diff = 5.216945986319388e-8
diffPreStep = diff = 5.216956733278266e-8
diffPreStep = diff = 5.2169673914193027e-8
diffPreStep = diff = 5.216977783106813e-8
diffPreStep = diff = 5.216988085976482e-8
diffPreStep = diff = 5.216998211210466e-8
diffPreStep = diff = 5.2170089581693446e-8
diffPreStep = diff = 5.217019438674697e-8
diffPreStep = diff = 5.2170298303622076e-8
diffPreStep = diff = 5.217040577321086e-8
diffPreStep = diff = 5.2170507025550705e-8
diffPreStep = diff = 5.217061094242581e-8
diffPreStep = diff = 5.2170718412014594e-8
diffPreStep = diff = 5.21708223288897e-8
diffPreStep = diff = 5.2170925357586384e-8
diffPreStep = diff = 5.217103193899675e-8
diffPreStep = diff = 5.2171133191336594e-8
diffPreStep = diff = 5.217123888456854e-8
diffPreStep = diff = 5.21713454659789e-8
diffPreStep = diff = 5.217144938285401e-8
diffPreStep = diff = 5.217155418790753e-8
diffPreStep = diff = 5.21716563284258e-8
diffPreStep = diff = 5.217176113347932e-8
diffPreStep = diff = 5.2171866826711266e-8
diffPreStep = diff = 5.217197251994321e-8
diffPreStep = diff = 5.2172072884104637e-8
diffPreStep = diff = 5.217218035369342e-8
diffPreStep = diff = 5.2172285158746945e-8
diffPreStep = diff = 5.217238818744363e-8
diffPreStep = diff = 5.2172494768853994e-8
diffPreStep = diff = 5.21725986857291e-8
diffPreStep = diff = 5.2172701714425784e-8
diffPreStep = diff = 5.217280563130089e-8
diffPreStep = diff = 5.2172908659997574e-8
diffPreStep = diff = 5.217301524140794e-8
diffPreStep = diff = 5.2173119158283043e-8
diffPreStep = diff = 5.217322396333657e-8
diffPreStep = diff = 5.217332699203325e-8
diffPreStep = diff = 5.2173435349800457e-8
diffPreStep = diff = 5.217353749031872e-8
diffPreStep = diff = 5.2173644959907506e-8
diffPreStep = diff = 5.217374621224735e-8
diffPreStep = diff = 5.2173856346371394e-8
diffPreStep = diff = 5.217395493417598e-8
diffPreStep = diff = 5.2174059739229506e-8
diffPreStep = diff = 5.217416454428303e-8
diffPreStep = diff = 5.2174270237514975e-8
diffPreStep = diff = 5.217437593074692e-8
diffPreStep = diff = 5.2174478071265185e-8
diffPreStep = diff = 5.217458642903239e-8
diffPreStep = diff = 5.2174687681372234e-8
diffPreStep = diff = 5.21747898218905e-8
diffPreStep = diff = 5.217489995601454e-8
diffPreStep = diff = 5.217500298471123e-8
diffPreStep = diff = 5.217510867794317e-8
diffPreStep = diff = 5.217521170663986e-8
diffPreStep = diff = 5.217531651169338e-8
diffPreStep = diff = 5.2175420428568486e-8
diffPreStep = diff = 5.217552523362201e-8
diffPreStep = diff = 5.2175627374140277e-8
diffPreStep = diff = 5.217573395555064e-8
diffPreStep = diff = 5.2175839648782585e-8
diffPreStep = diff = 5.217594178930085e-8
diffPreStep = diff = 5.2176045706175955e-8
diffPreStep = diff = 5.217614962305106e-8
diffPreStep = diff = 5.217625886899668e-8
diffPreStep = diff = 5.217636100951495e-8
diffPreStep = diff = 5.2176464038211634e-8
diffPreStep = diff = 5.217657150780042e-8
diffPreStep = diff = 5.217667542467552e-8
diffPreStep = diff = 5.217677667701537e-8
diffPreStep = diff = 5.217688503478257e-8
diffPreStep = diff = 5.217698806347926e-8
diffPreStep = diff = 5.217709020399752e-8
diffPreStep = diff = 5.2177196785407887e-8
diffPreStep = diff = 5.217730247863983e-8
diffPreStep = diff = 5.2177406395514936e-8
diffPreStep = diff = 5.217751120056846e-8
diffPreStep = diff = 5.2177616893800405e-8
diffPreStep = diff = 5.217772169885393e-8
diffPreStep = diff = 5.2177825615729034e-8
diffPreStep = diff = 5.217793042078256e-8
diffPreStep = diff = 5.2178035225836084e-8
diffPreStep = diff = 5.217814091906803e-8
diffPreStep = diff = 5.2178237730515775e-8
diffPreStep = diff = 5.217834786463982e-8
diffPreStep = diff = 5.217845266969334e-8
diffPreStep = diff = 5.217855658656845e-8
diffPreStep = diff = 5.217865961526513e-8
diffPreStep = diff = 5.217876530849708e-8
diffPreStep = diff = 5.217886922537218e-8
diffPreStep = diff = 5.2178974030425707e-8
diffPreStep = diff = 5.217907972365765e-8
diffPreStep = diff = 5.2179185416889595e-8
diffPreStep = diff = 5.217928666922944e-8
diffPreStep = diff = 5.2179390586104546e-8
diffPreStep = diff = 5.217949805569333e-8
diffPreStep = diff = 5.2179603748925274e-8
diffPreStep = diff = 5.217970500126512e-8
diffPreStep = diff = 5.2179811582675484e-8
diffPreStep = diff = 5.217991638772901e-8
diffPreStep = diff = 5.218002208096095e-8
diffPreStep = diff = 5.21801233333008e-8
diffPreStep = diff = 5.218022813835432e-8
diffPreStep = diff = 5.218033294340785e-8
diffPreStep = diff = 5.218043863663979e-8
diffPreStep = diff = 5.218054166533648e-8
diffPreStep = diff = 5.218064647039e-8
diffPreStep = diff = 5.218074949908669e-8
diffPreStep = diff = 5.218085608049705e-8
diffPreStep = diff = 5.2180962661907415e-8
diffPreStep = diff = 5.218106746696094e-8
diffPreStep = diff = 5.2181167831122366e-8
diffPreStep = diff = 5.218127618888957e-8
diffPreStep = diff = 5.2181377441229415e-8
diffPreStep = diff = 5.218148224628294e-8
diffPreStep = diff = 5.2181587051336464e-8
diffPreStep = diff = 5.218169363274683e-8
diffPreStep = diff = 5.2181795773265094e-8
diffPreStep = diff = 5.218190501921072e-8
diffPreStep = diff = 5.21820080479074e-8
diffPreStep = diff = 5.218211107660409e-8
diffPreStep = diff = 5.218221676983603e-8
diffPreStep = diff = 5.21823189103543e-8
diffPreStep = diff = 5.218242460358624e-8
diffPreStep = diff = 5.2182529408639766e-8
diffPreStep = diff = 5.218263332551487e-8
diffPreStep = diff = 5.2182738130568396e-8
diffPreStep = diff = 5.218284471197876e-8
diffPreStep = diff = 5.2182949517032284e-8
diffPreStep = diff = 5.218304988119371e-8
diffPreStep = diff = 5.2183156462604074e-8
diffPreStep = diff = 5.218326215583602e-8
diffPreStep = diff = 5.2183364296354284e-8
diffPreStep = diff = 5.218347087776465e-8
diffPreStep = diff = 5.218357568281817e-8
diffPreStep = diff = 5.218367693515802e-8
diffPreStep = diff = 5.218378618110364e-8
diffPreStep = diff = 5.218388832162191e-8
diffPreStep = diff = 5.218399223849701e-8
diffPreStep = diff = 5.2184099708085796e-8
diffPreStep = diff = 5.218420273678248e-8
diffPreStep = diff = 5.2184306653657586e-8
diffPreStep = diff = 5.218441234688953e-8
diffPreStep = diff = 5.2184518040121475e-8
diffPreStep = diff = 5.218462195699658e-8
diffPreStep = diff = 5.2184725873871685e-8
diffPreStep = diff = 5.218483067892521e-8
diffPreStep = diff = 5.2184933707621894e-8
diffPreStep = diff = 5.2185037624497e-8
-9999999999999999999 = -9999999999999999999
κ = 0.011562504161350518
κ_upper = 0.011562504161350518
κ_lower = 0.011562504161350518
θ_initial = [0.0642957930521883, 2.5, 0.2773415085919591, 0.2934214176153531, 0.3441324347968138, 0.38044961795095256, 0.4318294893052899, 0.12559473162456866, 0.23561529160483352, 0.36925874259837405, 0.2895456280295678, 0.41419493805503, 0.2923143009252286, 0.3146882058014909, 0.21328882807301597, 0.2864837232209823, 0.45172318489572605, 0.40030961369628787, 0.31993421603159783, 0.44916225553944733, 0.14777533164056716, 0.12969332961140084, 0.2913810728662897, 1.0, 1.0, 1.0, 1.0, 1.0, 1.0, 1.0, 1.0, 1.0, 1.0, 1.0, 1.0, 1.0, 1.0, 1.0, 1.0, 1.0, 1.0, 1.0, 1.0, 1.0, 1.0, 1.0, 1.0, 1.0, 1.0, 1.0, 1.0, 1.0, 1.0, 1.0, 1.0, 1.0, 1.0, 1.0, 1.0, 1.0, 1.0, 1.0, 1.0, 1.0, 1.0, 1.0, 1.0, 1.0, 1.0, 1.0, 1.0, 1.0, 1.0, 1.0, 1.0, 1.0, 1.0, 1.0, 1.0, 1.0, 1.0, 1.0, 1.0, 1.0, 1.0, 1.0, 1.0, 1.0, 1.0, 1.0, 1.0, 1.0, 1.0, 1.0, 1.0, 1.0, 1.0, 1.0, 1.0, 1.0, 1.0, 1.0, 1.0, 1.0, 1.0, 1.0, 1.0, 1.0, 1.0, 1.0, 1.0, 1.0, 1.0, 1.0, 1.0, 1.0, 1.0, 1.0, 1.0, 1.0, 1.0, 1.0, 1.0, 1.0, 1.0, 1.0, 1.0, 1.0, 1.0, 1.0, 1.0, 1.0, 1.0, 1.0, 1.0, 1.0, 1.0, 1.0, 1.0, 1.0, 1.0, 1.0, 1.0, 1.0, 1.0, 1.0, 1.0, 1.0, 1.0, 1.0, 1.0, 1.0, 1.0, 1.0, 1.0, 1.0, 1.0, 1.0, 1.0, 1.0, 1.0, 1.0, 1.0, 1.0, 1.0, 1.0, 1.0, 1.0, 1.0, 1.0, 1.0, 1.0, 1.0, 1.0, 1.0, 1.0, 1.0, 1.0, 1.0, 1.0, 1.0, 1.0, 1.0, 1.0, 1.0, 1.0, 1.0, 1.0, 1.0, 1.0, 1.0, 1.0, 1.0, 1.0, 1.0, 1.0, 1.0, 1.0, 1.0, 1.0, 1.0, 1.0, 1.0, 1.0, 1.0, 1.0, 1.0, 1.0, 1.0, 1.0, 1.0, 1.0, 1.0, 1.0, 1.0, 1.0, 1.0, 1.0, 1.0, 1.0, 1.0, 1.0, 1.0, 1.0, 1.0, 1.0, 1.0, 1.0, 1.0, 1.0, 1.0, 1.0, 1.0, 1.0, 1.0, 1.0, 1.0, 1.0, 1.0, 1.0, 1.0, 1.0, 1.0, 1.0, 1.0, 1.0, 1.0, 1.0, 1.0, 1.0, 1.0, 1.0, 1.0, 1.0, 1.0, 1.0, 1.0, 1.0, 1.0, 1.0, 1.0, 1.0, 1.0, 1.0, 1.0, 1.0, 1.0, 1.0, 1.0, 1.0, 1.0, 1.0, 1.0, 1.0, 1.0, 1.0, 1.0, 1.0, 1.0, 1.0, 1.0, 1.0, 1.0, 1.0, 1.0, 1.0, 1.0, 1.0, 1.0, 1.0, 1.0, 1.0, 1.0, 1.0, 1.0, 1.0, 1.0, 1.0, 1.0, 1.0, 1.0, 1.0, 1.0, 1.0, 1.0, 1.0, 1.0, 1.0, 1.0, 1.0, 1.0, 1.0, 1.0, 1.0, 1.0, 1.0, 1.0, 1.0, 1.0, 1.0, 1.0, 1.0, 1.0, 1.0, 1.0, 1.0, 1.0, 1.0, 1.0, 1.0, 1.0, 1.0, 1.0, 1.0, 1.0, 1.0, 1.0, 1.0, 1.0, 1.0, 1.0, 1.0, 1.0, 1.0, 1.0, 1.0, 1.0, 1.0, 1.0, 1.0, 1.0, 1.0, 1.0, 1.0, 1.0, 1.0, 1.0, 1.0, 1.0, 1.0, 1.0, 1.0, 1.0, 1.0, 1.0, 1.0, 1.0, 1.0, 1.0, 1.0, 1.0, 1.0, 1.0, 1.0, 1.0, 1.0, 1.0, 1.0, 1.0, 1.0, 1.0, 1.0, 1.0, 1.0, 1.0, 1.0, 1.0, 1.0, 1.0, 1.0, 1.0, 1.0, 1.0, 1.0, 1.0, 1.0, 1.0, 1.0, 1.0, 1.0, 1.0, 1.0, 1.0]
θ_initial_upper = [0.0642957930521883, 2.5, 0.2773415085919591, 0.2934214176153531, 0.3441324347968138, 0.38044961795095256, 0.4318294893052899, 0.12559473162456866, 0.23561529160483352, 0.36925874259837405, 0.2895456280295678, 0.41419493805503, 0.2923143009252286, 0.3146882058014909, 0.21328882807301597, 0.2864837232209823, 0.45172318489572605, 0.40030961369628787, 0.31993421603159783, 0.44916225553944733, 0.14777533164056716, 0.12969332961140084, 0.2913810728662897, 1.0, 1.0, 1.0, 1.0, 1.0, 1.0, 1.0, 1.0, 1.0, 1.0, 1.0, 1.0, 1.0, 1.0, 1.0, 1.0, 1.0, 1.0, 1.0, 1.0, 1.0, 1.0, 1.0, 1.0, 1.0, 1.0, 1.0, 1.0, 1.0, 1.0, 1.0, 1.0, 1.0, 1.0, 1.0, 1.0, 1.0, 1.0, 1.0, 1.0, 1.0, 1.0, 1.0, 1.0, 1.0, 1.0, 1.0, 1.0, 1.0, 1.0, 1.0, 1.0, 1.0, 1.0, 1.0, 1.0, 1.0, 1.0, 1.0, 1.0, 1.0, 1.0, 1.0, 1.0, 1.0, 1.0, 1.0, 1.0, 1.0, 1.0, 1.0, 1.0, 1.0, 1.0, 1.0, 1.0, 1.0, 1.0, 1.0, 1.0, 1.0, 1.0, 1.0, 1.0, 1.0, 1.0, 1.0, 1.0, 1.0, 1.0, 1.0, 1.0, 1.0, 1.0, 1.0, 1.0, 1.0, 1.0, 1.0, 1.0, 1.0, 1.0, 1.0, 1.0, 1.0, 1.0, 1.0, 1.0, 1.0, 1.0, 1.0, 1.0, 1.0, 1.0, 1.0, 1.0, 1.0, 1.0, 1.0, 1.0, 1.0, 1.0, 1.0, 1.0, 1.0, 1.0, 1.0, 1.0, 1.0, 1.0, 1.0, 1.0, 1.0, 1.0, 1.0, 1.0, 1.0, 1.0, 1.0, 1.0, 1.0, 1.0, 1.0, 1.0, 1.0, 1.0, 1.0, 1.0, 1.0, 1.0, 1.0, 1.0, 1.0, 1.0, 1.0, 1.0, 1.0, 1.0, 1.0, 1.0, 1.0, 1.0, 1.0, 1.0, 1.0, 1.0, 1.0, 1.0, 1.0, 1.0, 1.0, 1.0, 1.0, 1.0, 1.0, 1.0, 1.0, 1.0, 1.0, 1.0, 1.0, 1.0, 1.0, 1.0, 1.0, 1.0, 1.0, 1.0, 1.0, 1.0, 1.0, 1.0, 1.0, 1.0, 1.0, 1.0, 1.0, 1.0, 1.0, 1.0, 1.0, 1.0, 1.0, 1.0, 1.0, 1.0, 1.0, 1.0, 1.0, 1.0, 1.0, 1.0, 1.0, 1.0, 1.0, 1.0, 1.0, 1.0, 1.0, 1.0, 1.0, 1.0, 1.0, 1.0, 1.0, 1.0, 1.0, 1.0, 1.0, 1.0, 1.0, 1.0, 1.0, 1.0, 1.0, 1.0, 1.0, 1.0, 1.0, 1.0, 1.0, 1.0, 1.0, 1.0, 1.0, 1.0, 1.0, 1.0, 1.0, 1.0, 1.0, 1.0, 1.0, 1.0, 1.0, 1.0, 1.0, 1.0, 1.0, 1.0, 1.0, 1.0, 1.0, 1.0, 1.0, 1.0, 1.0, 1.0, 1.0, 1.0, 1.0, 1.0, 1.0, 1.0, 1.0, 1.0, 1.0, 1.0, 1.0, 1.0, 1.0, 1.0, 1.0, 1.0, 1.0, 1.0, 1.0, 1.0, 1.0, 1.0, 1.0, 1.0, 1.0, 1.0, 1.0, 1.0, 1.0, 1.0, 1.0, 1.0, 1.0, 1.0, 1.0, 1.0, 1.0, 1.0, 1.0, 1.0, 1.0, 1.0, 1.0, 1.0, 1.0, 1.0, 1.0, 1.0, 1.0, 1.0, 1.0, 1.0, 1.0, 1.0, 1.0, 1.0, 1.0, 1.0, 1.0, 1.0, 1.0, 1.0, 1.0, 1.0, 1.0, 1.0, 1.0, 1.0, 1.0, 1.0, 1.0, 1.0, 1.0, 1.0, 1.0, 1.0, 1.0, 1.0, 1.0, 1.0, 1.0, 1.0, 1.0, 1.0, 1.0, 1.0, 1.0, 1.0, 1.0, 1.0, 1.0, 1.0, 1.0, 1.0, 1.0, 1.0, 1.0, 1.0, 1.0, 1.0, 1.0, 1.0, 1.0, 1.0, 1.0, 1.0, 1.0, 1.0, 1.0, 1.0, 1.0, 1.0]
θ_initial_lower = [0.0642957930521883, 2.5, 0.2773415085919591, 0.2934214176153531, 0.3441324347968138, 0.38044961795095256, 0.4318294893052899, 0.12559473162456866, 0.23561529160483352, 0.36925874259837405, 0.2895456280295678, 0.41419493805503, 0.2923143009252286, 0.3146882058014909, 0.21328882807301597, 0.2864837232209823, 0.45172318489572605, 0.40030961369628787, 0.31993421603159783, 0.44916225553944733, 0.14777533164056716, 0.12969332961140084, 0.2913810728662897, 1.0, 1.0, 1.0, 1.0, 1.0, 1.0, 1.0, 1.0, 1.0, 1.0, 1.0, 1.0, 1.0, 1.0, 1.0, 1.0, 1.0, 1.0, 1.0, 1.0, 1.0, 1.0, 1.0, 1.0, 1.0, 1.0, 1.0, 1.0, 1.0, 1.0, 1.0, 1.0, 1.0, 1.0, 1.0, 1.0, 1.0, 1.0, 1.0, 1.0, 1.0, 1.0, 1.0, 1.0, 1.0, 1.0, 1.0, 1.0, 1.0, 1.0, 1.0, 1.0, 1.0, 1.0, 1.0, 1.0, 1.0, 1.0, 1.0, 1.0, 1.0, 1.0, 1.0, 1.0, 1.0, 1.0, 1.0, 1.0, 1.0, 1.0, 1.0, 1.0, 1.0, 1.0, 1.0, 1.0, 1.0, 1.0, 1.0, 1.0, 1.0, 1.0, 1.0, 1.0, 1.0, 1.0, 1.0, 1.0, 1.0, 1.0, 1.0, 1.0, 1.0, 1.0, 1.0, 1.0, 1.0, 1.0, 1.0, 1.0, 1.0, 1.0, 1.0, 1.0, 1.0, 1.0, 1.0, 1.0, 1.0, 1.0, 1.0, 1.0, 1.0, 1.0, 1.0, 1.0, 1.0, 1.0, 1.0, 1.0, 1.0, 1.0, 1.0, 1.0, 1.0, 1.0, 1.0, 1.0, 1.0, 1.0, 1.0, 1.0, 1.0, 1.0, 1.0, 1.0, 1.0, 1.0, 1.0, 1.0, 1.0, 1.0, 1.0, 1.0, 1.0, 1.0, 1.0, 1.0, 1.0, 1.0, 1.0, 1.0, 1.0, 1.0, 1.0, 1.0, 1.0, 1.0, 1.0, 1.0, 1.0, 1.0, 1.0, 1.0, 1.0, 1.0, 1.0, 1.0, 1.0, 1.0, 1.0, 1.0, 1.0, 1.0, 1.0, 1.0, 1.0, 1.0, 1.0, 1.0, 1.0, 1.0, 1.0, 1.0, 1.0, 1.0, 1.0, 1.0, 1.0, 1.0, 1.0, 1.0, 1.0, 1.0, 1.0, 1.0, 1.0, 1.0, 1.0, 1.0, 1.0, 1.0, 1.0, 1.0, 1.0, 1.0, 1.0, 1.0, 1.0, 1.0, 1.0, 1.0, 1.0, 1.0, 1.0, 1.0, 1.0, 1.0, 1.0, 1.0, 1.0, 1.0, 1.0, 1.0, 1.0, 1.0, 1.0, 1.0, 1.0, 1.0, 1.0, 1.0, 1.0, 1.0, 1.0, 1.0, 1.0, 1.0, 1.0, 1.0, 1.0, 1.0, 1.0, 1.0, 1.0, 1.0, 1.0, 1.0, 1.0, 1.0, 1.0, 1.0, 1.0, 1.0, 1.0, 1.0, 1.0, 1.0, 1.0, 1.0, 1.0, 1.0, 1.0, 1.0, 1.0, 1.0, 1.0, 1.0, 1.0, 1.0, 1.0, 1.0, 1.0, 1.0, 1.0, 1.0, 1.0, 1.0, 1.0, 1.0, 1.0, 1.0, 1.0, 1.0, 1.0, 1.0, 1.0, 1.0, 1.0, 1.0, 1.0, 1.0, 1.0, 1.0, 1.0, 1.0, 1.0, 1.0, 1.0, 1.0, 1.0, 1.0, 1.0, 1.0, 1.0, 1.0, 1.0, 1.0, 1.0, 1.0, 1.0, 1.0, 1.0, 1.0, 1.0, 1.0, 1.0, 1.0, 1.0, 1.0, 1.0, 1.0, 1.0, 1.0, 1.0, 1.0, 1.0, 1.0, 1.0, 1.0, 1.0, 1.0, 1.0, 1.0, 1.0, 1.0, 1.0, 1.0, 1.0, 1.0, 1.0, 1.0, 1.0, 1.0, 1.0, 1.0, 1.0, 1.0, 1.0, 1.0, 1.0, 1.0, 1.0, 1.0, 1.0, 1.0, 1.0, 1.0, 1.0, 1.0, 1.0, 1.0, 1.0, 1.0, 1.0, 1.0, 1.0, 1.0, 1.0, 1.0, 1.0, 1.0, 1.0, 1.0, 1.0, 1.0, 1.0, 1.0, 1.0, 1.0]
numMoments = 382
numMomentInnerSimple = 381
inequality_index = Int64[]
PMM = [-0.0004188093793176221 -9.510056280606e-5 -4.090145139942793e-5 -0.00013664030653137436 -7.43155855092034e-5 0.00028927990882896286 -6.600657801161056e-5 -5.985937698860113e-5 0.0001981195678047966 0.00017102342190545485 6.293247135202164e-5 -0.00014490030385545333 5.971797666593574e-5 0.0002730058451080632 1.6171720263638596e-5 4.374707494598503e-5 3.829719366251334e-6 3.777659947106029e-6 4.765651214611625e-5 0.00013530093707687414 0.0009796965142445015 8.57421214922594e-6 8.915643270823811e-5 0.00023188183729639506 0.0001902307946844344 0.00044792643706353886 0.00038522872906113773 0.0003877600685236033 2.041102862081381e-6 2.2601897839386354e-5 0.0005655028372895457 4.761258221433611e-5 0.00014400693488813275 0.00031400380132564693 0.00047580013844975667 0.0006315620485176041 -4.4272242886317564e-5 0.0001298106890421956 -4.001680204123601e-5 -3.4502585381071534e-5 -0.00022942123122324015 6.163668896762678e-5 -4.336585699186175e-5 -0.00013770649347560703 -0.00014108949713565098 -0.00022058959837828446 -2.568897391218501e-6 -0.00013475439892234582 -1.712152117842726e-5 -4.8982392248969545e-5 -6.527579970298221e-5 -2.9024738331834997e-5 -0.00017611835946431618 -0.00033001319767199605 -1.652467697214437e-6 -5.215899076954008e-5 -4.606260172492071e-5 -6.359752867769999e-5 0.00010146335641075809 -0.00013836590843853132 0.00018686057225962856 0.00011451225188695821 -1.399904514333044e-5 6.484357166236082e-5 -7.043932156366064e-5 0.00015669060220223073 0.00016291607759867608 7.927420783606929e-5 -8.081900985433598e-8 5.80045939423778e-5 -7.589229432709835e-5 0.00035586224397372065 -0.00011965235339583313 5.290460705981503e-5 -1.6432861619758635e-5 0.00035290733613354625 8.201427831477822e-5 3.510128504558537e-5 2.2192898894887456e-5 -0.00022495660152017138 -0.0011228597611943184 5.380495085172676e-5 -0.00019548323859187186 -6.758272608979841e-5 -0.000203581107516712 2.474625385600057e-5 0.00014233761879263964 -0.00018464683892940967 -8.198812656495889e-5 3.0288037950982165e-5 3.783981486866523e-5 5.050649738518814e-5 6.229527264301054e-5 -7.091663524936287e-6 0.00020446706978316008 -0.0003115405592254698 -0.0005732664587657913 -0.0007397007662800502 -5.786580538253645e-5 -0.0007170543564309697 -0.0014752490651872541 -0.00023782523124432232 -0.00022029194965357562 -0.000777341149399745 -0.0014596280929863573 -0.0004279718634789383 -0.0005860252069388248 -0.0007673393651932886 -0.0012011169088457852 -0.0015519630999530352 -0.0008299328070566844 -0.0021093543162276295 -0.0006665219953503936 -0.0011689723152481495 0.00016540138622723162 0.00010877072130137513 -4.751699651297855e-5 4.988833104535104e-5 0.0022384366960285893 0.00014287055308209127 0.0009401904163196619 7.354801200425406e-5 0.0008363306800350829 6.748891133256805e-5 -2.104474368985839e-5 -0.0002315341002654401 -3.016891221238918e-5 0.00041111881880319 0.0009460056065488395 0.00011995019441275535 0.00017198094536999934 0.00045584833486162933 -0.00013812325505543704 0.00015288249492122064 -0.00033045338638173957 2.3937579008675042e-5 9.263843161733025e-5 -9.929874149961606e-5 0.00017694509356083805 5.270935675700592e-5 0.0005157220335825947 -0.0001129002024979371 0.00019507111403272112 0.00019153514672759923 -0.0008505766556415646 0.0002643864054422499 0.00018033308521879594 0.0002614997000430138 -0.00023451696010780474 -9.450292620369947e-5 -0.00014855051853151024 6.35516119501047e-5 3.858357808255279e-6 7.164200263328879e-5 0.00017057596774428462 -0.0002102493684036282 -0.00028070172520913185 -0.0001406067031667648 -0.00019612011830785235 3.34582464854193e-5 0.00044947277939576507 -0.00012749154846593643 -0.00017023981564097434 -0.0001825455017438756 -1.6084189016421035e-6 -0.0002052321240905512 -0.000306300594404733 0.000535687701808537 -0.0003633939853765974 0.00010761715030976937 -1.5903750077040132e-5 -5.481853808131364e-5 1.8762315452449834e-5 0.00011425367143410046 2.6881751210695805e-7 -3.615650320174968e-6 5.150986062050418e-5 -2.628808805812763e-5 9.992490079145505e-5 7.101168766589275e-5 0.0008080514902811407 5.9183254696466024e-5 3.9411346668341805e-5 5.006782655973669e-5 0.00016674444937596878 -5.38237454943757e-6 0.00010150941975088878 3.4810855139738216e-5 7.654475490876278e-5 6.550087192453713e-7 -1.904613237833541e-5 -9.634184256991967e-5 -0.0001154374716043545 -0.0001159203240307865 -0.0001397758034444345 -8.363409802602959e-5 -8.798374977750815e-5 -0.0002389943967216696 0.0003043378179316449 -1.807672675138419e-5 -1.8325792218887643e-5 -0.00022366108413493667 0.00010701840565054356 -9.854145749664811e-5 -0.0002711091544066425 3.94449315092694e-5 -0.00012900576331029866 -5.182977371804521e-5 -0.0003149207466478202 -0.00025597371851786315 0.0005259784930342487 1.622338288995042e-5 -0.0001681572611087402 -3.2711917520205523e-6 3.799062766020337e-5 0.0003154068468224062 -1.962449096923855e-6 -3.888167160843246e-5 -1.8436541020065002e-5 -6.538630782881536e-5 0.003446714987020525 1.9954498106490217e-6 -4.305038949019663e-5 5.800709579219838e-5 -0.0001434716991645326 -2.5420329273511317e-5 0.00030184415430023487 1.62141856361084e-5 -0.00011621250020342956 0.0002630989270484317 6.739045268672777e-5 0.00015864607155985656 5.553743958775725e-5 0.00013887995546252042 -0.00045341283318683174 7.463893218072603e-5 -1.0511343757957636e-5 0.00016300144715034016 6.964944910393126e-5 -7.140012248364415e-5 -0.0003050082385799566 1.0188948547502222e-5 -0.00022046176730061858 3.6504472166456597e-5 0.00013061882431144868 -2.2396021109262776e-5 0.00023427465955470133 1.536956583143768e-5 0.0001858931288667898 5.168734613532486e-5 0.00010379182875344384 4.607114079060945e-6 -0.0001370184069675046 -8.228427230776187e-5 1.5939912030545376e-5 9.722514723278177e-5 6.104718064070074e-6 0.00014915709677067857 -3.147995629908415e-5 -2.982688982816674e-5 0.0002456389798134477 1.056500133791591e-5 0.0001098753643684628 0.00013173063848196946 0.00024299178599526843 -2.8223486560384713e-6 6.207521297549512e-7 -5.153320589629414e-5 0.00015777494213877854 -0.0003343434546939345 1.3095685774661732e-5 -2.0991009330425676e-5 0.00010441306465349349 -3.3471994421398835e-5 7.586030469546801e-7 -6.176340840545949e-5 8.738132458540571e-5 -4.7665644156453796e-5 -4.5369346976246385e-5 0.00011343085772162095 4.8765937518233325e-5 0.00016555845675196142 -6.332206344518601e-5 -2.513821099504723e-5 0.00018860170243508896 -6.450856624727857e-6 0.000511976271988218 -5.193756915634744e-5 -3.324180845617309e-5 0.00023439156592011166 7.205754299203257e-5 -0.0001775951255888954 8.41793233415265e-5 -7.884786712350212e-5 -0.00011678676118142384 0.00012129495294095581 -0.00010020719674696977 -7.18375200153977e-6 5.846854047166756e-6 -3.0515087104044092e-5 -0.0003390251480642024 -0.00020416764379176293 -8.936286610391972e-5 1.737312593196366e-5 1.6214680668178543e-5 0.000131164852137046 0.00018828626087550796 0.00011533775574487233 5.734207783563557e-5 0.00011545920765925005 9.156423347985072e-5 4.032872327515139e-5 0.00026620978898111704 0.00012110896835670016 5.482700683125774e-5 -2.5813437416883183e-5 0.00010011316373929748 6.47120790885385e-5 0.00010377955604329245 -2.938031735484664e-5 0.0020043771273333642 -0.0004567208520157972 0.00014819023569155238 -2.368777744363467e-5 -0.00040659006077425815 -7.932780069623481e-5 -0.000187036925906506 -0.00010913889939714903 -5.221433172534013e-5 -0.0003795105559290151 -0.0004168418922866404 -0.0004117172419610169 -6.975532392168532e-5 -7.5650644891963e-5 -0.0004867220259320204 -4.933811967129995e-5 -0.00011966920921308821 -3.062640081651413e-5 -0.00042485148939109196 -0.00046741029425981706 -0.0012349851857820604 -6.144407454876575e-5 -0.0002589185793560772 -0.0009596940042131956 -0.00019838874226086348 -0.0003448703446692012 -0.00020217141558617118 -0.0004697777507352133 -0.00018441126216132584 -0.00040581795499367035 -0.0005531072730132898 -0.00022723429320280016 -0.0007808979371800489 -0.000441291811930527 -0.0006095863903580433 -0.00011200603856557293 -0.000596921564871487 -0.0004575960989661803 -0.0005760424101008816 -0.0005054327080818538 -0.0008533405884085955 0.0006795406237040741 0.0006348145689453591 0.00047836630525472117 0.0006559276118611995 -0.00014009738950283325 0.00045918412889708334 0.000800144655772159 0.0005222105305306257 0.0005531085690973065 0.0007144522200632476 0.0005847576950216587 0.000589878866192248 0.0006905517124852922 0.00038244756354741414 0.0010907718144349563 0.0013364167229923572 0.000823718539802636 0.0015094593206563779 0.0007557066993856442 0.001010038867815198 -1.3942839938163587e-16]
moments_with_var = [1, 2, 3, 4, 5, 6, 7, 8, 9, 10, 11, 12, 13, 14, 15, 16, 17, 18, 19, 20, 21, 22, 23, 24, 25, 26, 27, 28, 29, 30, 31, 32, 33, 34, 35, 36, 37, 38, 39, 40, 41, 42, 43, 44, 45, 46, 47, 48, 49, 50, 51, 52, 53, 54, 55, 56, 57, 58, 59, 60, 61, 62, 63, 64, 65, 66, 67, 68, 69, 70, 71, 72, 73, 74, 75, 76, 77, 78, 79, 80, 81, 82, 83, 84, 85, 86, 87, 88, 89, 90, 91, 92, 93, 94, 95, 96, 97, 98, 99, 100, 101, 102, 103, 104, 105, 106, 107, 108, 109, 110, 111, 112, 113, 114, 115, 116, 117, 118, 119, 120, 121, 122, 123, 124, 125, 126, 127, 128, 129, 130, 131, 132, 133, 134, 135, 136, 137, 138, 139, 140, 141, 142, 143, 144, 145, 146, 147, 148, 149, 150, 151, 152, 153, 154, 155, 156, 157, 158, 159, 160, 161, 162, 163, 164, 165, 166, 167, 168, 169, 170, 171, 172, 173, 174, 175, 176, 177, 178, 179, 180, 181, 182, 183, 184, 185, 186, 187, 188, 189, 190, 191, 192, 193, 194, 195, 196, 197, 198, 199, 200, 201, 202, 203, 204, 205, 206, 207, 208, 209, 210, 211, 212, 213, 214, 215, 216, 217, 218, 219, 220, 221, 222, 223, 224, 225, 226, 227, 228, 229, 230, 231, 232, 233, 234, 235, 236, 237, 238, 239, 240, 241, 242, 243, 244, 245, 246, 247, 248, 249, 250, 251, 252, 253, 254, 255, 256, 257, 258, 259, 260, 261, 262, 263, 264, 265, 266, 267, 268, 269, 270, 271, 272, 273, 274, 275, 276, 277, 278, 279, 280, 281, 282, 283, 284, 285, 286, 287, 288, 289, 290, 291, 292, 293, 294, 295, 296, 297, 298, 299, 300, 301, 302, 303, 304, 305, 306, 307, 308, 309, 310, 311, 312, 313, 314, 315, 316, 317, 318, 319, 320, 321, 322, 323, 324, 325, 326, 327, 328, 329, 330, 331, 332, 333, 334, 335, 336, 337, 338, 339, 340, 341, 342, 343, 344, 345, 346, 347, 348, 349, 350, 351, 352, 353, 354, 355, 356, 357, 358, 359, 360, 361, 362, 363, 364, 365, 366, 367, 368, 369, 370, 371, 372, 373, 374, 375, 376, 377, 378, 379, 380, 381]
moments_without_var = Int64[]
δ_star_initial = -0.002016997307410306
val = 0.002016997307410306
δ_star_initial_low = -0.002016997307410306
val = 0.002016997307410306
δ_star_initial_up = -0.002016997307410306
δ_star_initial = -0.002016997307410306
δ_grid = [1]
δ_grid_filtered = [1]
cm_restriction_basis [origin-ZC] = none (no CM-grid block; origin-specific mean/pairwise-ZC targets only)
cm_internal_feature_storage [origin-ZC] = none (no bin indices -- raw Zraw_all/Zpairraw_all power features only)
origin_fg_backend [origin-ZC] = operator (port/shared-inner-fg-operator-and-verification-2026-07-26)
RESULT family=origin_zc arm=all_optimized W=100000 pid=587464 ctx_build_s=64.003 solve_s=25.460 nStatus=0
Wrote per-point file results/gate5_ten_by_ten_mixed_2026-08-01/origin_zc_all_optimized_repmixed_t10_origin_zc_2_pid587464.csv
