WARNING:  Option 'mip_integral_gap_abs' deprecated, please use 'mip_opt_gap_abs'.
WARNING:  Option 'mip_integral_gap_rel' deprecated, please use 'mip_opt_gap_rel'.
WARNING:  Option 'mip_integral_gap_abs' deprecated, please use 'mip_opt_gap_abs'.
WARNING:  Option 'mip_integral_gap_rel' deprecated, please use 'mip_opt_gap_rel'.
WARNING:  Option 'mip_integral_gap_abs' deprecated, please use 'mip_opt_gap_abs'.
WARNING:  Option 'mip_integral_gap_rel' deprecated, please use 'mip_opt_gap_rel'.
diffTheory = diff = 0.1519684774892025
diffPreStep = diff = 0.015141068512143363
κ = 0.06420809457817289
κ_upper = 0.06420809457817289
κ_lower = 0.06420809457817289
θ_initial = [0.16666666666666669, 2.5, 0.9701548739451527, 0.898534602899728, 0.9256006070125016, 0.8675016084408224, 0.8634603053463782, 1.0, 1.0, 1.0, 1.0, 1.0, 1.0, 1.0, 1.0, 1.0, 1.0, 1.0, 1.0, 1.0, 1.0, 1.0, 1.0]
θ_initial_upper = [0.16666666666666669, 2.5, 0.9701548739451527, 0.898534602899728, 0.9256006070125016, 0.8675016084408224, 0.8634603053463782, 1.0, 1.0, 1.0, 1.0, 1.0, 1.0, 1.0, 1.0, 1.0, 1.0, 1.0, 1.0, 1.0, 1.0, 1.0, 1.0]
θ_initial_lower = [0.16666666666666669, 2.5, 0.9701548739451527, 0.898534602899728, 0.9256006070125016, 0.8675016084408224, 0.8634603053463782, 1.0, 1.0, 1.0, 1.0, 1.0, 1.0, 1.0, 1.0, 1.0, 1.0, 1.0, 1.0, 1.0, 1.0, 1.0, 1.0]
numMoments = 18
numMomentInnerSimple = 17
inequality_index = Int64[]
PMM = [-0.014664979927902281 -0.005935220396847227 -0.013986223392776819 -0.003852371890807344 0.006699597939990179 0.003289347825961807 0.005295866332722169 -0.00034646591202940237 0.006296473870416427 0.004646171273375345 0.00956705276408345 0.004082107584692901 -0.001765038842908199 1.9653221561696022e-5 -0.0014992153476952217 0.0011452448247125746 0.0016486937273406607 7.053695813710375e-17]
moments_with_var = [1, 2, 3, 4, 5, 6, 7, 8, 9, 10, 11, 12, 13, 14, 15, 16, 17]
moments_without_var = Int64[]
δ_star_initial = -0.0010029941762690656
val = 0.0010029941762690656
δ_star_initial_low = -0.0010029941762690656
val = 0.0010029941762690656
δ_star_initial_up = -0.0010029941762690656
δ_star_initial = -0.0010029941762690656
δ_grid = [1]
δ_grid_filtered = [1]
=== benchmarking point A (N=8000) ===
  A (dense jac):        median=0.1414s  min=0.1085s  alloc=125.8MB  [+contract median=0.00816s]  compile-incl=8.989s
  B (scalar FD):         median=0.1244s  min=0.0802s  alloc=111.7MB  compile-incl=7.697s
  D (sparse colored, 18 colors): median=0.1515s  min=0.0880s  alloc=69.8MB  prep=8.193s  compile-incl=6.984s
=== benchmarking point B (N=8000) ===
  A (dense jac):        median=0.1506s  min=0.1280s  alloc=125.8MB  [+contract median=0.00870s]  compile-incl=0.149s
  B (scalar FD):         median=0.1023s  min=0.0856s  alloc=111.7MB  compile-incl=0.091s
  D (sparse colored, 18 colors): median=0.1043s  min=0.0909s  alloc=69.8MB  prep=0.582s  compile-incl=0.182s
=== benchmarking point C (N=8000) ===
  A (dense jac):        median=0.1624s  min=0.1105s  alloc=125.8MB  [+contract median=0.00823s]  compile-incl=0.206s
  B (scalar FD):         median=0.1021s  min=0.0849s  alloc=111.7MB  compile-incl=0.247s
  D (sparse colored, 18 colors): median=0.0992s  min=0.0886s  alloc=69.8MB  prep=0.542s  compile-incl=0.098s
=== benchmarking point D (N=8000) ===
  A (dense jac):        median=0.1466s  min=0.1047s  alloc=125.8MB  [+contract median=0.00791s]  compile-incl=0.290s
  B (scalar FD):         median=0.1026s  min=0.0819s  alloc=111.7MB  compile-incl=0.089s
  D (sparse colored, 18 colors): median=0.1559s  min=0.0974s  alloc=69.8MB  prep=0.616s  compile-incl=0.119s
BENCHMARK DONE — full_aod_diag/ad_benchmark/benchmark_results.csv
