WARNING:  Option 'mip_integral_gap_abs' deprecated, please use 'mip_opt_gap_abs'.
WARNING:  Option 'mip_integral_gap_rel' deprecated, please use 'mip_opt_gap_rel'.
WARNING:  Option 'mip_integral_gap_abs' deprecated, please use 'mip_opt_gap_abs'.
WARNING:  Option 'mip_integral_gap_rel' deprecated, please use 'mip_opt_gap_rel'.
WARNING:  Option 'mip_integral_gap_abs' deprecated, please use 'mip_opt_gap_abs'.
WARNING:  Option 'mip_integral_gap_rel' deprecated, please use 'mip_opt_gap_rel'.
┌ Warning: Assignment to `d` in soft scope is ambiguous because a global variable by the same name exists: `d` will be treated as a new local. Disambiguate by using `local d` to suppress this warning or `global d` to assign to the existing global variable.
└ @ ~/gravity_robustness/trade_robustness_modular/full_aod_diag/cond_diag.jl:174
┌ Warning: Assignment to `d` in soft scope is ambiguous because a global variable by the same name exists: `d` will be treated as a new local. Disambiguate by using `local d` to suppress this warning or `global d` to assign to the existing global variable.
└ @ ~/gravity_robustness/trade_robustness_modular/full_aod_diag/cond_diag.jl:216
diffTheory = diff = 0.1519684774892025
diffPreStep = diff = 0.015141068512143363
κ = 0.06420809457817289
κ_upper = 0.06420809457817289
κ_lower = 0.06420809457817289
θ_initial = [0.16666666666666669, 2.5, 0.9701548739451527, 0.898534602899728, 0.9256006070125016, 0.8675016084408224, 0.8634603053463782, 1.0, 1.0, 1.0, 1.0, 1.0, 1.0, 1.0, 1.0, 1.0, 1.0, 1.0, 1.0, 1.0, 1.0, 1.0, 1.0]
θ_initial_upper = [0.16666666666666669, 2.5, 0.9701548739451527, 0.898534602899728, 0.9256006070125016, 0.8675016084408224, 0.8634603053463782, 1.0, 1.0, 1.0, 1.0, 1.0, 1.0, 1.0, 1.0, 1.0, 1.0, 1.0, 1.0, 1.0, 1.0, 1.0, 1.0]
θ_initial_lower = [0.16666666666666669, 2.5, 0.9701548739451527, 0.898534602899728, 0.9256006070125016, 0.8675016084408224, 0.8634603053463782, 1.0, 1.0, 1.0, 1.0, 1.0, 1.0, 1.0, 1.0, 1.0, 1.0, 1.0, 1.0, 1.0, 1.0, 1.0, 1.0]
numMoments = 18
numMomentInnerSimple = 17
inequality_index = Int64[]
PMM = [-0.014664979927902281 -0.005935220396847227 -0.013986223392776819 -0.003852371890807344 0.006699597939990179 0.003289347825961807 0.005295866332722169 -0.00034646591202940237 0.006296473870416427 0.004646171273375345 0.00956705276408345 0.004082107584692901 -0.001765038842908199 1.9653221561696022e-5 -0.0014992153476952217 0.0011452448247125746 0.0016486937273406607 7.053695813710375e-17]
moments_with_var = [1, 2, 3, 4, 5, 6, 7, 8, 9, 10, 11, 12, 13, 14, 15, 16, 17]
moments_without_var = Int64[]
δ_star_initial = -0.0010029941762690656
val = 0.0010029941762690656
δ_star_initial_low = -0.0010029941762690656
val = 0.0010029941762690656
δ_star_initial_up = -0.0010029941762690656
δ_star_initial = -0.0010029941762690656
δ_grid = [1]
δ_grid_filtered = [1]
>>> loaded θ from /bbkinghome/edav/gravity_robustness/trade_robustness_modular/full_aod_diag/out/solve_full.jld2 key=θ_up
==============================================================================
CONDITIONING DIAGNOSTIC  variant=full_atSol   D=4  baseIndex=2  σ=2.5
l=23 total params, 18 FREE  (12 of them A_od)
nTotalMoments d = 18   outer_constr_index = 18
free indices: [1, 3, 4, 5, 6, 7, 9, 10, 11, 13, 14, 15, 17, 18, 19, 21, 22, 23]
==============================================================================

-- moment values E_{F*}[g] (should be ~0 for matched moments) --
  max|E[g]| over the 18 moments = 0.331

-- parameter & gradient SCALING by group (Section 4e) --
  group=struct  n=6
     |θ|      min/med/max = (0.213, 0.876, 0.92)
     |∂κ/∂θ|  min/med/max = (0.0, 0.396, 1.61)
     ‖J col‖  min/med/max = (1.77, 2.03, 3.12)
  group=A  n=12
     |θ|      min/med/max = (0.245, 1.26, 1.51)
     |∂κ/∂θ|  min/med/max = (0.0, 0.0, 0.242)
     ‖J col‖  min/med/max = (0.0322, 0.055, 0.284)

-- SVD of free moment Jacobian  J_free  (18×18)  [Section 4a,c] --
  rank(tol=σmax·1e-8) = 18  of 18 free params
  σmax = 3.145   σmin = 0.006524
  cond(J_free) = σmax/σmin = 482.0
  #singular values < σmax·1e-6 (near-null dim) = 0
  full singular spectrum (log10):
     σ[1] = 3.1450e+00   log10=0.498
     σ[2] = 2.4186e+00   log10=0.384
     σ[3] = 2.1217e+00   log10=0.327
     σ[4] = 1.9308e+00   log10=0.286
     σ[5] = 1.8570e+00   log10=0.269
     σ[6] = 1.7717e+00   log10=0.248
     σ[7] = 1.7930e-01   log10=-0.746
     σ[8] = 1.1049e-01   log10=-0.957
     σ[9] = 9.7946e-02   log10=-1.009
     σ[10] = 6.4541e-02   log10=-1.19
     σ[11] = 5.7431e-02   log10=-1.241
     σ[12] = 5.3442e-02   log10=-1.272
     σ[13] = 4.6523e-02   log10=-1.332
     σ[14] = 3.4143e-02   log10=-1.467
     σ[15] = 2.4690e-02   log10=-1.607
     σ[16] = 1.6548e-02   log10=-1.781
     σ[17] = 1.1397e-02   log10=-1.943
     σ[18] = 6.5242e-03   log10=-2.185

-- near-null direction structure (Section 4a: FE flats in ln A_od?) --
  (energy fractions of each near-null dir, in dlnA coords, on the free-A support)
  rank | σ_k       | A-energy frac | originFE | destFE | doubleDemean | struct-energy
    18 | 6.524e-03 |    1.0      | 0.114   | 0.856  | 0.199       | 0.014
    17 | 1.140e-02 |    1.0      | 0.407   | 0.457  | 0.72        | 0.009
    16 | 1.655e-02 |    1.0      | 0.428   | 0.484  | 0.686       | 0.008
    15 | 2.469e-02 |    1.0      | 0.379   | 0.159  | 0.911       | 0.016
    14 | 3.414e-02 |    0.999    | 0.241   | 0.759  | 0.407       | 0.037
    13 | 4.652e-02 |    1.0      | 0.291   | 0.626  | 0.649       | 0.002
    12 | 5.344e-02 |    1.0      | 0.303   | 0.558  | 0.702       | 0.007

-- κ-objective sensitivity along the near-null directions (Section 4b) --
  ‖∇κ (free)‖ = 2.403
   |∇κ · v_18| = 1.190e-02   (σ_18=6.52e-03)
   |∇κ · v_17| = 8.810e-03   (σ_17=1.14e-02)
   |∇κ · v_16| = 8.032e-03   (σ_16=1.65e-02)
   |∇κ · v_15| = 1.676e-02   (σ_15=2.47e-02)
   |∇κ · v_14| = 1.166e-01   (σ_14=3.41e-02)
   |∇κ · v_13| = 1.469e-03   (σ_13=4.65e-02)
   |∇κ · v_12| = 1.843e-03   (σ_12=5.34e-02)

-- Section 5 preview: reparametrize free-A block to double-demeaned coords --
  free-A count = 12;  rank of double-demean projector = 6  (=(D-1)^2=9 for a full block)
  reparam Jacobian σmin(all)=6.403e-18   σmin(nonzero)=3.912e-02   cond(nonzero)=80.37
  (compare raw-A cond(J_free) above; if the near-null was FE flats, the demeaned
   block drops the 6 FE directions and the remaining spectrum is well-conditioned.)

Saved: /bbkinghome/edav/gravity_robustness/trade_robustness_modular/full_aod_diag/out/cond_full_atSol.jld2
DONE (full_atSol)
