=== D=4 origin-ZC shared-backend wiring gate ===
diffTheory = diff = 0.1519684774892025
diffPreStep = diff = 0.015141068512143363
κ = 0.06420809457817289
κ_upper = 0.06420809457817289
κ_lower = 0.06420809457817289
θ_initial = [0.16666666666666669, 2.5, 0.9701548739451527, 0.898534602899728, 0.9256006070125016, 0.8675016084408224, 0.8634603053463782, 1.0, 1.0, 1.0, 1.0, 1.0, 1.0, 1.0, 1.0, 1.0, 1.0, 1.0, 1.0, 1.0, 1.0, 1.0, 1.0]
θ_initial_upper = [0.16666666666666669, 2.5, 0.9701548739451527, 0.898534602899728, 0.9256006070125016, 0.8675016084408224, 0.8634603053463782, 1.0, 1.0, 1.0, 1.0, 1.0, 1.0, 1.0, 1.0, 1.0, 1.0, 1.0, 1.0, 1.0, 1.0, 1.0, 1.0]
θ_initial_lower = [0.16666666666666669, 2.5, 0.9701548739451527, 0.898534602899728, 0.9256006070125016, 0.8675016084408224, 0.8634603053463782, 1.0, 1.0, 1.0, 1.0, 1.0, 1.0, 1.0, 1.0, 1.0, 1.0, 1.0, 1.0, 1.0, 1.0, 1.0, 1.0]
numMoments = 18
numMomentInnerSimple = 17
inequality_index = Int64[]
PMM = [-0.014664979927902281 -0.005935220396847227 -0.013986223392776819 -0.003852371890807344 0.006699597939990179 0.003289347825961807 0.005295866332722169 -0.00034646591202940237 0.006296473870416427 0.004646171273375345 0.00956705276408345 0.004082107584692901 -0.001765038842908199 1.9653221561696022e-5 -0.0014992153476952217 0.0011452448247125746 0.0016486937273406607 7.053695813710375e-17]
moments_with_var = [1, 2, 3, 4, 5, 6, 7, 8, 9, 10, 11, 12, 13, 14, 15, 16, 17]
moments_without_var = Int64[]
δ_star_initial = -0.0010029941762690656
val = 0.0010029941762690656
δ_star_initial_low = -0.0010029941762690656
val = 0.0010029941762690656
δ_star_initial_up = -0.0010029941762690656
δ_star_initial = -0.0010029941762690656
δ_grid = [1]
δ_grid_filtered = [1]
cm_restriction_basis [origin-ZC] = none (no CM-grid block; origin-specific mean/pairwise-ZC targets only)
cm_internal_feature_storage [origin-ZC] = none (no bin indices -- raw Zraw_all/Zpairraw_all power features only)
origin_fg_backend [origin-ZC] = operator (port/shared-inner-fg-operator-and-verification-2026-07-26)
  K1_mean_only   n_eta=4  max|Δg|=0.000e+00  bit-identical=true
cm_restriction_basis [origin-ZC] = none (no CM-grid block; origin-specific mean/pairwise-ZC targets only)
cm_internal_feature_storage [origin-ZC] = none (no bin indices -- raw Zraw_all/Zpairraw_all power features only)
origin_fg_backend [origin-ZC] = operator (port/shared-inner-fg-operator-and-verification-2026-07-26)
  K1_mean_zc     n_eta=4  max|Δg|=0.000e+00  bit-identical=true
cm_restriction_basis [origin-ZC] = none (no CM-grid block; origin-specific mean/pairwise-ZC targets only)
cm_internal_feature_storage [origin-ZC] = none (no bin indices -- raw Zraw_all/Zpairraw_all power features only)
origin_fg_backend [origin-ZC] = operator (port/shared-inner-fg-operator-and-verification-2026-07-26)
  K2_mean_only   n_eta=8  max|Δg|=0.000e+00  bit-identical=true
Test Summary:                                                                               | Pass  Total   Time
origin-ZC: :shared_inplace_pooled (default) vs :legacy_unbuffered full-gradient equivalence |   12     12  23.9s

ALL D=4 origin-ZC shared-backend gates: PASS
