WARNING:  Option 'mip_integral_gap_abs' deprecated, please use 'mip_opt_gap_abs'.
WARNING:  Option 'mip_integral_gap_rel' deprecated, please use 'mip_opt_gap_rel'.
WARNING:  Option 'mip_integral_gap_abs' deprecated, please use 'mip_opt_gap_abs'.
WARNING:  Option 'mip_integral_gap_rel' deprecated, please use 'mip_opt_gap_rel'.
WARNING:  Option 'mip_integral_gap_abs' deprecated, please use 'mip_opt_gap_abs'.
WARNING:  Option 'mip_integral_gap_rel' deprecated, please use 'mip_opt_gap_rel'.
WARNING:  Option 'mip_integral_gap_abs' deprecated, please use 'mip_opt_gap_abs'.
WARNING:  Option 'mip_integral_gap_rel' deprecated, please use 'mip_opt_gap_rel'.
WARNING:  Option 'par_blasnumthreads' deprecated, please use 'blas_numthreads'.
WARNING:  Option 'par_concurrent_evals' deprecated, please use 'concurrent_evals'.
WARNING:  Option 'par_lsnumthreads' deprecated, please use 'linsolver_numthreads'.
WARNING:  Option 'par_conicnumthreads' deprecated, please use 'conic_numthreads'.
WARNING:  Option 'par_msnumthreads' deprecated, please use 'ms_numthreads'.
WARNING:  Option 'par_numthreads' deprecated, please use 'numthreads'.
diffTheory = diff = 0.1519684774892025
diffPreStep = diff = 0.015141068512143363
κ = 0.06420809457817289
κ_upper = 0.06420809457817289
κ_lower = 0.06420809457817289
θ_initial = [0.16666666666666669, 2.5, 0.9701548739451527, 0.898534602899728, 0.9256006070125016, 0.8675016084408224, 0.8634603053463782, 1.0, 1.0, 1.0, 1.0, 1.0, 1.0, 1.0, 1.0, 1.0, 1.0, 1.0, 1.0, 1.0, 1.0, 1.0, 1.0]
θ_initial_upper = [0.16666666666666669, 2.5, 0.9701548739451527, 0.898534602899728, 0.9256006070125016, 0.8675016084408224, 0.8634603053463782, 1.0, 1.0, 1.0, 1.0, 1.0, 1.0, 1.0, 1.0, 1.0, 1.0, 1.0, 1.0, 1.0, 1.0, 1.0, 1.0]
θ_initial_lower = [0.16666666666666669, 2.5, 0.9701548739451527, 0.898534602899728, 0.9256006070125016, 0.8675016084408224, 0.8634603053463782, 1.0, 1.0, 1.0, 1.0, 1.0, 1.0, 1.0, 1.0, 1.0, 1.0, 1.0, 1.0, 1.0, 1.0, 1.0, 1.0]
numMoments = 18
numMomentInnerSimple = 17
inequality_index = Int64[]
PMM = [-0.014664979927902281 -0.005935220396847227 -0.013986223392776819 -0.003852371890807344 0.006699597939990179 0.003289347825961807 0.005295866332722169 -0.00034646591202940237 0.006296473870416427 0.004646171273375345 0.00956705276408345 0.004082107584692901 -0.001765038842908199 1.9653221561696022e-5 -0.0014992153476952217 0.0011452448247125746 0.0016486937273406607 7.053695813710375e-17]
moments_with_var = [1, 2, 3, 4, 5, 6, 7, 8, 9, 10, 11, 12, 13, 14, 15, 16, 17]
moments_without_var = Int64[]
δ_star_initial = -0.0010029941762690656
val = 0.0010029941762690656
δ_star_initial_low = -0.0010029941762690656
val = 0.0010029941762690656
δ_star_initial_up = -0.0010029941762690656
δ_star_initial = -0.0010029941762690656
δ_grid = [1]
δ_grid_filtered = [1]
wall-clock budget override: maxtime_real=60.0s, maxit=1e6 (wall time is the binding stop criterion)
>>> Running D=4 short solve, direction=upper (find_smallest=true), gradient_method=delta_fd, hessopt_tag=sr1, maxit=15, maxtime_real=60.0, h=0.01
WARNING:  Option 'mip_integral_gap_abs' deprecated, please use 'mip_opt_gap_abs'.
WARNING:  Option 'mip_integral_gap_rel' deprecated, please use 'mip_opt_gap_rel'.
WARNING:  Option 'mip_integral_gap_abs' deprecated, please use 'mip_opt_gap_abs'.
WARNING:  Option 'mip_integral_gap_rel' deprecated, please use 'mip_opt_gap_rel'.
KNITRO terminal: status=-411  gamma'_focal=0.8931450287433793  opt_err=0.008395539492350083  feas_err=0.06873010964671877  outer_iters=50  wall=60.1s
total Delta(w) evaluations (incl. FD gradient probes): 1796

==============================================================================
EXACT FRESH FEASIBILITY RECHECK
==============================================================================
[raw_terminal] gamma'_focal=0.8931450287433793  kappa=0.17167015616920478  Delta_dual=1.0687301096467188  Delta-delta=0.06873010964671877
         gravity_value=-2.168404344971009e-18  max_abs_moment_kkt_resid=1.8030021919912543e-16  mean_m_resid=3.3306690738754696e-16  inner_status=0
         w = [0.8931450287433793, 0.24132116056117067, 0.14945456626035664, 0.267338011012107, -0.08640469007617321, 1.4563586842818268, 0.24633921535416917, 1.4391974865113197, 1.3712540969067288, 0.7921095812735853, 0.67361447284298, 0.6419596518361558, 0.4842491069210163, 0.9710924745267866, 1.4968990162891815, 0.8524892254763723]
[best_feasible_tracked] gamma'_focal=0.8944864850026093  kappa=0.16959560606755775  Delta_dual=0.9999342808707573  Delta-delta=-6.571912924269174e-5
         gravity_value=-2.927345865710862e-18  max_abs_moment_kkt_resid=6.265441498953806e-13  mean_m_resid=6.45039577307216e-13  inner_status=0
         w = [0.8944864850026093, 0.24148907061138786, 0.1208022266780449, 0.26185563310308985, -0.07859379433093838, 1.4621912706638271, 0.2575033390303784, 1.4251472577950124, 1.380390651702212, 0.7889702154565018, 0.660173078704235, 0.6401158993889874, 0.48553766883437044, 0.9585925873848888, 1.4938947028248826, 0.8298889351176167]

STATUS LABEL: BEST_FEASIBLE_STALLED_OR_VERIFIED (external KKT stationarity NOT checked yet -- sec 22 not done this run)

gradient calls: 51 total (51 expensive/delta_fd, 0 cheap)  total gradient wall time=47.98s  total inner solves consumed by gradients=1632

Wrote /bbkinghome/edav/gravity_robustness/gravity-fullA-d4/results/fullA_d4/9e03706/optfd_upper_delta_fd_sr1_20260718_072453
