WARNING:  Option 'mip_integral_gap_abs' deprecated, please use 'mip_opt_gap_abs'.
WARNING:  Option 'mip_integral_gap_rel' deprecated, please use 'mip_opt_gap_rel'.
WARNING:  Option 'mip_integral_gap_abs' deprecated, please use 'mip_opt_gap_abs'.
WARNING:  Option 'mip_integral_gap_rel' deprecated, please use 'mip_opt_gap_rel'.
WARNING:  Option 'mip_integral_gap_abs' deprecated, please use 'mip_opt_gap_abs'.
WARNING:  Option 'mip_integral_gap_rel' deprecated, please use 'mip_opt_gap_rel'.
WARNING:  Option 'mip_integral_gap_abs' deprecated, please use 'mip_opt_gap_abs'.
WARNING:  Option 'mip_integral_gap_rel' deprecated, please use 'mip_opt_gap_rel'.
WARNING:  Option 'par_blasnumthreads' deprecated, please use 'blas_numthreads'.
WARNING:  Option 'par_concurrent_evals' deprecated, please use 'concurrent_evals'.
WARNING:  Option 'par_lsnumthreads' deprecated, please use 'linsolver_numthreads'.
WARNING:  Option 'par_conicnumthreads' deprecated, please use 'conic_numthreads'.
WARNING:  Option 'par_msnumthreads' deprecated, please use 'ms_numthreads'.
WARNING:  Option 'par_numthreads' deprecated, please use 'numthreads'.
diffTheory = diff = 0.1519684774892025
diffPreStep = diff = 0.015141068512143363
κ = 0.06420809457817289
κ_upper = 0.06420809457817289
κ_lower = 0.06420809457817289
θ_initial = [0.16666666666666669, 2.5, 0.9701548739451527, 0.898534602899728, 0.9256006070125016, 0.8675016084408224, 0.8634603053463782, 1.0, 1.0, 1.0, 1.0, 1.0, 1.0, 1.0, 1.0, 1.0, 1.0, 1.0, 1.0, 1.0, 1.0, 1.0, 1.0]
θ_initial_upper = [0.16666666666666669, 2.5, 0.9701548739451527, 0.898534602899728, 0.9256006070125016, 0.8675016084408224, 0.8634603053463782, 1.0, 1.0, 1.0, 1.0, 1.0, 1.0, 1.0, 1.0, 1.0, 1.0, 1.0, 1.0, 1.0, 1.0, 1.0, 1.0]
θ_initial_lower = [0.16666666666666669, 2.5, 0.9701548739451527, 0.898534602899728, 0.9256006070125016, 0.8675016084408224, 0.8634603053463782, 1.0, 1.0, 1.0, 1.0, 1.0, 1.0, 1.0, 1.0, 1.0, 1.0, 1.0, 1.0, 1.0, 1.0, 1.0, 1.0]
numMoments = 18
numMomentInnerSimple = 17
inequality_index = Int64[]
PMM = [-0.014664979927902281 -0.005935220396847227 -0.013986223392776819 -0.003852371890807344 0.006699597939990179 0.003289347825961807 0.005295866332722169 -0.00034646591202940237 0.006296473870416427 0.004646171273375345 0.00956705276408345 0.004082107584692901 -0.001765038842908199 1.9653221561696022e-5 -0.0014992153476952217 0.0011452448247125746 0.0016486937273406607 7.053695813710375e-17]
moments_with_var = [1, 2, 3, 4, 5, 6, 7, 8, 9, 10, 11, 12, 13, 14, 15, 16, 17]
moments_without_var = Int64[]
δ_star_initial = -0.0010029941762690656
val = 0.0010029941762690656
δ_star_initial_low = -0.0010029941762690656
val = 0.0010029941762690656
δ_star_initial_up = -0.0010029941762690656
δ_star_initial = -0.0010029941762690656
δ_grid = [1]
δ_grid_filtered = [1]
wall-clock budget override: maxtime_real=60.0s, maxit=1e6 (wall time is the binding stop criterion)
>>> Running D=4 short solve, direction=upper (find_smallest=true), gradient_method=delta_fd, hessopt_tag=lbfgs, maxit=15, maxtime_real=60.0, h=0.01
WARNING:  Option 'mip_integral_gap_abs' deprecated, please use 'mip_opt_gap_abs'.
WARNING:  Option 'mip_integral_gap_rel' deprecated, please use 'mip_opt_gap_rel'.
WARNING:  Option 'mip_integral_gap_abs' deprecated, please use 'mip_opt_gap_abs'.
WARNING:  Option 'mip_integral_gap_rel' deprecated, please use 'mip_opt_gap_rel'.
KNITRO terminal: status=-401  gamma'_focal=0.8930876243704539  opt_err=0.07229362129205952  feas_err=0.0  outer_iters=46  wall=60.1s
total Delta(w) evaluations (incl. FD gradient probes): 1692

==============================================================================
EXACT FRESH FEASIBILITY RECHECK
==============================================================================
[raw_terminal] gamma'_focal=0.8930876243704539  kappa=0.17175888520165805  Delta_dual=0.9999772099920212  Delta-delta=-2.279000797877906e-5
         gravity_value=-7.697835424647081e-18  max_abs_moment_kkt_resid=1.9984014443252818e-16  mean_m_resid=2.220446049250313e-16  inner_status=0
         w = [0.8930876243704539, 0.1424106653080796, -0.08193885585697487, 0.10394844950392143, 0.15518253067511795, 1.3343227109646816, 0.13342858693981238, 1.2453112623710643, 1.234767656812482, 0.6953962502971962, 0.4483211775184566, 0.49983211925911236, 0.4371318740767438, 0.8749644447485286, 1.3178938089620613, 0.4975188523976983]
[best_feasible_tracked] gamma'_focal=0.8930775401708372  kappa=0.17177447179709882  Delta_dual=0.9997371540256242  Delta-delta=-0.0002628459743757583
         gravity_value=-4.553649124439119e-18  max_abs_moment_kkt_resid=1.1368683772161603e-16  mean_m_resid=0.0  inner_status=0
         w = [0.8930775401708372, 0.1427548684007845, -0.08189772784802933, 0.10383562898169862, 0.15548608021194846, 1.3338418147118962, 0.13240861035878282, 1.2456587066938887, 1.2353890495452848, 0.6956070230423683, 0.44866589475676644, 0.49961751877149696, 0.43702798839061874, 0.8749448604740752, 1.3178777946418951, 0.49758933299375474]

STATUS LABEL: BEST_FEASIBLE_STALLED_OR_VERIFIED (external KKT stationarity NOT checked yet -- sec 22 not done this run)

gradient calls: 47 total (47 expensive/delta_fd, 0 cheap)  total gradient wall time=46.12s  total inner solves consumed by gradients=1504

Wrote /bbkinghome/edav/gravity_robustness/gravity-fullA-d4/results/fullA_d4/9e03706/optfd_upper_delta_fd_lbfgs_20260718_072644
