WARNING:  Option 'mip_integral_gap_abs' deprecated, please use 'mip_opt_gap_abs'.
WARNING:  Option 'mip_integral_gap_rel' deprecated, please use 'mip_opt_gap_rel'.
WARNING:  Option 'mip_integral_gap_abs' deprecated, please use 'mip_opt_gap_abs'.
WARNING:  Option 'mip_integral_gap_rel' deprecated, please use 'mip_opt_gap_rel'.
WARNING:  Option 'mip_integral_gap_abs' deprecated, please use 'mip_opt_gap_abs'.
WARNING:  Option 'mip_integral_gap_rel' deprecated, please use 'mip_opt_gap_rel'.
WARNING:  Option 'mip_integral_gap_abs' deprecated, please use 'mip_opt_gap_abs'.
WARNING:  Option 'mip_integral_gap_rel' deprecated, please use 'mip_opt_gap_rel'.
WARNING:  Option 'par_blasnumthreads' deprecated, please use 'blas_numthreads'.
WARNING:  Option 'par_concurrent_evals' deprecated, please use 'concurrent_evals'.
WARNING:  Option 'par_lsnumthreads' deprecated, please use 'linsolver_numthreads'.
WARNING:  Option 'par_conicnumthreads' deprecated, please use 'conic_numthreads'.
WARNING:  Option 'par_msnumthreads' deprecated, please use 'ms_numthreads'.
WARNING:  Option 'par_numthreads' deprecated, please use 'numthreads'.
diffTheory = diff = 0.1519684774892025
diffPreStep = diff = 0.015141068512143363
κ = 0.06420809457817289
κ_upper = 0.06420809457817289
κ_lower = 0.06420809457817289
θ_initial = [0.16666666666666669, 2.5, 0.9701548739451527, 0.898534602899728, 0.9256006070125016, 0.8675016084408224, 0.8634603053463782, 1.0, 1.0, 1.0, 1.0, 1.0, 1.0, 1.0, 1.0, 1.0, 1.0, 1.0, 1.0, 1.0, 1.0, 1.0, 1.0]
θ_initial_upper = [0.16666666666666669, 2.5, 0.9701548739451527, 0.898534602899728, 0.9256006070125016, 0.8675016084408224, 0.8634603053463782, 1.0, 1.0, 1.0, 1.0, 1.0, 1.0, 1.0, 1.0, 1.0, 1.0, 1.0, 1.0, 1.0, 1.0, 1.0, 1.0]
θ_initial_lower = [0.16666666666666669, 2.5, 0.9701548739451527, 0.898534602899728, 0.9256006070125016, 0.8675016084408224, 0.8634603053463782, 1.0, 1.0, 1.0, 1.0, 1.0, 1.0, 1.0, 1.0, 1.0, 1.0, 1.0, 1.0, 1.0, 1.0, 1.0, 1.0]
numMoments = 18
numMomentInnerSimple = 17
inequality_index = Int64[]
PMM = [-0.014664979927902281 -0.005935220396847227 -0.013986223392776819 -0.003852371890807344 0.006699597939990179 0.003289347825961807 0.005295866332722169 -0.00034646591202940237 0.006296473870416427 0.004646171273375345 0.00956705276408345 0.004082107584692901 -0.001765038842908199 1.9653221561696022e-5 -0.0014992153476952217 0.0011452448247125746 0.0016486937273406607 7.053695813710375e-17]
moments_with_var = [1, 2, 3, 4, 5, 6, 7, 8, 9, 10, 11, 12, 13, 14, 15, 16, 17]
moments_without_var = Int64[]
δ_star_initial = -0.0010029941762690656
val = 0.0010029941762690656
δ_star_initial_low = -0.0010029941762690656
val = 0.0010029941762690656
δ_star_initial_up = -0.0010029941762690656
δ_star_initial = -0.0010029941762690656
δ_grid = [1]
δ_grid_filtered = [1]
wall-clock budget override: maxtime_real=60.0s, maxit=1e6 (wall time is the binding stop criterion)
>>> Running D=4 short solve, direction=upper (find_smallest=true), gradient_method=hybrid, hessopt_tag=sr1, maxit=15, maxtime_real=60.0, h=0.01
WARNING:  Option 'mip_integral_gap_abs' deprecated, please use 'mip_opt_gap_abs'.
WARNING:  Option 'mip_integral_gap_rel' deprecated, please use 'mip_opt_gap_rel'.
WARNING:  Option 'mip_integral_gap_abs' deprecated, please use 'mip_opt_gap_abs'.
WARNING:  Option 'mip_integral_gap_rel' deprecated, please use 'mip_opt_gap_rel'.
KNITRO terminal: status=-411  gamma'_focal=0.8949650827290596  opt_err=0.004289914310598147  feas_err=3.298301965171113e-5  outer_iters=46  wall=60.8s
total Delta(w) evaluations (incl. FD gradient probes): 1399

==============================================================================
EXACT FRESH FEASIBILITY RECHECK
==============================================================================
[raw_terminal] gamma'_focal=0.8949650827290596  kappa=0.1688549566569637  Delta_dual=1.0000329830196515  Delta-delta=3.298301965148909e-5
         gravity_value=-4.228388472693467e-18  max_abs_moment_kkt_resid=5.409037662218452e-13  mean_m_resid=5.566658245470535e-13  inner_status=0
         w = [0.8949650827290596, 0.2559333344425383, 0.21134098436400553, 0.2899630286036848, 0.006060536373768988, 1.5289780610052894, 0.3170662876740025, 1.4290386074669592, 1.4420894455522923, 0.8298379344330695, 0.6855283226789719, 0.6674668384815978, 0.5150614358687824, 1.0734616016118395, 1.4540730599195217, 1.0489221937655806]
[best_feasible_tracked] gamma'_focal=0.8949527924224594  kappa=0.16887397970946216  Delta_dual=0.9998612267343832  Delta-delta=-0.00013877326561684278
         gravity_value=-6.071532165918825e-18  max_abs_moment_kkt_resid=5.591647145308798e-13  mean_m_resid=5.755396159656812e-13  inner_status=0
         w = [0.8949527924224594, 0.2572770730275723, 0.21197088013379592, 0.2904240931421674, 0.005374369466102099, 1.5293768015091909, 0.3181252024177385, 1.4286680344915443, 1.4421108663928435, 0.8297674488972602, 0.6851528932623605, 0.6684858940409786, 0.5146827385495372, 1.0656882932575424, 1.454083235478831, 1.0486182200485576]

STATUS LABEL: BEST_FEASIBLE_STALLED_OR_VERIFIED (external KKT stationarity NOT checked yet -- sec 22 not done this run)

gradient calls: 47 total (40 expensive/delta_fd, 7 cheap)  total gradient wall time=49.2s  total inner solves consumed by gradients=1327

Wrote /bbkinghome/edav/gravity_robustness/gravity-fullA-d4/results/fullA_d4/9e03706/optfd_upper_hybrid_sr1_20260718_073129
