WARNING:  Option 'mip_integral_gap_abs' deprecated, please use 'mip_opt_gap_abs'.
WARNING:  Option 'mip_integral_gap_rel' deprecated, please use 'mip_opt_gap_rel'.
WARNING:  Option 'mip_integral_gap_abs' deprecated, please use 'mip_opt_gap_abs'.
WARNING:  Option 'mip_integral_gap_rel' deprecated, please use 'mip_opt_gap_rel'.
WARNING:  Option 'mip_integral_gap_abs' deprecated, please use 'mip_opt_gap_abs'.
WARNING:  Option 'mip_integral_gap_rel' deprecated, please use 'mip_opt_gap_rel'.
WARNING:  Option 'mip_integral_gap_abs' deprecated, please use 'mip_opt_gap_abs'.
WARNING:  Option 'mip_integral_gap_rel' deprecated, please use 'mip_opt_gap_rel'.
WARNING:  Option 'par_blasnumthreads' deprecated, please use 'blas_numthreads'.
WARNING:  Option 'par_concurrent_evals' deprecated, please use 'concurrent_evals'.
WARNING:  Option 'par_lsnumthreads' deprecated, please use 'linsolver_numthreads'.
WARNING:  Option 'par_conicnumthreads' deprecated, please use 'conic_numthreads'.
WARNING:  Option 'par_msnumthreads' deprecated, please use 'ms_numthreads'.
WARNING:  Option 'par_numthreads' deprecated, please use 'numthreads'.
diffTheory = diff = 0.1519684774892025
diffPreStep = diff = 0.015141068512143363
κ = 0.06420809457817289
κ_upper = 0.06420809457817289
κ_lower = 0.06420809457817289
θ_initial = [0.16666666666666669, 2.5, 0.9701548739451527, 0.898534602899728, 0.9256006070125016, 0.8675016084408224, 0.8634603053463782, 1.0, 1.0, 1.0, 1.0, 1.0, 1.0, 1.0, 1.0, 1.0, 1.0, 1.0, 1.0, 1.0, 1.0, 1.0, 1.0]
θ_initial_upper = [0.16666666666666669, 2.5, 0.9701548739451527, 0.898534602899728, 0.9256006070125016, 0.8675016084408224, 0.8634603053463782, 1.0, 1.0, 1.0, 1.0, 1.0, 1.0, 1.0, 1.0, 1.0, 1.0, 1.0, 1.0, 1.0, 1.0, 1.0, 1.0]
θ_initial_lower = [0.16666666666666669, 2.5, 0.9701548739451527, 0.898534602899728, 0.9256006070125016, 0.8675016084408224, 0.8634603053463782, 1.0, 1.0, 1.0, 1.0, 1.0, 1.0, 1.0, 1.0, 1.0, 1.0, 1.0, 1.0, 1.0, 1.0, 1.0, 1.0]
numMoments = 18
numMomentInnerSimple = 17
inequality_index = Int64[]
PMM = [-0.014664979927902281 -0.005935220396847227 -0.013986223392776819 -0.003852371890807344 0.006699597939990179 0.003289347825961807 0.005295866332722169 -0.00034646591202940237 0.006296473870416427 0.004646171273375345 0.00956705276408345 0.004082107584692901 -0.001765038842908199 1.9653221561696022e-5 -0.0014992153476952217 0.0011452448247125746 0.0016486937273406607 7.053695813710375e-17]
moments_with_var = [1, 2, 3, 4, 5, 6, 7, 8, 9, 10, 11, 12, 13, 14, 15, 16, 17]
moments_without_var = Int64[]
δ_star_initial = -0.0010029941762690656
val = 0.0010029941762690656
δ_star_initial_low = -0.0010029941762690656
val = 0.0010029941762690656
δ_star_initial_up = -0.0010029941762690656
δ_star_initial = -0.0010029941762690656
δ_grid = [1]
δ_grid_filtered = [1]
wall-clock budget override: maxtime_real=60.0s, maxit=1e6 (wall time is the binding stop criterion)
>>> Running D=4 short solve, direction=upper (find_smallest=true), gradient_method=lfix_composite, hessopt_tag=sr1, maxit=15, maxtime_real=60.0, h=0.01
WARNING:  Option 'mip_integral_gap_abs' deprecated, please use 'mip_opt_gap_abs'.
WARNING:  Option 'mip_integral_gap_rel' deprecated, please use 'mip_opt_gap_rel'.
WARNING:  Option 'mip_integral_gap_abs' deprecated, please use 'mip_opt_gap_abs'.
WARNING:  Option 'mip_integral_gap_rel' deprecated, please use 'mip_opt_gap_rel'.
KNITRO terminal: status=-103  gamma'_focal=0.8926447538367671  opt_err=0.002081123468959769  feas_err=0.0  outer_iters=113  wall=42.7s
total Delta(w) evaluations (incl. FD gradient probes): 474

==============================================================================
EXACT FRESH FEASIBILITY RECHECK
==============================================================================
[raw_terminal] gamma'_focal=0.8926447538367671  kappa=0.17244329536877823  Delta_dual=0.9999868383512887  Delta-delta=-1.3161648711346174e-5
         gravity_value=-4.445228907190568e-18  max_abs_moment_kkt_resid=1.1723955140041654e-16  mean_m_resid=0.0  inner_status=0
         w = [0.8926447538367671, 0.15829438459203674, 0.03732548807256131, 0.1120335871816686, 0.1309784478213608, 1.4250048515396287, 0.2035019900249358, 1.2094958536829912, 1.3254063647509775, 0.704273099290117, 0.5486293919129815, 0.4902435780109872, 0.7199945722197768, 0.8802019026782619, 1.455880804198865, 0.3167209561193616]
[best_feasible_tracked] gamma'_focal=0.8926359584642946  kappa=0.17245688540655113  Delta_dual=0.9999924057789026  Delta-delta=-7.594221097417808e-6
         gravity_value=-3.577867169202165e-18  max_abs_moment_kkt_resid=1.3500311979441903e-16  mean_m_resid=1.1102230246251565e-16  inner_status=0
         w = [0.8926359584642946, 0.16935885803984474, 0.037584283338539824, 0.12216855636925181, 0.1378438125793156, 1.4358658074709083, 0.21920931970835777, 1.2241096016138515, 1.3275683327810723, 0.7077536256287202, 0.5456384492177044, 0.5135010576503252, 0.6960276724200908, 0.9333803510577844, 1.4851233069076464, 0.3113004424480845]

STATUS LABEL: BEST_FEASIBLE_STALLED_OR_VERIFIED (external KKT stationarity NOT checked yet -- sec 22 not done this run)

gradient calls: 114 total (0 expensive/delta_fd, 114 cheap)  total gradient wall time=20.9s  total inner solves consumed by gradients=114

Wrote /bbkinghome/edav/gravity_robustness/gravity-fullA-d4/results/fullA_d4/9e03706/optfd_upper_lfix_composite_sr1_20260718_072835
