WARNING:  Option 'mip_integral_gap_abs' deprecated, please use 'mip_opt_gap_abs'.
WARNING:  Option 'mip_integral_gap_rel' deprecated, please use 'mip_opt_gap_rel'.
WARNING:  Option 'mip_integral_gap_abs' deprecated, please use 'mip_opt_gap_abs'.
WARNING:  Option 'mip_integral_gap_rel' deprecated, please use 'mip_opt_gap_rel'.
WARNING:  Option 'mip_integral_gap_abs' deprecated, please use 'mip_opt_gap_abs'.
WARNING:  Option 'mip_integral_gap_rel' deprecated, please use 'mip_opt_gap_rel'.
WARNING:  Option 'mip_integral_gap_abs' deprecated, please use 'mip_opt_gap_abs'.
WARNING:  Option 'mip_integral_gap_rel' deprecated, please use 'mip_opt_gap_rel'.
WARNING:  Option 'mip_integral_gap_abs' deprecated, please use 'mip_opt_gap_abs'.
WARNING:  Option 'mip_integral_gap_rel' deprecated, please use 'mip_opt_gap_rel'.

[2439880] signal 11 (1): Segmentation fault
in expression starting at /bbkinghome/edav/gravity_robustness/trade_robustness_modular/run_master.jl:55
__intel_avx_rep_memset at /opt/shared_sw/knitro/13.0.1/lib/libknitro.so (unknown line)
KTR_solve at /opt/shared_sw/knitro/13.0.1/lib/libknitro.so (unknown line)
KTR_lsq_set_jac_callback64 at /opt/shared_sw/knitro/13.0.1/lib/libknitro.so (unknown line)
KTR_solve at /opt/shared_sw/knitro/13.0.1/lib/libknitro.so (unknown line)
KN_solve at /opt/shared_sw/knitro/13.0.1/lib/libknitro.so (unknown line)
secureexport_KTR_init_problem_Xpress at /opt/shared_sw/knitro/13.0.1/lib/libknitro.so (unknown line)
__kmp_invoke_microtask at /opt/shared_sw/knitro/13.0.1/lib/libiomp5.so (unknown line)
__kmp_fork_call at /opt/shared_sw/knitro/13.0.1/lib/libiomp5.so (unknown line)
__kmpc_fork_call at /opt/shared_sw/knitro/13.0.1/lib/libiomp5.so (unknown line)
secureexport_KTR_init_problem_Xpress at /opt/shared_sw/knitro/13.0.1/lib/libknitro.so (unknown line)
KTR_solve at /opt/shared_sw/knitro/13.0.1/lib/libknitro.so (unknown line)
KN_solve at /opt/shared_sw/knitro/13.0.1/lib/libknitro.so (unknown line)
KN_solve at /bbkinghome/edav/.julia/packages/KNITRO/LHqTK/src/libknitro.jl:1957 [inlined]
KN_solve at /bbkinghome/edav/.julia/packages/KNITRO/LHqTK/src/C_wrapper.jl:186 [inlined]
#outer_loop#41 at /bbkinghome/edav/gravity_robustness/trade_robustness_modular/cc_algo/outer_loop_functions.jl:93
outer_loop at /bbkinghome/edav/gravity_robustness/trade_robustness_modular/cc_algo/outer_loop_functions.jl:53 [inlined]
ccOuter at /bbkinghome/edav/gravity_robustness/trade_robustness_modular/cc_algo/ccOuter.jl:137
master_cc_algo at /bbkinghome/edav/gravity_robustness/trade_robustness_modular/cc_algo/master_cc_algo.jl:6
unknown function (ip: 0x7fa2bd3c625e) at (unknown file)
main at /bbkinghome/edav/gravity_robustness/trade_robustness_modular/run_master.jl:30
unknown function (ip: 0x7fa31c7c2e72) at (unknown file)
jl_apply at /cache/build/builder-amdci5-4/julialang/julia-release-1-dot-12/src/julia.h:2391 [inlined]
do_call at /cache/build/builder-amdci5-4/julialang/julia-release-1-dot-12/src/interpreter.c:123
eval_value at /cache/build/builder-amdci5-4/julialang/julia-release-1-dot-12/src/interpreter.c:243
eval_stmt_value at /cache/build/builder-amdci5-4/julialang/julia-release-1-dot-12/src/interpreter.c:194 [inlined]
eval_body at /cache/build/builder-amdci5-4/julialang/julia-release-1-dot-12/src/interpreter.c:707
jl_interpret_toplevel_thunk at /cache/build/builder-amdci5-4/julialang/julia-release-1-dot-12/src/interpreter.c:898
jl_toplevel_eval_flex at /cache/build/builder-amdci5-4/julialang/julia-release-1-dot-12/src/toplevel.c:1035
jl_toplevel_eval_flex at /cache/build/builder-amdci5-4/julialang/julia-release-1-dot-12/src/toplevel.c:975
ijl_toplevel_eval at /cache/build/builder-amdci5-4/julialang/julia-release-1-dot-12/src/toplevel.c:1047
ijl_toplevel_eval_in at /cache/build/builder-amdci5-4/julialang/julia-release-1-dot-12/src/toplevel.c:1092
eval at ./boot.jl:489
include_string at ./loading.jl:2874
_include at ./loading.jl:2934
include at ./Base.jl:306
exec_options at ./client.jl:317
_start at ./client.jl:550
jfptr__start_63319.1 at /bbkinghome/edav/.julia/juliaup/julia-1.12.6+0.x64.linux.gnu/lib/julia/sys.so (unknown line)
jl_apply at /cache/build/builder-amdci5-4/julialang/julia-release-1-dot-12/src/julia.h:2391 [inlined]
true_main at /cache/build/builder-amdci5-4/julialang/julia-release-1-dot-12/src/jlapi.c:971
jl_repl_entrypoint at /cache/build/builder-amdci5-4/julialang/julia-release-1-dot-12/src/jlapi.c:1139
main at /cache/build/builder-amdci5-4/julialang/julia-release-1-dot-12/cli/loader_exe.c:58
__libc_start_main at /lib64/libc.so.6 (unknown line)
unknown function (ip: 0x4010b8) at /workspace/srcdir/glibc-2.17/csu/../sysdeps/x86_64/start.S
Allocations: 164754652 (Pool: 164752194; Big: 2458); GC: 27
timeout: the monitored command dumped core
