WARNING:  Option 'mip_integral_gap_abs' deprecated, please use 'mip_opt_gap_abs'.
WARNING:  Option 'mip_integral_gap_rel' deprecated, please use 'mip_opt_gap_rel'.
WARNING:  Option 'mip_integral_gap_abs' deprecated, please use 'mip_opt_gap_abs'.
WARNING:  Option 'mip_integral_gap_rel' deprecated, please use 'mip_opt_gap_rel'.
WARNING:  Option 'mip_integral_gap_abs' deprecated, please use 'mip_opt_gap_abs'.
WARNING:  Option 'mip_integral_gap_rel' deprecated, please use 'mip_opt_gap_rel'.
WARNING:  Option 'mip_integral_gap_abs' deprecated, please use 'mip_opt_gap_abs'.
WARNING:  Option 'mip_integral_gap_rel' deprecated, please use 'mip_opt_gap_rel'.
WARNING:  Option 'mip_integral_gap_abs' deprecated, please use 'mip_opt_gap_abs'.
WARNING:  Option 'mip_integral_gap_rel' deprecated, please use 'mip_opt_gap_rel'.
WARNING:  Option 'mip_integral_gap_abs' deprecated, please use 'mip_opt_gap_abs'.
WARNING:  Option 'mip_integral_gap_rel' deprecated, please use 'mip_opt_gap_rel'.
WARNING:  Option 'mip_integral_gap_abs' deprecated, please use 'mip_opt_gap_abs'.
WARNING:  Option 'mip_integral_gap_rel' deprecated, please use 'mip_opt_gap_rel'.
WARNING:  Option 'mip_integral_gap_abs' deprecated, please use 'mip_opt_gap_abs'.
WARNING:  Option 'mip_integral_gap_rel' deprecated, please use 'mip_opt_gap_rel'.
WARNING:  Option 'mip_integral_gap_abs' deprecated, please use 'mip_opt_gap_abs'.
WARNING:  Option 'mip_integral_gap_rel' deprecated, please use 'mip_opt_gap_rel'.
WARNING:  Option 'mip_integral_gap_abs' deprecated, please use 'mip_opt_gap_abs'.
WARNING:  Option 'mip_integral_gap_rel' deprecated, please use 'mip_opt_gap_rel'.
WARNING:  Option 'mip_integral_gap_abs' deprecated, please use 'mip_opt_gap_abs'.
WARNING:  Option 'mip_integral_gap_rel' deprecated, please use 'mip_opt_gap_rel'.
WARNING:  Option 'mip_integral_gap_abs' deprecated, please use 'mip_opt_gap_abs'.
WARNING:  Option 'mip_integral_gap_rel' deprecated, please use 'mip_opt_gap_rel'.
WARNING:  Option 'mip_integral_gap_abs' deprecated, please use 'mip_opt_gap_abs'.
WARNING:  Option 'mip_integral_gap_rel' deprecated, please use 'mip_opt_gap_rel'.
WARNING:  Option 'mip_integral_gap_abs' deprecated, please use 'mip_opt_gap_abs'.
WARNING:  Option 'mip_integral_gap_rel' deprecated, please use 'mip_opt_gap_rel'.
WARNING:  Option 'mip_integral_gap_abs' deprecated, please use 'mip_opt_gap_abs'.
WARNING:  Option 'mip_integral_gap_rel' deprecated, please use 'mip_opt_gap_rel'.
WARNING:  Option 'mip_integral_gap_abs' deprecated, please use 'mip_opt_gap_abs'.
WARNING:  Option 'mip_integral_gap_rel' deprecated, please use 'mip_opt_gap_rel'.
WARNING:  Option 'mip_integral_gap_abs' deprecated, please use 'mip_opt_gap_abs'.
WARNING:  Option 'mip_integral_gap_rel' deprecated, please use 'mip_opt_gap_rel'.
WARNING:  Option 'mip_integral_gap_abs' deprecated, please use 'mip_opt_gap_abs'.
WARNING:  Option 'mip_integral_gap_rel' deprecated, please use 'mip_opt_gap_rel'.
WARNING:  Option 'mip_integral_gap_abs' deprecated, please use 'mip_opt_gap_abs'.
WARNING:  Option 'mip_integral_gap_rel' deprecated, please use 'mip_opt_gap_rel'.
WARNING:  Option 'mip_integral_gap_abs' deprecated, please use 'mip_opt_gap_abs'.
WARNING:  Option 'mip_integral_gap_rel' deprecated, please use 'mip_opt_gap_rel'.
WARNING:  Option 'mip_integral_gap_abs' deprecated, please use 'mip_opt_gap_abs'.
WARNING:  Option 'mip_integral_gap_rel' deprecated, please use 'mip_opt_gap_rel'.
WARNING:  Option 'mip_integral_gap_abs' deprecated, please use 'mip_opt_gap_abs'.
WARNING:  Option 'mip_integral_gap_rel' deprecated, please use 'mip_opt_gap_rel'.
WARNING:  Option 'mip_integral_gap_abs' deprecated, please use 'mip_opt_gap_abs'.
WARNING:  Option 'mip_integral_gap_rel' deprecated, please use 'mip_opt_gap_rel'.
WARNING:  Option 'mip_integral_gap_abs' deprecated, please use 'mip_opt_gap_abs'.
WARNING:  Option 'mip_integral_gap_rel' deprecated, please use 'mip_opt_gap_rel'.
WARNING:  Option 'mip_integral_gap_abs' deprecated, please use 'mip_opt_gap_abs'.
WARNING:  Option 'mip_integral_gap_rel' deprecated, please use 'mip_opt_gap_rel'.
WARNING:  Option 'mip_integral_gap_abs' deprecated, please use 'mip_opt_gap_abs'.
WARNING:  Option 'mip_integral_gap_rel' deprecated, please use 'mip_opt_gap_rel'.
WARNING:  Option 'mip_integral_gap_abs' deprecated, please use 'mip_opt_gap_abs'.
WARNING:  Option 'mip_integral_gap_rel' deprecated, please use 'mip_opt_gap_rel'.
WARNING:  Option 'mip_integral_gap_abs' deprecated, please use 'mip_opt_gap_abs'.
WARNING:  Option 'mip_integral_gap_rel' deprecated, please use 'mip_opt_gap_rel'.
WARNING:  Option 'mip_integral_gap_abs' deprecated, please use 'mip_opt_gap_abs'.
WARNING:  Option 'mip_integral_gap_rel' deprecated, please use 'mip_opt_gap_rel'.
WARNING:  Option 'mip_integral_gap_abs' deprecated, please use 'mip_opt_gap_abs'.
WARNING:  Option 'mip_integral_gap_rel' deprecated, please use 'mip_opt_gap_rel'.
WARNING:  Option 'mip_integral_gap_abs' deprecated, please use 'mip_opt_gap_abs'.
WARNING:  Option 'mip_integral_gap_rel' deprecated, please use 'mip_opt_gap_rel'.
WARNING:  Option 'mip_integral_gap_abs' deprecated, please use 'mip_opt_gap_abs'.
WARNING:  Option 'mip_integral_gap_rel' deprecated, please use 'mip_opt_gap_rel'.
WARNING:  Option 'mip_integral_gap_abs' deprecated, please use 'mip_opt_gap_abs'.
WARNING:  Option 'mip_integral_gap_rel' deprecated, please use 'mip_opt_gap_rel'.
WARNING:  Option 'mip_integral_gap_abs' deprecated, please use 'mip_opt_gap_abs'.
WARNING:  Option 'mip_integral_gap_rel' deprecated, please use 'mip_opt_gap_rel'.
WARNING:  Option 'mip_integral_gap_abs' deprecated, please use 'mip_opt_gap_abs'.
WARNING:  Option 'mip_integral_gap_rel' deprecated, please use 'mip_opt_gap_rel'.
WARNING:  Option 'mip_integral_gap_abs' deprecated, please use 'mip_opt_gap_abs'.
WARNING:  Option 'mip_integral_gap_rel' deprecated, please use 'mip_opt_gap_rel'.
WARNING:  Option 'mip_integral_gap_abs' deprecated, please use 'mip_opt_gap_abs'.
WARNING:  Option 'mip_integral_gap_rel' deprecated, please use 'mip_opt_gap_rel'.
WARNING:  Option 'mip_integral_gap_abs' deprecated, please use 'mip_opt_gap_abs'.
WARNING:  Option 'mip_integral_gap_rel' deprecated, please use 'mip_opt_gap_rel'.
WARNING:  Option 'mip_integral_gap_abs' deprecated, please use 'mip_opt_gap_abs'.
WARNING:  Option 'mip_integral_gap_rel' deprecated, please use 'mip_opt_gap_rel'.
WARNING:  Option 'mip_integral_gap_abs' deprecated, please use 'mip_opt_gap_abs'.
WARNING:  Option 'mip_integral_gap_rel' deprecated, please use 'mip_opt_gap_rel'.
WARNING:  Option 'mip_integral_gap_abs' deprecated, please use 'mip_opt_gap_abs'.
WARNING:  Option 'mip_integral_gap_rel' deprecated, please use 'mip_opt_gap_rel'.
WARNING:  Option 'mip_integral_gap_abs' deprecated, please use 'mip_opt_gap_abs'.
WARNING:  Option 'mip_integral_gap_rel' deprecated, please use 'mip_opt_gap_rel'.
WARNING:  Option 'mip_integral_gap_abs' deprecated, please use 'mip_opt_gap_abs'.
WARNING:  Option 'mip_integral_gap_rel' deprecated, please use 'mip_opt_gap_rel'.
WARNING:  Option 'mip_integral_gap_abs' deprecated, please use 'mip_opt_gap_abs'.
WARNING:  Option 'mip_integral_gap_rel' deprecated, please use 'mip_opt_gap_rel'.
WARNING:  Option 'mip_integral_gap_abs' deprecated, please use 'mip_opt_gap_abs'.
WARNING:  Option 'mip_integral_gap_rel' deprecated, please use 'mip_opt_gap_rel'.
diffTheory = diff = 0.1519684774892025
diffPreStep = diff = 0.015141068512143363
κ = 0.06861364605331755
κ_upper = 0.06861364605331755
κ_lower = 0.06861364605331755
θ_initial = [0.16666666666666669, 2.5, 0.9701548739451527, 0.898534602899728, 0.9256006070125016, 0.8675016084408224, 0.8634603053463782, 1.0, 1.0, 1.0, 1.0, 1.0, 1.0, 1.0, 1.0, 1.0, 1.0, 1.0, 1.0, 1.0, 1.0, 1.0, 1.0]
θ_initial_upper = [0.16666666666666669, 2.5, 0.9701548739451527, 0.898534602899728, 0.9256006070125016, 0.8675016084408224, 0.8634603053463782, 1.0, 1.0, 1.0, 1.0, 1.0, 1.0, 1.0, 1.0, 1.0, 1.0, 1.0, 1.0, 1.0, 1.0, 1.0, 1.0]
θ_initial_lower = [0.16666666666666669, 2.5, 0.9701548739451527, 0.898534602899728, 0.9256006070125016, 0.8675016084408224, 0.8634603053463782, 1.0, 1.0, 1.0, 1.0, 1.0, 1.0, 1.0, 1.0, 1.0, 1.0, 1.0, 1.0, 1.0, 1.0, 1.0, 1.0]
numMoments = 24
numMomentInnerSimple = 24
inequality_index = Int64[]
PMM = [-0.014664979927902281 -0.005935220396847227 -0.013986223392776819 -0.003852371890807344 0.006699597939990179 0.003289347825961807 0.005295866332722169 -0.00034646591202940237 0.006296473870416427 0.004646171273375345 0.00956705276408345 0.004082107584692901 -0.001765038842908199 1.9653221561696022e-5 -0.0014992153476952217 0.0011452448247125746 -0.0034339469604037906 0.0020199519240515413 -0.0006225196436665879 0.001028514606568682 0.0 0.0016486937273406607 0.0 0.0]
moments_with_var = [1, 2, 3, 4, 5, 6, 7, 8, 9, 10, 11, 12, 13, 14, 15, 16, 17, 18, 19, 20, 22]
moments_without_var = [21, 23, 24]
δ_star_initial = -0.0010029941762690331
val = 0.0010029941762690331
δ_star_initial_low = -0.0010029941762690331
val = 0.0010029941762690331
δ_star_initial_up = -0.0010029941762690331
δ_star_initial = -0.0010029941762690331
δ_grid = [1]
δ_grid_filtered = [1]
DG ============ PARAMETERS (θ, length=23) ============
DG idx : value            role
DG   1 : 0.16667          μ (Frechet dispersion, free)
DG   2 : 2.5              σ (elasticity, FIXED)
DG   3 : 0.97015          γ_θ[1] (baseline aux, free)
DG   4 : 0.89853          γ_θ[2] (baseline aux, free)
DG   5 : 0.9256           γ_θ[3] (baseline aux, free)
DG   6 : 0.8675           γ_θ[4] (baseline aux, free)
DG   7 : 0.86346          γ'_θ[baseIndex] (counterfactual aux, free)
DG   8 : 1.0              A[o=1,d=1] (FIXED=1, normalization)
DG   9 : 1.0              A[o=2,d=1] (free)
DG  10 : 1.0              A[o=3,d=1] (free)
DG  11 : 1.0              A[o=4,d=1] (free)
DG  12 : 1.0              A[o=1,d=2] (FIXED=1, normalization)
DG  13 : 1.0              A[o=2,d=2] (free)
DG  14 : 1.0              A[o=3,d=2] (free)
DG  15 : 1.0              A[o=4,d=2] (free)
DG  16 : 1.0              A[o=1,d=3] (FIXED=1, normalization)
DG  17 : 1.0              A[o=2,d=3] (free)
DG  18 : 1.0              A[o=3,d=3] (free)
DG  19 : 1.0              A[o=4,d=3] (free)
DG  20 : 1.0              A[o=1,d=4] (FIXED=1, normalization)
DG  21 : 1.0              A[o=2,d=4] (free)
DG  22 : 1.0              A[o=3,d=4] (free)
DG  23 : 1.0              A[o=4,d=4] (free)
DG ============ MOMENTS (d=24) ============
DG col : mean            std             label
DG   1 : -0.01466         0.6377           trade-share moment (o=1 -> d=1)
DG   2 : -0.005935        0.3886           trade-share moment (o=2 -> d=1)
DG   3 : -0.01399         0.5472           trade-share moment (o=3 -> d=1)
DG   4 : -0.003852        0.1681           trade-share moment (o=4 -> d=1)
DG   5 : 0.0067           0.4586           trade-share moment (o=1 -> d=2)
DG   6 : 0.003289         0.6607           trade-share moment (o=2 -> d=2)
DG   7 : 0.005296         0.4234           trade-share moment (o=3 -> d=2)
DG   8 : -0.0003465       0.3231           trade-share moment (o=4 -> d=2)
DG   9 : 0.006296         0.5968           trade-share moment (o=1 -> d=3)
DG  10 : 0.004646         0.4023           trade-share moment (o=2 -> d=3)
DG  11 : 0.009567         0.6708           trade-share moment (o=3 -> d=3)
DG  12 : 0.004082         0.2361           trade-share moment (o=4 -> d=3)
DG  13 : -0.001765        0.2112           trade-share moment (o=1 -> d=4)
DG  14 : 1.965e-5         0.327            trade-share moment (o=2 -> d=4)
DG  15 : -0.001499        0.2417           trade-share moment (o=3 -> d=4)
DG  16 : 0.001145         0.5582           trade-share moment (o=4 -> d=4)
DG  17 : -0.003434        0.4663           BASELINE price-index moment (d=1)
DG  18 : 0.00202          0.4756           BASELINE price-index moment (d=2)
DG  19 : -0.0006225       0.4745           BASELINE price-index moment (d=3)
DG  20 : 0.001029         0.4488           BASELINE price-index moment (d=4)
DG  21 : 0.0              0.0              counterfactual placeholder (d=1, autarky: unused)
DG  22 : 0.001649         0.4432           COUNTERFACTUAL price-index (d=baseIndex=2)
DG  23 : 0.0              0.0              counterfactual placeholder (d=3, autarky: unused)
DG  24 : 0.0              0.0              counterfactual placeholder (d=4, autarky: unused)
DG ============ REDUNDANCY CHECKS ============
DG  sum_o data_share[o->d=1] = 1.0
DG  sum_o data_share[o->d=2] = 1.0
DG  sum_o data_share[o->d=3] = 1.0
DG  sum_o data_share[o->d=4] = 1.0
DG  price-index col 17 vs sum(trade-share cols [1, 5, 9, 13]):  max|diff| = 8.88e-16
DG  price-index col 18 vs sum(trade-share cols [2, 6, 10, 14]):  max|diff| = 1.78e-15
DG  price-index col 19 vs sum(trade-share cols [3, 7, 11, 15]):  max|diff| = 8.88e-16
DG  price-index col 20 vs sum(trade-share cols [4, 8, 12, 16]):  max|diff| = 8.88e-16
DG  identically-zero moment columns: [21, 23, 24]
DG  (prep flagged moments_without_var; std==0 columns: [21, 23, 24])
DG ============ ANALYTICAL MAX BOUND ============
DG σ = 2.5   1/(σ-1) = 0.66667
DG  d=1: λ_dd = 0.495584   λ_dd^{1/(σ-1)} = 0.626246   1-λ_dd^{1/(σ-1)} = 0.373754
DG  d=2: λ_dd = 0.671546   λ_dd^{1/(σ-1)} = 0.766862   1-λ_dd^{1/(σ-1)} = 0.233138
DG  d=3: λ_dd = 0.548479   λ_dd^{1/(σ-1)} = 0.67005   1-λ_dd^{1/(σ-1)} = 0.32995
DG  d=4: λ_dd = 0.859143   λ_dd^{1/(σ-1)} = 0.90374   1-λ_dd^{1/(σ-1)} = 0.09626
DG  baseIndex d=2: λ_dd=0.671546  =>  λ_dd^{1/(σ-1)} = 0.766862   (compare to κ_upper=0.303)
DG ============ FLAT PROFILE (representative outer FG eval) ============
DG wrote scratch_exp/results/profile_flat.txt
DG DONE
DG_EXIT 0
