WARNING:  Option 'mip_integral_gap_abs' deprecated, please use 'mip_opt_gap_abs'.
WARNING:  Option 'mip_integral_gap_rel' deprecated, please use 'mip_opt_gap_rel'.
WARNING:  Option 'mip_integral_gap_abs' deprecated, please use 'mip_opt_gap_abs'.
WARNING:  Option 'mip_integral_gap_rel' deprecated, please use 'mip_opt_gap_rel'.
WARNING:  Option 'mip_integral_gap_abs' deprecated, please use 'mip_opt_gap_abs'.
WARNING:  Option 'mip_integral_gap_rel' deprecated, please use 'mip_opt_gap_rel'.
WARNING:  Option 'mip_integral_gap_abs' deprecated, please use 'mip_opt_gap_abs'.
WARNING:  Option 'mip_integral_gap_rel' deprecated, please use 'mip_opt_gap_rel'.
WARNING:  Option 'mip_integral_gap_abs' deprecated, please use 'mip_opt_gap_abs'.
WARNING:  Option 'mip_integral_gap_rel' deprecated, please use 'mip_opt_gap_rel'.
WARNING:  Option 'mip_integral_gap_abs' deprecated, please use 'mip_opt_gap_abs'.
WARNING:  Option 'mip_integral_gap_rel' deprecated, please use 'mip_opt_gap_rel'.
WARNING:  Option 'mip_integral_gap_abs' deprecated, please use 'mip_opt_gap_abs'.
WARNING:  Option 'mip_integral_gap_rel' deprecated, please use 'mip_opt_gap_rel'.
WARNING:  Option 'mip_integral_gap_abs' deprecated, please use 'mip_opt_gap_abs'.
WARNING:  Option 'mip_integral_gap_rel' deprecated, please use 'mip_opt_gap_rel'.
WARNING:  Option 'mip_integral_gap_abs' deprecated, please use 'mip_opt_gap_abs'.
WARNING:  Option 'mip_integral_gap_rel' deprecated, please use 'mip_opt_gap_rel'.
WARNING:  Option 'mip_integral_gap_abs' deprecated, please use 'mip_opt_gap_abs'.
WARNING:  Option 'mip_integral_gap_rel' deprecated, please use 'mip_opt_gap_rel'.
WARNING:  Option 'mip_integral_gap_abs' deprecated, please use 'mip_opt_gap_abs'.
WARNING:  Option 'mip_integral_gap_rel' deprecated, please use 'mip_opt_gap_rel'.
WARNING:  Option 'mip_integral_gap_abs' deprecated, please use 'mip_opt_gap_abs'.
WARNING:  Option 'mip_integral_gap_rel' deprecated, please use 'mip_opt_gap_rel'.
WARNING:  Option 'mip_integral_gap_abs' deprecated, please use 'mip_opt_gap_abs'.
WARNING:  Option 'mip_integral_gap_rel' deprecated, please use 'mip_opt_gap_rel'.
WARNING:  Option 'mip_integral_gap_abs' deprecated, please use 'mip_opt_gap_abs'.
WARNING:  Option 'mip_integral_gap_rel' deprecated, please use 'mip_opt_gap_rel'.
WARNING:  Option 'mip_integral_gap_abs' deprecated, please use 'mip_opt_gap_abs'.
WARNING:  Option 'mip_integral_gap_rel' deprecated, please use 'mip_opt_gap_rel'.
WARNING:  Option 'mip_integral_gap_abs' deprecated, please use 'mip_opt_gap_abs'.
WARNING:  Option 'mip_integral_gap_rel' deprecated, please use 'mip_opt_gap_rel'.
WARNING:  Option 'mip_integral_gap_abs' deprecated, please use 'mip_opt_gap_abs'.
WARNING:  Option 'mip_integral_gap_rel' deprecated, please use 'mip_opt_gap_rel'.
WARNING:  Option 'mip_integral_gap_abs' deprecated, please use 'mip_opt_gap_abs'.
WARNING:  Option 'mip_integral_gap_rel' deprecated, please use 'mip_opt_gap_rel'.
WARNING:  Option 'mip_integral_gap_abs' deprecated, please use 'mip_opt_gap_abs'.
WARNING:  Option 'mip_integral_gap_rel' deprecated, please use 'mip_opt_gap_rel'.
WARNING:  Option 'mip_integral_gap_abs' deprecated, please use 'mip_opt_gap_abs'.
WARNING:  Option 'mip_integral_gap_rel' deprecated, please use 'mip_opt_gap_rel'.
WARNING:  Option 'mip_integral_gap_abs' deprecated, please use 'mip_opt_gap_abs'.
WARNING:  Option 'mip_integral_gap_rel' deprecated, please use 'mip_opt_gap_rel'.
WARNING:  Option 'mip_integral_gap_abs' deprecated, please use 'mip_opt_gap_abs'.
WARNING:  Option 'mip_integral_gap_rel' deprecated, please use 'mip_opt_gap_rel'.
WARNING:  Option 'mip_integral_gap_abs' deprecated, please use 'mip_opt_gap_abs'.
WARNING:  Option 'mip_integral_gap_rel' deprecated, please use 'mip_opt_gap_rel'.
WARNING:  Option 'mip_integral_gap_abs' deprecated, please use 'mip_opt_gap_abs'.
WARNING:  Option 'mip_integral_gap_rel' deprecated, please use 'mip_opt_gap_rel'.
WARNING:  Option 'mip_integral_gap_abs' deprecated, please use 'mip_opt_gap_abs'.
WARNING:  Option 'mip_integral_gap_rel' deprecated, please use 'mip_opt_gap_rel'.
ERROR: LoadError: MethodError: no method matching print(::IOStream, ::Vector{UInt64}, ::Dict{UInt64, Vector{Base.StackTraces.StackFrame}}; IO::IOStream, format::Symbol, sortedby::Symbol, mincount::Int64)
You may have intended to import Base.print
This method does not support all of the given keyword arguments (and may not support any).

Closest candidates are:
  print(::IO, ::Vector{<:Unsigned}, ::Union{Dict{UInt64, Vector{Base.StackTraces.StackFrame}}, Dict{UInt64, Base.StackTraces.StackFrame}}; format, C, combine, maxdepth, mincount, noisefloor, sortedby, groupby, recur, threads, tasks) got unsupported keyword argument "IO"
   @ Profile ~/.julia/juliaup/julia-1.12.6+0.x64.linux.gnu/share/julia/stdlib/v1.12/Profile/src/Profile.jl:271
  print(::IO, ::Vector{<:Unsigned}; ...)
   @ Profile ~/.julia/juliaup/julia-1.12.6+0.x64.linux.gnu/share/julia/stdlib/v1.12/Profile/src/Profile.jl:271
  print(!Matched::String, !Matched::Int64, ::Any...; kwargs...)
   @ Profile ~/.julia/juliaup/julia-1.12.6+0.x64.linux.gnu/share/julia/stdlib/v1.12/Profile/src/Profile.jl:363
  ...

Stacktrace:
 [1] kwerr(::@NamedTuple{IO::IOStream, format::Symbol, sortedby::Symbol, mincount::Int64}, ::Function, ::IOStream, ::Vector{UInt64}, ::Dict{UInt64, Vector{Base.StackTraces.StackFrame}})
   @ Base ./error.jl:175
 [2] print(data::Vector{UInt64}, lidict::Dict{UInt64, Vector{Base.StackTraces.StackFrame}}; kwargs::@Kwargs{IO::IOStream, format::Symbol, sortedby::Symbol, mincount::Int64})
   @ Profile ~/.julia/juliaup/julia-1.12.6+0.x64.linux.gnu/share/julia/stdlib/v1.12/Profile/src/Profile.jl:379
 [3] (::var"#30#31")(io::IOStream)
   @ Main ~/gravity_robustness/trade_robustness_modular/profile_inner.jl:93
 [4] open(::var"#30#31", ::String, ::Vararg{String}; kwargs::@Kwargs{})
   @ Base ./io.jl:412
 [5] open(::Function, ::String, ::String)
   @ Base ./io.jl:409
 [6] top-level scope
   @ ~/gravity_robustness/trade_robustness_modular/profile_inner.jl:92
 [7] include(mod::Module, _path::String)
   @ Base ./Base.jl:306
 [8] exec_options(opts::Base.JLOptions)
   @ Base ./client.jl:317
 [9] _start()
   @ Base ./client.jl:550
in expression starting at /bbkinghome/edav/gravity_robustness/trade_robustness_modular/profile_inner.jl:92
diffTheory = diff = 0.1519684774892025
diffPreStep = diff = 0.015141068512143363
κ = 0.06861364605331755
κ_upper = 0.06861364605331755
κ_lower = 0.06861364605331755
θ_initial = [0.16666666666666669, 2.5, 0.9701548739451527, 0.898534602899728, 0.9256006070125016, 0.8675016084408224, 0.8634603053463782, 1.0, 1.0, 1.0, 1.0, 1.0, 1.0, 1.0, 1.0, 1.0, 1.0, 1.0, 1.0, 1.0, 1.0, 1.0, 1.0]
θ_initial_upper = [0.16666666666666669, 2.5, 0.9701548739451527, 0.898534602899728, 0.9256006070125016, 0.8675016084408224, 0.8634603053463782, 1.0, 1.0, 1.0, 1.0, 1.0, 1.0, 1.0, 1.0, 1.0, 1.0, 1.0, 1.0, 1.0, 1.0, 1.0, 1.0]
θ_initial_lower = [0.16666666666666669, 2.5, 0.9701548739451527, 0.898534602899728, 0.9256006070125016, 0.8675016084408224, 0.8634603053463782, 1.0, 1.0, 1.0, 1.0, 1.0, 1.0, 1.0, 1.0, 1.0, 1.0, 1.0, 1.0, 1.0, 1.0, 1.0, 1.0]
numMoments = 24
numMomentInnerSimple = 24
inequality_index = Int64[]
PMM = [-0.014664979927902281 -0.005935220396847227 -0.013986223392776819 -0.003852371890807344 0.006699597939990179 0.003289347825961807 0.005295866332722169 -0.00034646591202940237 0.006296473870416427 0.004646171273375345 0.00956705276408345 0.004082107584692901 -0.001765038842908199 1.9653221561696022e-5 -0.0014992153476952217 0.0011452448247125746 -0.0034339469604037906 0.0020199519240515413 -0.0006225196436665879 0.001028514606568682 0.0 0.0016486937273406607 0.0 0.0]
moments_with_var = [1, 2, 3, 4, 5, 6, 7, 8, 9, 10, 11, 12, 13, 14, 15, 16, 17, 18, 19, 20, 22]
moments_without_var = [21, 23, 24]
δ_star_initial = -0.0010029941762690331
val = 0.0010029941762690331
δ_star_initial_low = -0.0010029941762690331
val = 0.0010029941762690331
δ_star_initial_up = -0.0010029941762690331
δ_star_initial = -0.0010029941762690331
δ_grid = [1]
δ_grid_filtered = [1]
PB ==================== B1 PROFILE ====================
PB M(draws)=8000 d(moments)=24 l(theta)=23 x(inner vars)=25
PB EK_moments!            : 20.498 ms/call   alloc=5839280 B
PB Psi!  (M=8000)       : 80.06 us/call  alloc=0
PB dPsi! (M=8000)       : 69.1 us/call  alloc=0
PB ddPsi!(M=8000)       : 75.65 us/call  alloc=0
PB inner Q(x,g) obj+grad  : 333.58 us/call  alloc=416
PB inner_loop_internal(1) : 561.21 ms  (solves=1 iters=4)
PB calculate_jac_θ! (ana) : 369.53 ms/call  alloc=79776800
PB calculate_grad_k! (ana): 0.442 ms/call  alloc=75136
PB
PB ---- sampled @profile of 20 x [inner solve + bundle θ-grad/jac] ----
