diffTheory = diff = 0.1519684774892025
diffPreStep = diff = 0.015141068512143363
κ = 0.06420809457817289
κ_upper = 0.06420809457817289
κ_lower = 0.06420809457817289
θ_initial = [0.16666666666666669, 2.5, 0.9701548739451527, 0.898534602899728, 0.9256006070125016, 0.8675016084408224, 0.8634603053463782, 1.0, 1.0, 1.0, 1.0, 1.0, 1.0, 1.0, 1.0, 1.0, 1.0, 1.0, 1.0, 1.0, 1.0, 1.0, 1.0]
θ_initial_upper = [0.16666666666666669, 2.5, 0.9701548739451527, 0.898534602899728, 0.9256006070125016, 0.8675016084408224, 0.8634603053463782, 1.0, 1.0, 1.0, 1.0, 1.0, 1.0, 1.0, 1.0, 1.0, 1.0, 1.0, 1.0, 1.0, 1.0, 1.0, 1.0]
θ_initial_lower = [0.16666666666666669, 2.5, 0.9701548739451527, 0.898534602899728, 0.9256006070125016, 0.8675016084408224, 0.8634603053463782, 1.0, 1.0, 1.0, 1.0, 1.0, 1.0, 1.0, 1.0, 1.0, 1.0, 1.0, 1.0, 1.0, 1.0, 1.0, 1.0]
numMoments = 18
numMomentInnerSimple = 17
inequality_index = Int64[]
PMM = [-0.014664979927902281 -0.005935220396847227 -0.013986223392776819 -0.003852371890807344 0.006699597939990179 0.003289347825961807 0.005295866332722169 -0.00034646591202940237 0.006296473870416427 0.004646171273375345 0.00956705276408345 0.004082107584692901 -0.001765038842908199 1.9653221561696022e-5 -0.0014992153476952217 0.0011452448247125746 0.0016486937273406607 7.053695813710375e-17]
moments_with_var = [1, 2, 3, 4, 5, 6, 7, 8, 9, 10, 11, 12, 13, 14, 15, 16, 17]
moments_without_var = Int64[]
δ_star_initial = -0.0010029941762690656
val = 0.0010029941762690656
δ_star_initial_low = -0.0010029941762690656
val = 0.0010029941762690656
δ_star_initial_up = -0.0010029941762690656
δ_star_initial = -0.0010029941762690656
δ_grid = [1]
δ_grid_filtered = [1]
[smoke_unrestricted] family=:unrestricted  seed: gp_fixed=0.9609650007465946  Delta_dual=0.0008763309979072188  status=0
WARNING:  Option 'par_blasnumthreads' deprecated, please use 'blas_numthreads'.
WARNING:  Option 'par_concurrent_evals' deprecated, please use 'concurrent_evals'.
WARNING:  Option 'par_lsnumthreads' deprecated, please use 'linsolver_numthreads'.
WARNING:  Option 'par_conicnumthreads' deprecated, please use 'conic_numthreads'.
WARNING:  Option 'par_msnumthreads' deprecated, please use 'ms_numthreads'.
WARNING:  Option 'par_numthreads' deprecated, please use 'numthreads'.

=======================================
           Academic License
       (NOT FOR COMMERCIAL USE)
         Artelys Knitro 13.0.1
=======================================

  [smoke_unrestricted] eval 1 t=1.3s Delta=0.0008763309979072188 status=0
Knitro presolve eliminated 0 variables and 0 constraints.

algorithm:               3
bar_conic_enable:        0
hessopt:                 3
honorbnds:               1
maxit:                   8
maxtime_real:            60
numthreads:              1
outlev:                  3
restarts:                0
WARNING: Option ms_maxsolves was set, but option ms_enable='no'.
WARNING: Option ms_startptrange was set, but option ms_enable='no'.
The problem is identified as bound constrained only.

Problem Characteristics                                 (   Presolved)
-----------------------
Objective goal:  Minimize
Objective type:  general
Number of variables:                                 11 (          11)
    bounded below only:                               0 (           0)
    bounded above only:                               0 (           0)
    bounded below and above:                         11 (          11)
    fixed:                                            0 (           0)
    free:                                             0 (           0)
Number of constraints:                                0 (           0)
    linear equalities:                                0 (           0)
    quadratic equalities:                             0 (           0)
    gen. nonlinear equalities:                        0 (           0)
    linear one-sided inequalities:                    0 (           0)
    quadratic one-sided inequalities:                 0 (           0)
    gen. nonlinear one-sided inequalities:            0 (           0)
    linear two-sided inequalities:                    0 (           0)
    quadratic two-sided inequalities:                 0 (           0)
    gen. nonlinear two-sided inequalities:            0 (           0)
Number of nonzeros in Jacobian:                       0 (           0)
Number of nonzeros in Hessian:                        0 (          66)

Knitro using the Active-Set Conjugate Gradient algorithm.

  Iter      Objective      FeasError   OptError    ||Step||    CGits 
--------  --------------  ----------  ----------  ----------  -------
       0    8.763310e-04   0.000e+00
  [smoke_unrestricted] eval 2 t=4.1s Delta=0.0007060841207927372 status=0
       1    7.060841e-04   0.000e+00   6.916e-03   1.599e-02        1
  [smoke_unrestricted] eval 5 t=5.2s Delta=0.14644338935553225 status=0
       2    6.399577e-04   0.000e+00   1.583e-02   5.182e-02        7
  [smoke_unrestricted] eval 10 t=5.4s Delta=0.00038212304676961466 status=0
       3    3.821230e-04   0.000e+00   4.749e-03   1.641e-02        2
       4    3.153321e-04   0.000e+00   6.419e-03   1.789e-02        3
       5    2.804302e-04   0.000e+00   5.314e-03   7.828e-03        5
       6    2.040543e-04   0.000e+00   2.839e-03   3.165e-02        4
  [smoke_unrestricted] eval 20 t=5.8s Delta=0.0003810130378616999 status=0
       7    1.981856e-04   0.000e+00   7.552e-03   3.379e-02       14
       8    1.271445e-04   0.000e+00   2.590e-03   3.379e-02        6

EXIT: Iteration limit reached. Current point is feasible.

Final Statistics
----------------
Final objective value               =   1.27144548284809e-04
Final feasibility error (abs / rel) =   0.00e+00 / 0.00e+00
Final optimality error  (abs / rel) =   2.59e-03 / 2.59e-03
# of iterations                     =          8 
# of CG iterations                  =         42 
# of function evaluations           =         22
# of gradient evaluations           =          9
Total program time (secs)           =       4.82404 (     4.790 CPU time)
Time spent in evaluations (secs)    =       1.86298

===============================================================================

[smoke_unrestricted] PROFILED FAMILY SEARCH DONE: status=-400 wall=6.0s n_eval=22 n_grad=9
  best: Delta=0.00012714454828480885 found_at_eval=22 t=5.898623943328857s

SMOKE RESULT: family=unrestricted status=-400 n_eval=22 n_grad=9 wall=5.978319883346558s
HARNESS SMOKE TEST: PASS
restricted-arm-not-ready throws loudly: PASS
