diffTheory = diff = 0.1519684774892025
diffPreStep = diff = 0.015141068512143363
κ = 0.06420809457817289
κ_upper = 0.06420809457817289
κ_lower = 0.06420809457817289
θ_initial = [0.16666666666666669, 2.5, 0.9701548739451527, 0.898534602899728, 0.9256006070125016, 0.8675016084408224, 0.8634603053463782, 1.0, 1.0, 1.0, 1.0, 1.0, 1.0, 1.0, 1.0, 1.0, 1.0, 1.0, 1.0, 1.0, 1.0, 1.0, 1.0]
θ_initial_upper = [0.16666666666666669, 2.5, 0.9701548739451527, 0.898534602899728, 0.9256006070125016, 0.8675016084408224, 0.8634603053463782, 1.0, 1.0, 1.0, 1.0, 1.0, 1.0, 1.0, 1.0, 1.0, 1.0, 1.0, 1.0, 1.0, 1.0, 1.0, 1.0]
θ_initial_lower = [0.16666666666666669, 2.5, 0.9701548739451527, 0.898534602899728, 0.9256006070125016, 0.8675016084408224, 0.8634603053463782, 1.0, 1.0, 1.0, 1.0, 1.0, 1.0, 1.0, 1.0, 1.0, 1.0, 1.0, 1.0, 1.0, 1.0, 1.0, 1.0]
numMoments = 18
numMomentInnerSimple = 17
inequality_index = Int64[]
PMM = [-0.014664979927902281 -0.005935220396847227 -0.013986223392776819 -0.003852371890807344 0.006699597939990179 0.003289347825961807 0.005295866332722169 -0.00034646591202940237 0.006296473870416427 0.004646171273375345 0.00956705276408345 0.004082107584692901 -0.001765038842908199 1.9653221561696022e-5 -0.0014992153476952217 0.0011452448247125746 0.0016486937273406607 7.053695813710375e-17]
moments_with_var = [1, 2, 3, 4, 5, 6, 7, 8, 9, 10, 11, 12, 13, 14, 15, 16, 17]
moments_without_var = Int64[]
δ_star_initial = -0.0010029941762690656
val = 0.0010029941762690656
δ_star_initial_low = -0.0010029941762690656
val = 0.0010029941762690656
δ_star_initial_up = -0.0010029941762690656
δ_star_initial = -0.0010029941762690656
δ_grid = [1]
δ_grid_filtered = [1]
D4 calibration: Delta_dual=0.0008944064101798138  W=8000

==========================================================================================
(A) CODE-LEVEL NO-COUPLING (restriction beta slice never read directly)
==========================================================================================
flexible_CM      no-coupling bit_identical=true
common_Frechet   no-coupling bit_identical=true
ZC_only          no-coupling bit_identical=true
CM_plus_ZC       no-coupling bit_identical=true

==========================================================================================
(B) SHARED ENGINE vs FULL-REBUILD REFERENCE, MATCHED BANDWIDTH (realistic-scale restriction_contrib0)
==========================================================================================
flexible_CM      A-block(2:end): max_abs_err=4.3368e-18 max_rel_err=3.2860e-15  full cos_sim=1.0000000000  gp: shared=2.329601e-01 full_FD=2.329599e-01 diff=2.036e-07  t_shared=0.6675s t_full=0.7057s
common_Frechet   A-block(2:end): max_abs_err=5.6379e-18 max_rel_err=3.2855e-15  full cos_sim=1.0000000000  gp: shared=2.329601e-01 full_FD=2.329590e-01 diff=1.087e-06  t_shared=0.0725s t_full=0.0802s
ZC_only          A-block(2:end): max_abs_err=8.2399e-18 max_rel_err=5.4821e-15  full cos_sim=1.0000000000  gp: shared=2.329601e-01 full_FD=2.329598e-01 diff=3.092e-07  t_shared=0.1637s t_full=0.0772s
CM_plus_ZC       A-block(2:end): max_abs_err=5.6379e-18 max_rel_err=4.3869e-15  full cos_sim=1.0000000000  gp: shared=2.329601e-01 full_FD=2.329553e-01 diff=4.790e-06  t_shared=0.0775s t_full=0.0867s

==========================================================================================
(sanity) restriction_contrib0 MAGNITUDE does perturb the gradient baseline (expected, documents the honest scope of task §3's theorem)
==========================================================================================
zero-rc0 vs nonzero-rc0 gradients differ (expected): true

Wrote /bbkinghome/edav/gravity_robustness/worktrees/architecture-profiled-restricted-production-outer-bridge-2026-08-01/full_aod_diag/d4_exact/../../PROFILED_RESTRICTION_MOCK_FAMILY_GATE_2026-08-01.csv
9×4 DataFrame
 Row │ family          test                               pass  detail
     │ Symbol          String                             Bool  String
─────┼────────────────────────────────────────────────────────────────────────────────────────────
   1 │ flexible_CM     A_no_coupling_bit_identical        true  beta restriction slice scale 1.0…
   2 │ common_Frechet  A_no_coupling_bit_identical        true  beta restriction slice scale 1.0…
   3 │ ZC_only         A_no_coupling_bit_identical        true  beta restriction slice scale 1.0…
   4 │ CM_plus_ZC      A_no_coupling_bit_identical        true  beta restriction slice scale 1.0…
   5 │ flexible_CM     B_shared_vs_fullrebuild_matched_…  true  A-block(2:end) max_abs_err=4.337…
   6 │ common_Frechet  B_shared_vs_fullrebuild_matched_…  true  A-block(2:end) max_abs_err=5.638…
   7 │ ZC_only         B_shared_vs_fullrebuild_matched_…  true  A-block(2:end) max_abs_err=8.240…
   8 │ CM_plus_ZC      B_shared_vs_fullrebuild_matched_…  true  A-block(2:end) max_abs_err=5.638…
   9 │ flexible_CM     sanity_rc0_magnitude_perturbs_ba…  true  documents that gradient DOES dep…

MOCK FAMILY GATE: PASS
