diffTheory = diff = 0.1519684774892025
diffPreStep = diff = 0.015141068512143363
κ = 0.06420809457817289
κ_upper = 0.06420809457817289
κ_lower = 0.06420809457817289
θ_initial = [0.16666666666666669, 2.5, 0.9701548739451527, 0.898534602899728, 0.9256006070125016, 0.8675016084408224, 0.8634603053463782, 1.0, 1.0, 1.0, 1.0, 1.0, 1.0, 1.0, 1.0, 1.0, 1.0, 1.0, 1.0, 1.0, 1.0, 1.0, 1.0]
θ_initial_upper = [0.16666666666666669, 2.5, 0.9701548739451527, 0.898534602899728, 0.9256006070125016, 0.8675016084408224, 0.8634603053463782, 1.0, 1.0, 1.0, 1.0, 1.0, 1.0, 1.0, 1.0, 1.0, 1.0, 1.0, 1.0, 1.0, 1.0, 1.0, 1.0]
θ_initial_lower = [0.16666666666666669, 2.5, 0.9701548739451527, 0.898534602899728, 0.9256006070125016, 0.8675016084408224, 0.8634603053463782, 1.0, 1.0, 1.0, 1.0, 1.0, 1.0, 1.0, 1.0, 1.0, 1.0, 1.0, 1.0, 1.0, 1.0, 1.0, 1.0]
numMoments = 18
numMomentInnerSimple = 17
inequality_index = Int64[]
PMM = [-0.014664979927902281 -0.005935220396847227 -0.013986223392776819 -0.003852371890807344 0.006699597939990179 0.003289347825961807 0.005295866332722169 -0.00034646591202940237 0.006296473870416427 0.004646171273375345 0.00956705276408345 0.004082107584692901 -0.001765038842908199 1.9653221561696022e-5 -0.0014992153476952217 0.0011452448247125746 0.0016486937273406607 7.053695813710375e-17]
moments_with_var = [1, 2, 3, 4, 5, 6, 7, 8, 9, 10, 11, 12, 13, 14, 15, 16, 17]
moments_without_var = Int64[]
δ_star_initial = -0.0010029941762690656
val = 0.0010029941762690656
δ_star_initial_low = -0.0010029941762690656
val = 0.0010029941762690656
δ_star_initial_up = -0.0010029941762690656
δ_star_initial = -0.0010029941762690656
δ_grid = [1]
δ_grid_filtered = [1]
tag=D4  n_total=12

==========================================================================================
POINT: calibration
==========================================================================================
base Delta_dual=0.0008944064101798138  inner_status=0
pre-refactor: 1.96571s   shared-engine: 0.84141s
max_abs_err=0.0000e+00  max_rel_err=0.0000e+00  cos_sim=1.000000000000000
h_used bit-identical: true   switch_mass bit-identical: true   cache.q0 bit-identical: true

==========================================================================================
POINT: small_perturbation
==========================================================================================
base Delta_dual=0.000836505436409674  inner_status=0
pre-refactor: 0.07040s   shared-engine: 0.08172s
max_abs_err=0.0000e+00  max_rel_err=0.0000e+00  cos_sim=1.000000000000000
h_used bit-identical: true   switch_mass bit-identical: true   cache.q0 bit-identical: true

Wrote /bbkinghome/edav/gravity_robustness/worktrees/architecture-profiled-restricted-production-outer-bridge-2026-08-01/full_aod_diag/d4_exact/../../PROFILED_UNRESTRICTED_SHARED_ENGINE_REGRESSION_2026-08-01_D4.csv
2×9 DataFrame
 Row │ label               t_pre      t_shared   max_abs_err  max_rel_err  cos_sim  h_used_bit_identical  switch_mass_bit_identical  q0_bit_identical
     │ String              Float64    Float64    Float64      Float64      Float64  Bool                  Bool                       Bool
─────┼────────────────────────────────────────────────────────────────────────────────────────────────────────────────────────────────────────────────
   1 │ calibration         1.96571    0.841412           0.0          0.0      1.0                  true                       true              true
   2 │ small_perturbation  0.0704041  0.0817239          0.0          0.0      1.0                  true                       true              true

UNRESTRICTED REGRESSION (D4): PASS (bit-identical)
