Building real D=20 :exclude_row context at W=20000 ...
diffPreStep = diff = 1.3135165950576857
diffPreStep = diff = 5.216531473450914e-8
diffPreStep = diff = 5.216444343147941e-8
diffPreStep = diff = 5.216454912471136e-8
diffPreStep = diff = 5.216465392976488e-8
diffPreStep = diff = 5.2164759622996826e-8
diffPreStep = diff = 5.216486265169351e-8
diffPreStep = diff = 5.2164967456747036e-8
diffPreStep = diff = 5.216507137362214e-8
diffPreStep = diff = 5.2165181507746183e-8
diffPreStep = diff = 5.216528453644287e-8
diffPreStep = diff = 5.2165385788782714e-8
diffPreStep = diff = 5.216549237019308e-8
diffPreStep = diff = 5.2165594510711344e-8
diffPreStep = diff = 5.216570020394329e-8
diffPreStep = diff = 5.216580412081839e-8
diffPreStep = diff = 5.216590981405034e-8
diffPreStep = diff = 5.216601461910386e-8
diffPreStep = diff = 5.216611853597897e-8
diffPreStep = diff = 5.216622156467565e-8
diffPreStep = diff = 5.216632370519392e-8
diffPreStep = diff = 5.216642939842586e-8
diffPreStep = diff = 5.2166535091657806e-8
diffPreStep = diff = 5.216664078488975e-8
diffPreStep = diff = 5.2166742037229596e-8
diffPreStep = diff = 5.216684684228312e-8
diffPreStep = diff = 5.2166950759158226e-8
diffPreStep = diff = 5.216705911692543e-8
diffPreStep = diff = 5.2167163033800534e-8
diffPreStep = diff = 5.21672696152109e-8
diffPreStep = diff = 5.2167369979372324e-8
diffPreStep = diff = 5.216747389624743e-8
diffPreStep = diff = 5.216758136583621e-8
diffPreStep = diff = 5.21676843945329e-8
diffPreStep = diff = 5.21677927523001e-8
diffPreStep = diff = 5.216789489281837e-8
diffPreStep = diff = 5.216799703333663e-8
diffPreStep = diff = 5.2168103614747e-8
diffPreStep = diff = 5.216821019615736e-8
diffPreStep = diff = 5.2168312336675626e-8
diffPreStep = diff = 5.216841536537231e-8
diffPreStep = diff = 5.2168520170425836e-8
diffPreStep = diff = 5.216862586365778e-8
diffPreStep = diff = 5.2168730668711305e-8
diffPreStep = diff = 5.216883547376483e-8
diffPreStep = diff = 5.2168939390639935e-8
diffPreStep = diff = 5.216904241933662e-8
diffPreStep = diff = 5.216915077710382e-8
diffPreStep = diff = 5.216925114126525e-8
diffPreStep = diff = 5.2169353281783515e-8
diffPreStep = diff = 5.216945986319388e-8
diffPreStep = diff = 5.216956733278266e-8
diffPreStep = diff = 5.2169673914193027e-8
diffPreStep = diff = 5.216977783106813e-8
diffPreStep = diff = 5.216988085976482e-8
diffPreStep = diff = 5.216998211210466e-8
diffPreStep = diff = 5.2170089581693446e-8
diffPreStep = diff = 5.217019438674697e-8
diffPreStep = diff = 5.2170298303622076e-8
diffPreStep = diff = 5.217040577321086e-8
diffPreStep = diff = 5.2170507025550705e-8
diffPreStep = diff = 5.217061094242581e-8
diffPreStep = diff = 5.2170718412014594e-8
diffPreStep = diff = 5.21708223288897e-8
diffPreStep = diff = 5.2170925357586384e-8
diffPreStep = diff = 5.217103193899675e-8
diffPreStep = diff = 5.2171133191336594e-8
diffPreStep = diff = 5.217123888456854e-8
diffPreStep = diff = 5.21713454659789e-8
diffPreStep = diff = 5.217144938285401e-8
diffPreStep = diff = 5.217155418790753e-8
diffPreStep = diff = 5.21716563284258e-8
diffPreStep = diff = 5.217176113347932e-8
diffPreStep = diff = 5.2171866826711266e-8
diffPreStep = diff = 5.217197251994321e-8
diffPreStep = diff = 5.2172072884104637e-8
diffPreStep = diff = 5.217218035369342e-8
diffPreStep = diff = 5.2172285158746945e-8
diffPreStep = diff = 5.217238818744363e-8
diffPreStep = diff = 5.2172494768853994e-8
diffPreStep = diff = 5.21725986857291e-8
diffPreStep = diff = 5.2172701714425784e-8
diffPreStep = diff = 5.217280563130089e-8
diffPreStep = diff = 5.2172908659997574e-8
diffPreStep = diff = 5.217301524140794e-8
diffPreStep = diff = 5.2173119158283043e-8
diffPreStep = diff = 5.217322396333657e-8
diffPreStep = diff = 5.217332699203325e-8
diffPreStep = diff = 5.2173435349800457e-8
diffPreStep = diff = 5.217353749031872e-8
diffPreStep = diff = 5.2173644959907506e-8
diffPreStep = diff = 5.217374621224735e-8
diffPreStep = diff = 5.2173856346371394e-8
diffPreStep = diff = 5.217395493417598e-8
diffPreStep = diff = 5.2174059739229506e-8
diffPreStep = diff = 5.217416454428303e-8
diffPreStep = diff = 5.2174270237514975e-8
diffPreStep = diff = 5.217437593074692e-8
diffPreStep = diff = 5.2174478071265185e-8
diffPreStep = diff = 5.217458642903239e-8
diffPreStep = diff = 5.2174687681372234e-8
diffPreStep = diff = 5.21747898218905e-8
diffPreStep = diff = 5.217489995601454e-8
diffPreStep = diff = 5.217500298471123e-8
diffPreStep = diff = 5.217510867794317e-8
diffPreStep = diff = 5.217521170663986e-8
diffPreStep = diff = 5.217531651169338e-8
diffPreStep = diff = 5.2175420428568486e-8
diffPreStep = diff = 5.217552523362201e-8
diffPreStep = diff = 5.2175627374140277e-8
diffPreStep = diff = 5.217573395555064e-8
diffPreStep = diff = 5.2175839648782585e-8
diffPreStep = diff = 5.217594178930085e-8
diffPreStep = diff = 5.2176045706175955e-8
diffPreStep = diff = 5.217614962305106e-8
diffPreStep = diff = 5.217625886899668e-8
diffPreStep = diff = 5.217636100951495e-8
diffPreStep = diff = 5.2176464038211634e-8
diffPreStep = diff = 5.217657150780042e-8
diffPreStep = diff = 5.217667542467552e-8
diffPreStep = diff = 5.217677667701537e-8
diffPreStep = diff = 5.217688503478257e-8
diffPreStep = diff = 5.217698806347926e-8
diffPreStep = diff = 5.217709020399752e-8
diffPreStep = diff = 5.2177196785407887e-8
diffPreStep = diff = 5.217730247863983e-8
diffPreStep = diff = 5.2177406395514936e-8
diffPreStep = diff = 5.217751120056846e-8
diffPreStep = diff = 5.2177616893800405e-8
diffPreStep = diff = 5.217772169885393e-8
diffPreStep = diff = 5.2177825615729034e-8
diffPreStep = diff = 5.217793042078256e-8
diffPreStep = diff = 5.2178035225836084e-8
diffPreStep = diff = 5.217814091906803e-8
diffPreStep = diff = 5.2178237730515775e-8
diffPreStep = diff = 5.217834786463982e-8
diffPreStep = diff = 5.217845266969334e-8
diffPreStep = diff = 5.217855658656845e-8
diffPreStep = diff = 5.217865961526513e-8
diffPreStep = diff = 5.217876530849708e-8
diffPreStep = diff = 5.217886922537218e-8
diffPreStep = diff = 5.2178974030425707e-8
diffPreStep = diff = 5.217907972365765e-8
diffPreStep = diff = 5.2179185416889595e-8
diffPreStep = diff = 5.217928666922944e-8
diffPreStep = diff = 5.2179390586104546e-8
diffPreStep = diff = 5.217949805569333e-8
diffPreStep = diff = 5.2179603748925274e-8
diffPreStep = diff = 5.217970500126512e-8
diffPreStep = diff = 5.2179811582675484e-8
diffPreStep = diff = 5.217991638772901e-8
diffPreStep = diff = 5.218002208096095e-8
diffPreStep = diff = 5.21801233333008e-8
diffPreStep = diff = 5.218022813835432e-8
diffPreStep = diff = 5.218033294340785e-8
diffPreStep = diff = 5.218043863663979e-8
diffPreStep = diff = 5.218054166533648e-8
diffPreStep = diff = 5.218064647039e-8
diffPreStep = diff = 5.218074949908669e-8
diffPreStep = diff = 5.218085608049705e-8
diffPreStep = diff = 5.2180962661907415e-8
diffPreStep = diff = 5.218106746696094e-8
diffPreStep = diff = 5.2181167831122366e-8
diffPreStep = diff = 5.218127618888957e-8
diffPreStep = diff = 5.2181377441229415e-8
diffPreStep = diff = 5.218148224628294e-8
diffPreStep = diff = 5.2181587051336464e-8
diffPreStep = diff = 5.218169363274683e-8
diffPreStep = diff = 5.2181795773265094e-8
diffPreStep = diff = 5.218190501921072e-8
diffPreStep = diff = 5.21820080479074e-8
diffPreStep = diff = 5.218211107660409e-8
diffPreStep = diff = 5.218221676983603e-8
diffPreStep = diff = 5.21823189103543e-8
diffPreStep = diff = 5.218242460358624e-8
diffPreStep = diff = 5.2182529408639766e-8
diffPreStep = diff = 5.218263332551487e-8
diffPreStep = diff = 5.2182738130568396e-8
diffPreStep = diff = 5.218284471197876e-8
diffPreStep = diff = 5.2182949517032284e-8
diffPreStep = diff = 5.218304988119371e-8
diffPreStep = diff = 5.2183156462604074e-8
diffPreStep = diff = 5.218326215583602e-8
diffPreStep = diff = 5.2183364296354284e-8
diffPreStep = diff = 5.218347087776465e-8
diffPreStep = diff = 5.218357568281817e-8
diffPreStep = diff = 5.218367693515802e-8
diffPreStep = diff = 5.218378618110364e-8
diffPreStep = diff = 5.218388832162191e-8
diffPreStep = diff = 5.218399223849701e-8
diffPreStep = diff = 5.2184099708085796e-8
diffPreStep = diff = 5.218420273678248e-8
diffPreStep = diff = 5.2184306653657586e-8
diffPreStep = diff = 5.218441234688953e-8
diffPreStep = diff = 5.2184518040121475e-8
diffPreStep = diff = 5.218462195699658e-8
diffPreStep = diff = 5.2184725873871685e-8
diffPreStep = diff = 5.218483067892521e-8
diffPreStep = diff = 5.2184933707621894e-8
diffPreStep = diff = 5.2185037624497e-8
-9999999999999999999 = -9999999999999999999
κ = 0.011562504161350518
κ_upper = 0.011562504161350518
κ_lower = 0.011562504161350518
θ_initial = [0.0642957930521883, 2.5, 0.2773415085919591, 0.2934214176153531, 0.3441324347968138, 0.38044961795095256, 0.4318294893052899, 0.12559473162456866, 0.23561529160483352, 0.36925874259837405, 0.2895456280295678, 0.41419493805503, 0.2923143009252286, 0.3146882058014909, 0.21328882807301597, 0.2864837232209823, 0.45172318489572605, 0.40030961369628787, 0.31993421603159783, 0.44916225553944733, 0.14777533164056716, 0.12969332961140084, 0.2913810728662897, 1.0, 1.0, 1.0, 1.0, 1.0, 1.0, 1.0, 1.0, 1.0, 1.0, 1.0, 1.0, 1.0, 1.0, 1.0, 1.0, 1.0, 1.0, 1.0, 1.0, 1.0, 1.0, 1.0, 1.0, 1.0, 1.0, 1.0, 1.0, 1.0, 1.0, 1.0, 1.0, 1.0, 1.0, 1.0, 1.0, 1.0, 1.0, 1.0, 1.0, 1.0, 1.0, 1.0, 1.0, 1.0, 1.0, 1.0, 1.0, 1.0, 1.0, 1.0, 1.0, 1.0, 1.0, 1.0, 1.0, 1.0, 1.0, 1.0, 1.0, 1.0, 1.0, 1.0, 1.0, 1.0, 1.0, 1.0, 1.0, 1.0, 1.0, 1.0, 1.0, 1.0, 1.0, 1.0, 1.0, 1.0, 1.0, 1.0, 1.0, 1.0, 1.0, 1.0, 1.0, 1.0, 1.0, 1.0, 1.0, 1.0, 1.0, 1.0, 1.0, 1.0, 1.0, 1.0, 1.0, 1.0, 1.0, 1.0, 1.0, 1.0, 1.0, 1.0, 1.0, 1.0, 1.0, 1.0, 1.0, 1.0, 1.0, 1.0, 1.0, 1.0, 1.0, 1.0, 1.0, 1.0, 1.0, 1.0, 1.0, 1.0, 1.0, 1.0, 1.0, 1.0, 1.0, 1.0, 1.0, 1.0, 1.0, 1.0, 1.0, 1.0, 1.0, 1.0, 1.0, 1.0, 1.0, 1.0, 1.0, 1.0, 1.0, 1.0, 1.0, 1.0, 1.0, 1.0, 1.0, 1.0, 1.0, 1.0, 1.0, 1.0, 1.0, 1.0, 1.0, 1.0, 1.0, 1.0, 1.0, 1.0, 1.0, 1.0, 1.0, 1.0, 1.0, 1.0, 1.0, 1.0, 1.0, 1.0, 1.0, 1.0, 1.0, 1.0, 1.0, 1.0, 1.0, 1.0, 1.0, 1.0, 1.0, 1.0, 1.0, 1.0, 1.0, 1.0, 1.0, 1.0, 1.0, 1.0, 1.0, 1.0, 1.0, 1.0, 1.0, 1.0, 1.0, 1.0, 1.0, 1.0, 1.0, 1.0, 1.0, 1.0, 1.0, 1.0, 1.0, 1.0, 1.0, 1.0, 1.0, 1.0, 1.0, 1.0, 1.0, 1.0, 1.0, 1.0, 1.0, 1.0, 1.0, 1.0, 1.0, 1.0, 1.0, 1.0, 1.0, 1.0, 1.0, 1.0, 1.0, 1.0, 1.0, 1.0, 1.0, 1.0, 1.0, 1.0, 1.0, 1.0, 1.0, 1.0, 1.0, 1.0, 1.0, 1.0, 1.0, 1.0, 1.0, 1.0, 1.0, 1.0, 1.0, 1.0, 1.0, 1.0, 1.0, 1.0, 1.0, 1.0, 1.0, 1.0, 1.0, 1.0, 1.0, 1.0, 1.0, 1.0, 1.0, 1.0, 1.0, 1.0, 1.0, 1.0, 1.0, 1.0, 1.0, 1.0, 1.0, 1.0, 1.0, 1.0, 1.0, 1.0, 1.0, 1.0, 1.0, 1.0, 1.0, 1.0, 1.0, 1.0, 1.0, 1.0, 1.0, 1.0, 1.0, 1.0, 1.0, 1.0, 1.0, 1.0, 1.0, 1.0, 1.0, 1.0, 1.0, 1.0, 1.0, 1.0, 1.0, 1.0, 1.0, 1.0, 1.0, 1.0, 1.0, 1.0, 1.0, 1.0, 1.0, 1.0, 1.0, 1.0, 1.0, 1.0, 1.0, 1.0, 1.0, 1.0, 1.0, 1.0, 1.0, 1.0, 1.0, 1.0, 1.0, 1.0, 1.0, 1.0, 1.0, 1.0, 1.0, 1.0, 1.0, 1.0, 1.0, 1.0, 1.0, 1.0, 1.0, 1.0, 1.0, 1.0, 1.0, 1.0, 1.0, 1.0, 1.0, 1.0, 1.0, 1.0, 1.0, 1.0, 1.0, 1.0, 1.0, 1.0, 1.0, 1.0, 1.0, 1.0, 1.0, 1.0, 1.0, 1.0, 1.0, 1.0, 1.0]
θ_initial_upper = [0.0642957930521883, 2.5, 0.2773415085919591, 0.2934214176153531, 0.3441324347968138, 0.38044961795095256, 0.4318294893052899, 0.12559473162456866, 0.23561529160483352, 0.36925874259837405, 0.2895456280295678, 0.41419493805503, 0.2923143009252286, 0.3146882058014909, 0.21328882807301597, 0.2864837232209823, 0.45172318489572605, 0.40030961369628787, 0.31993421603159783, 0.44916225553944733, 0.14777533164056716, 0.12969332961140084, 0.2913810728662897, 1.0, 1.0, 1.0, 1.0, 1.0, 1.0, 1.0, 1.0, 1.0, 1.0, 1.0, 1.0, 1.0, 1.0, 1.0, 1.0, 1.0, 1.0, 1.0, 1.0, 1.0, 1.0, 1.0, 1.0, 1.0, 1.0, 1.0, 1.0, 1.0, 1.0, 1.0, 1.0, 1.0, 1.0, 1.0, 1.0, 1.0, 1.0, 1.0, 1.0, 1.0, 1.0, 1.0, 1.0, 1.0, 1.0, 1.0, 1.0, 1.0, 1.0, 1.0, 1.0, 1.0, 1.0, 1.0, 1.0, 1.0, 1.0, 1.0, 1.0, 1.0, 1.0, 1.0, 1.0, 1.0, 1.0, 1.0, 1.0, 1.0, 1.0, 1.0, 1.0, 1.0, 1.0, 1.0, 1.0, 1.0, 1.0, 1.0, 1.0, 1.0, 1.0, 1.0, 1.0, 1.0, 1.0, 1.0, 1.0, 1.0, 1.0, 1.0, 1.0, 1.0, 1.0, 1.0, 1.0, 1.0, 1.0, 1.0, 1.0, 1.0, 1.0, 1.0, 1.0, 1.0, 1.0, 1.0, 1.0, 1.0, 1.0, 1.0, 1.0, 1.0, 1.0, 1.0, 1.0, 1.0, 1.0, 1.0, 1.0, 1.0, 1.0, 1.0, 1.0, 1.0, 1.0, 1.0, 1.0, 1.0, 1.0, 1.0, 1.0, 1.0, 1.0, 1.0, 1.0, 1.0, 1.0, 1.0, 1.0, 1.0, 1.0, 1.0, 1.0, 1.0, 1.0, 1.0, 1.0, 1.0, 1.0, 1.0, 1.0, 1.0, 1.0, 1.0, 1.0, 1.0, 1.0, 1.0, 1.0, 1.0, 1.0, 1.0, 1.0, 1.0, 1.0, 1.0, 1.0, 1.0, 1.0, 1.0, 1.0, 1.0, 1.0, 1.0, 1.0, 1.0, 1.0, 1.0, 1.0, 1.0, 1.0, 1.0, 1.0, 1.0, 1.0, 1.0, 1.0, 1.0, 1.0, 1.0, 1.0, 1.0, 1.0, 1.0, 1.0, 1.0, 1.0, 1.0, 1.0, 1.0, 1.0, 1.0, 1.0, 1.0, 1.0, 1.0, 1.0, 1.0, 1.0, 1.0, 1.0, 1.0, 1.0, 1.0, 1.0, 1.0, 1.0, 1.0, 1.0, 1.0, 1.0, 1.0, 1.0, 1.0, 1.0, 1.0, 1.0, 1.0, 1.0, 1.0, 1.0, 1.0, 1.0, 1.0, 1.0, 1.0, 1.0, 1.0, 1.0, 1.0, 1.0, 1.0, 1.0, 1.0, 1.0, 1.0, 1.0, 1.0, 1.0, 1.0, 1.0, 1.0, 1.0, 1.0, 1.0, 1.0, 1.0, 1.0, 1.0, 1.0, 1.0, 1.0, 1.0, 1.0, 1.0, 1.0, 1.0, 1.0, 1.0, 1.0, 1.0, 1.0, 1.0, 1.0, 1.0, 1.0, 1.0, 1.0, 1.0, 1.0, 1.0, 1.0, 1.0, 1.0, 1.0, 1.0, 1.0, 1.0, 1.0, 1.0, 1.0, 1.0, 1.0, 1.0, 1.0, 1.0, 1.0, 1.0, 1.0, 1.0, 1.0, 1.0, 1.0, 1.0, 1.0, 1.0, 1.0, 1.0, 1.0, 1.0, 1.0, 1.0, 1.0, 1.0, 1.0, 1.0, 1.0, 1.0, 1.0, 1.0, 1.0, 1.0, 1.0, 1.0, 1.0, 1.0, 1.0, 1.0, 1.0, 1.0, 1.0, 1.0, 1.0, 1.0, 1.0, 1.0, 1.0, 1.0, 1.0, 1.0, 1.0, 1.0, 1.0, 1.0, 1.0, 1.0, 1.0, 1.0, 1.0, 1.0, 1.0, 1.0, 1.0, 1.0, 1.0, 1.0, 1.0, 1.0, 1.0, 1.0, 1.0, 1.0, 1.0, 1.0, 1.0, 1.0, 1.0, 1.0, 1.0, 1.0, 1.0, 1.0, 1.0, 1.0, 1.0, 1.0, 1.0, 1.0, 1.0]
θ_initial_lower = [0.0642957930521883, 2.5, 0.2773415085919591, 0.2934214176153531, 0.3441324347968138, 0.38044961795095256, 0.4318294893052899, 0.12559473162456866, 0.23561529160483352, 0.36925874259837405, 0.2895456280295678, 0.41419493805503, 0.2923143009252286, 0.3146882058014909, 0.21328882807301597, 0.2864837232209823, 0.45172318489572605, 0.40030961369628787, 0.31993421603159783, 0.44916225553944733, 0.14777533164056716, 0.12969332961140084, 0.2913810728662897, 1.0, 1.0, 1.0, 1.0, 1.0, 1.0, 1.0, 1.0, 1.0, 1.0, 1.0, 1.0, 1.0, 1.0, 1.0, 1.0, 1.0, 1.0, 1.0, 1.0, 1.0, 1.0, 1.0, 1.0, 1.0, 1.0, 1.0, 1.0, 1.0, 1.0, 1.0, 1.0, 1.0, 1.0, 1.0, 1.0, 1.0, 1.0, 1.0, 1.0, 1.0, 1.0, 1.0, 1.0, 1.0, 1.0, 1.0, 1.0, 1.0, 1.0, 1.0, 1.0, 1.0, 1.0, 1.0, 1.0, 1.0, 1.0, 1.0, 1.0, 1.0, 1.0, 1.0, 1.0, 1.0, 1.0, 1.0, 1.0, 1.0, 1.0, 1.0, 1.0, 1.0, 1.0, 1.0, 1.0, 1.0, 1.0, 1.0, 1.0, 1.0, 1.0, 1.0, 1.0, 1.0, 1.0, 1.0, 1.0, 1.0, 1.0, 1.0, 1.0, 1.0, 1.0, 1.0, 1.0, 1.0, 1.0, 1.0, 1.0, 1.0, 1.0, 1.0, 1.0, 1.0, 1.0, 1.0, 1.0, 1.0, 1.0, 1.0, 1.0, 1.0, 1.0, 1.0, 1.0, 1.0, 1.0, 1.0, 1.0, 1.0, 1.0, 1.0, 1.0, 1.0, 1.0, 1.0, 1.0, 1.0, 1.0, 1.0, 1.0, 1.0, 1.0, 1.0, 1.0, 1.0, 1.0, 1.0, 1.0, 1.0, 1.0, 1.0, 1.0, 1.0, 1.0, 1.0, 1.0, 1.0, 1.0, 1.0, 1.0, 1.0, 1.0, 1.0, 1.0, 1.0, 1.0, 1.0, 1.0, 1.0, 1.0, 1.0, 1.0, 1.0, 1.0, 1.0, 1.0, 1.0, 1.0, 1.0, 1.0, 1.0, 1.0, 1.0, 1.0, 1.0, 1.0, 1.0, 1.0, 1.0, 1.0, 1.0, 1.0, 1.0, 1.0, 1.0, 1.0, 1.0, 1.0, 1.0, 1.0, 1.0, 1.0, 1.0, 1.0, 1.0, 1.0, 1.0, 1.0, 1.0, 1.0, 1.0, 1.0, 1.0, 1.0, 1.0, 1.0, 1.0, 1.0, 1.0, 1.0, 1.0, 1.0, 1.0, 1.0, 1.0, 1.0, 1.0, 1.0, 1.0, 1.0, 1.0, 1.0, 1.0, 1.0, 1.0, 1.0, 1.0, 1.0, 1.0, 1.0, 1.0, 1.0, 1.0, 1.0, 1.0, 1.0, 1.0, 1.0, 1.0, 1.0, 1.0, 1.0, 1.0, 1.0, 1.0, 1.0, 1.0, 1.0, 1.0, 1.0, 1.0, 1.0, 1.0, 1.0, 1.0, 1.0, 1.0, 1.0, 1.0, 1.0, 1.0, 1.0, 1.0, 1.0, 1.0, 1.0, 1.0, 1.0, 1.0, 1.0, 1.0, 1.0, 1.0, 1.0, 1.0, 1.0, 1.0, 1.0, 1.0, 1.0, 1.0, 1.0, 1.0, 1.0, 1.0, 1.0, 1.0, 1.0, 1.0, 1.0, 1.0, 1.0, 1.0, 1.0, 1.0, 1.0, 1.0, 1.0, 1.0, 1.0, 1.0, 1.0, 1.0, 1.0, 1.0, 1.0, 1.0, 1.0, 1.0, 1.0, 1.0, 1.0, 1.0, 1.0, 1.0, 1.0, 1.0, 1.0, 1.0, 1.0, 1.0, 1.0, 1.0, 1.0, 1.0, 1.0, 1.0, 1.0, 1.0, 1.0, 1.0, 1.0, 1.0, 1.0, 1.0, 1.0, 1.0, 1.0, 1.0, 1.0, 1.0, 1.0, 1.0, 1.0, 1.0, 1.0, 1.0, 1.0, 1.0, 1.0, 1.0, 1.0, 1.0, 1.0, 1.0, 1.0, 1.0, 1.0, 1.0, 1.0, 1.0, 1.0, 1.0, 1.0, 1.0, 1.0, 1.0, 1.0, 1.0, 1.0, 1.0, 1.0, 1.0, 1.0, 1.0, 1.0, 1.0, 1.0]
numMoments = 382
numMomentInnerSimple = 381
inequality_index = Int64[]
PMM = [-0.0004813952981855003 9.920137337636883e-5 -0.0002720424152054025 0.000137076572091933 -1.572345259122392e-5 -0.0003073316566438555 -0.0001534289167964324 -4.418275809519525e-5 -0.0004133306138867977 0.0005378051369557424 -6.406421964274403e-5 -0.00012637433256454172 0.0006521317917338746 0.0002502208651139586 -3.37036815404903e-5 -0.00023726151624614778 -8.251487686825692e-5 -6.348002526336e-5 6.531011063724933e-5 3.279644350492556e-5 -0.0007391573202611141 0.0007030190123080686 -0.00015540484252303877 0.001128869451304442 -5.1515619716273256e-5 -0.0004158152601657694 -0.0004890723051110239 0.001310645564192897 -0.00021550354357358783 7.325698129361094e-5 -0.00017783295885173147 -0.00011011847122917144 0.0002459198681446789 -0.00034867832087979436 -9.000687034252212e-5 0.0002473827733559752 0.0005590187908071168 9.410094701761294e-5 -2.0789231327252056e-5 -3.2782509548203944e-6 -6.910043150784765e-5 -0.00014163302694297907 -5.4212988901906335e-5 0.00018409674989763826 0.0003212830363502827 0.00014320995722060518 -0.00018902685395667224 9.037167030552179e-5 -0.00012076121283332611 -0.000286713105870218 7.936104299181748e-5 0.00016677258527369616 0.00014035225338376346 -0.00036322842178221175 -0.00028996697724586806 0.00020970676566760485 -8.998364770732237e-5 0.00019003878988958865 0.00032383759002218963 -0.00015263074219621796 0.0014216129690157308 0.0005151699969622342 0.00028299198350378337 6.970055544416657e-5 -0.00017862896576995485 0.0002583833514588479 6.014119107567595e-5 0.00014053640086089664 0.0001778224033572379 0.0004410685219291678 0.0002190796629052985 0.00022259468672483732 0.00018681117067677788 0.00024097936050800382 0.0001465098072369797 -5.113089509069484e-5 -0.00024827854966696483 -0.0006061331402836649 -0.00015524332553403523 -0.0004844854355952648 -0.0029849898626050503 -0.00027877549055569615 1.7076949866630288e-5 -0.00043561673081876976 -0.00044189516010602087 -0.0002949243216677851 -0.0005594128938988666 -0.0009424019323265212 -0.00037418584490723583 -0.00018910608922852705 -0.0003487959280255767 -0.0003260640766539303 -0.0007945025648315678 -0.0005063686635513086 -0.0005866850872562903 0.0018076535331213556 0.0028972078337384495 0.0015832544186145815 0.0022267854373081136 0.0020887429499243724 0.003236588721021154 0.0019221365489163048 0.0020419421520307553 0.000494422583708341 0.0022392731375673984 0.0015311938814461677 0.002386044601830275 0.0016578836770893184 0.0029538929892674666 0.002051648099209077 0.0010177213388135582 0.003309954485561813 0.0020824792950381067 0.001293441725028711 -0.0004121632661028221 0.0011186282649229935 -0.0007687220450489855 0.0004177762115503455 0.0009315696510665848 0.0006764527013119388 0.0008360658881903628 0.0009296211777480594 0.000424491151369692 -9.7589981610723e-5 8.061282232999095e-5 -8.824971246382009e-5 -0.00011610434660399207 8.557691644572926e-5 -0.0004480584622083768 0.0003239338373767321 -0.0014938305834280741 -0.00012571360400068379 -0.0004333702183701827 0.00019553627333872238 -0.0002533169652984717 -4.751516960799135e-5 2.4776574304299115e-5 -0.00037104791043670725 2.2087973184341436e-5 0.0006815517247946855 0.00504679940394904 -0.00017093575645374547 -6.908064702501173e-5 6.168447045678791e-5 -0.0004902926890572659 0.00024916172103672313 5.520129192989352e-5 -0.000351173198977452 -0.0003302951500022874 -0.00011500430307296048 0.0003045544059620502 0.00015379347544609506 -1.9900131871253056e-5 0.0005526284097694229 2.6215261520108868e-5 0.0010221538053417176 4.3596126425164975e-5 0.0003829270809430947 7.439658884619365e-5 -0.000262380855693166 0.001256623378289321 0.00022142670837254038 0.00021934231240606171 -0.00021408121307099103 0.0005261178368811514 -4.783529501650787e-5 5.942209390957247e-5 0.0006549051656486509 0.0011898848665109097 0.0004818620908490033 0.0005244913528951779 -7.83327939098001e-5 -0.00028683011789312513 -0.0001239617756169368 -0.0002257435224666433 -0.0002449739092769415 -0.00023900655875619674 -0.0003859749328841282 -0.00014305869961093247 -0.0001227935178739992 0.0031066190880952357 0.00017535833778077131 2.369592421379516e-5 5.900550429349656e-5 -0.0002722931155531936 -0.0002254510037781447 -0.00012813280593133394 -0.00015206024504850788 2.8719359034433857e-5 -0.00012330794534644806 -7.38307745885087e-5 -0.00015996990139388123 0.0003343848216663831 -0.00020953958576966526 0.0005553816213052249 0.0003126662050723583 8.09037648493654e-5 2.8686949177736065e-6 -0.00011869896026486295 -0.00042233210355538197 0.006407821639636336 0.0002195782729142997 0.00020211352653921 1.98668338448309e-6 0.0001777024024299769 -0.0005368337793627347 -0.0001969127873966305 -8.397036915595466e-5 -0.0001899574613993671 -0.0003886620333004702 -0.00091825466646066 0.00045522100057947447 0.00014775297089911538 0.0006105792779286076 0.00015882057265268647 -0.0002757317901550225 -0.00041506838258839363 -6.7449427181584195e-6 -0.0001300122623097315 -0.00017707380766900593 -0.003914115500327798 -1.4000902532485604e-5 -7.126512507583138e-5 -0.00028962229562810187 -0.0004890772540580109 -0.0009075671049161399 -0.001278045697412874 -0.0002505086113076617 2.2714694711183348e-5 -0.00015302425308692734 -0.00013365647347460575 0.0002587807437476776 0.00021504914055687108 -0.0002879032914268473 -8.985483425335952e-5 -0.0002101701831053027 -0.0005341852458462096 -0.0004998978364589478 -0.00017538930490351473 5.155745888245122e-6 -0.0024990673940063547 -0.000732780586406623 -0.00021422134458952015 -0.00033962318280220225 0.0003937506761260243 -0.00011099001548410276 -0.0005099075001848553 6.559483801004362e-6 -0.00045420745330894874 -0.0005268879385696199 -0.0006808178112998936 -0.00024834180395688117 -0.00015331178357918257 2.1900249596534095e-5 -0.0003657212175198591 -0.0002551889537747632 -0.00027058363455601935 -0.00044853564581415634 -9.019854127504356e-5 -0.0005876055933848494 -0.0007161579140562032 -0.001346895809436678 -0.00035155114185041636 -0.00048128624376825774 -0.00023958769230964907 -0.0007329972560191731 -8.87527051078349e-5 -0.00043088437957681717 -0.00024034681979918563 -0.0002496701478641528 2.5054474491174393e-5 -0.00016311314217605695 -0.0003932558943416196 -0.00024096522287618224 -0.0001485735183131801 -5.1368806037530625e-5 -0.0001681245919131992 3.250551665736812e-5 5.839362591063545e-5 4.700387711722692e-5 -0.00039059253829869326 -5.132190049917904e-5 -1.645864302678216e-5 3.38298219391736e-5 -0.00019668027522490422 0.0001356644906010989 -0.0003678302034984816 0.0003629989691048857 0.00010572911746899742 0.0008733147978589357 3.9910471055756666e-5 0.0011902811113437912 0.00041052865234067053 -0.00017883199450920753 0.00018915179835202385 -0.00010110897808201529 0.0009258263323411379 0.00010421269892838665 0.00039812322670435327 0.00054119467220873 0.004447760739180906 0.00018813398195594927 9.553195476130794e-5 4.039652033274521e-5 -8.67588475074468e-5 -0.0011545530813846113 -0.000894740628706494 -0.0002515938505168661 -0.0009236968041628291 -0.0006965509949878073 -0.0005507147018868538 -0.0006887039980097919 -0.0002990905431259104 -7.425621042455342e-5 -0.0004212425190465937 -0.0004249101701101221 -0.00012955400323637483 -0.000737235214886979 -0.0003806074659305339 -0.000920604622712723 -0.00012726129520662007 0.00039107431495301055 -0.0003137348637449467 -5.772299680448638e-5 0.00018322687116107775 -9.017532458170702e-5 8.328549677535828e-5 0.00016001885186962776 -7.634079727626144e-5 0.0003570668518533228 0.0006695820404669119 0.00048361994352927323 0.00015015772720138566 0.00013455428631771693 -0.00012995923983162908 -5.868001641579038e-5 0.00023982802797687674 -2.039364516163651e-5 0.0005129834819054732 0.0008221862072676204 -0.00250561208328312 1.5231494756512932e-5 -1.707289347450589e-5 0.0005483224582683322 -4.7943736975484306e-5 -0.0014007413180283227 9.584712673686546e-5 0.0005461480820059228 -0.0006655257132506261 0.00031850443731207896 0.0005107330446608491 -0.00042835879013031317 4.9135734335488165e-5 0.0008359793824215543 -0.0007542710458868895 -0.00011972426677993737 0.0008168064408701802 0.000595448253509759 0.0006967501639620613 0.00034822955621191493 0.0025265710370634955 -0.0008168212423138226 -0.0002458585239054554 -1.4941060574566611e-5 -0.00131461996308376 -0.0038778339410899362 -0.0013576080049123795 -0.002242008363174723 -0.005203160509787025 -0.0021318957169154822 -0.002825870156967499 -0.005441289239023926 7.32918856507812e-5 2.876813440910091e-5 -0.001399544883145859 0.0001767463786841695 -0.0021549171656246 -0.0018623023816085513 -0.001013639208986844 -0.0004261161296638396 -0.0006589764392329622 -1.3942839938163587e-16]
moments_with_var = [1, 2, 3, 4, 5, 6, 7, 8, 9, 10, 11, 12, 13, 14, 15, 16, 17, 18, 19, 20, 21, 22, 23, 24, 25, 26, 27, 28, 29, 30, 31, 32, 33, 34, 35, 36, 37, 38, 39, 40, 41, 42, 43, 44, 45, 46, 47, 48, 49, 50, 51, 52, 53, 54, 55, 56, 57, 58, 59, 60, 61, 62, 63, 64, 65, 66, 67, 68, 69, 70, 71, 72, 73, 74, 75, 76, 77, 78, 79, 80, 81, 82, 83, 84, 85, 86, 87, 88, 89, 90, 91, 92, 93, 94, 95, 96, 97, 98, 99, 100, 101, 102, 103, 104, 105, 106, 107, 108, 109, 110, 111, 112, 113, 114, 115, 116, 117, 118, 119, 120, 121, 122, 123, 124, 125, 126, 127, 128, 129, 130, 131, 132, 133, 134, 135, 136, 137, 138, 139, 140, 141, 142, 143, 144, 145, 146, 147, 148, 149, 150, 151, 152, 153, 154, 155, 156, 157, 158, 159, 160, 161, 162, 163, 164, 165, 166, 167, 168, 169, 170, 171, 172, 173, 174, 175, 176, 177, 178, 179, 180, 181, 182, 183, 184, 185, 186, 187, 188, 189, 190, 191, 192, 193, 194, 195, 196, 197, 198, 199, 200, 201, 202, 203, 204, 205, 206, 207, 208, 209, 210, 211, 212, 213, 214, 215, 216, 217, 218, 219, 220, 221, 222, 223, 224, 225, 226, 227, 228, 229, 230, 231, 232, 233, 234, 235, 236, 237, 238, 239, 240, 241, 242, 243, 244, 245, 246, 247, 248, 249, 250, 251, 252, 253, 254, 255, 256, 257, 258, 259, 260, 261, 262, 263, 264, 265, 266, 267, 268, 269, 270, 271, 272, 273, 274, 275, 276, 277, 278, 279, 280, 281, 282, 283, 284, 285, 286, 287, 288, 289, 290, 291, 292, 293, 294, 295, 296, 297, 298, 299, 300, 301, 302, 303, 304, 305, 306, 307, 308, 309, 310, 311, 312, 313, 314, 315, 316, 317, 318, 319, 320, 321, 322, 323, 324, 325, 326, 327, 328, 329, 330, 331, 332, 333, 334, 335, 336, 337, 338, 339, 340, 341, 342, 343, 344, 345, 346, 347, 348, 349, 350, 351, 352, 353, 354, 355, 356, 357, 358, 359, 360, 361, 362, 363, 364, 365, 366, 367, 368, 369, 370, 371, 372, 373, 374, 375, 376, 377, 378, 379, 380, 381]
moments_without_var = Int64[]
δ_star_initial = -0.011467687162992107
val = 0.011467687162992107
δ_star_initial_low = -0.011467687162992107
val = 0.011467687162992107
δ_star_initial_up = -0.011467687162992107
δ_star_initial = -0.011467687162992107
δ_grid = [1]
δ_grid_filtered = [1]
tag=D20_W20000  n_total=361

==========================================================================================
POINT: calibration
==========================================================================================
base Delta_dual=0.011064940169534526  inner_status=0
pre-refactor: 9.98918s   shared-engine: 7.42265s
max_abs_err=0.0000e+00  max_rel_err=0.0000e+00  cos_sim=1.000000000000000
h_used bit-identical: true   switch_mass bit-identical: true   cache.q0 bit-identical: true

==========================================================================================
POINT: small_perturbation
==========================================================================================
base Delta_dual=0.011563192751465159  inner_status=0
pre-refactor: 7.39590s   shared-engine: 6.79277s
max_abs_err=0.0000e+00  max_rel_err=0.0000e+00  cos_sim=1.000000000000000
h_used bit-identical: true   switch_mass bit-identical: true   cache.q0 bit-identical: true

Wrote /bbkinghome/edav/gravity_robustness/worktrees/architecture-profiled-restricted-production-outer-bridge-2026-08-01/full_aod_diag/d4_exact/../../PROFILED_UNRESTRICTED_SHARED_ENGINE_REGRESSION_2026-08-01_D20_W20000.csv
2×9 DataFrame
 Row │ label               t_pre    t_shared  max_abs_err  max_rel_err  cos_sim  h_used_bit_identical  switch_mass_bit_identical  q0_bit_identical
     │ String              Float64  Float64   Float64      Float64      Float64  Bool                  Bool                       Bool
─────┼─────────────────────────────────────────────────────────────────────────────────────────────────────────────────────────────────────────────
   1 │ calibration         9.98918   7.42265          0.0          0.0      1.0                  true                       true              true
   2 │ small_perturbation  7.3959    6.79277          0.0          0.0      1.0                  true                       true              true

UNRESTRICTED REGRESSION (D20_W20000): PASS (bit-identical)
