diffTheory = diff = 0.1519684774892025
diffPreStep = diff = 0.015141068512143363
κ = 0.06420809457817289
κ_upper = 0.06420809457817289
κ_lower = 0.06420809457817289
θ_initial = [0.16666666666666669, 2.5, 0.9701548739451527, 0.898534602899728, 0.9256006070125016, 0.8675016084408224, 0.8634603053463782, 1.0, 1.0, 1.0, 1.0, 1.0, 1.0, 1.0, 1.0, 1.0, 1.0, 1.0, 1.0, 1.0, 1.0, 1.0, 1.0]
θ_initial_upper = [0.16666666666666669, 2.5, 0.9701548739451527, 0.898534602899728, 0.9256006070125016, 0.8675016084408224, 0.8634603053463782, 1.0, 1.0, 1.0, 1.0, 1.0, 1.0, 1.0, 1.0, 1.0, 1.0, 1.0, 1.0, 1.0, 1.0, 1.0, 1.0]
θ_initial_lower = [0.16666666666666669, 2.5, 0.9701548739451527, 0.898534602899728, 0.9256006070125016, 0.8675016084408224, 0.8634603053463782, 1.0, 1.0, 1.0, 1.0, 1.0, 1.0, 1.0, 1.0, 1.0, 1.0, 1.0, 1.0, 1.0, 1.0, 1.0, 1.0]
numMoments = 18
numMomentInnerSimple = 17
inequality_index = Int64[]
PMM = [-0.014664979927902281 -0.005935220396847227 -0.013986223392776819 -0.003852371890807344 0.006699597939990179 0.003289347825961807 0.005295866332722169 -0.00034646591202940237 0.006296473870416427 0.004646171273375345 0.00956705276408345 0.004082107584692901 -0.001765038842908199 1.9653221561696022e-5 -0.0014992153476952217 0.0011452448247125746 0.0016486937273406607 7.053695813710375e-17]
moments_with_var = [1, 2, 3, 4, 5, 6, 7, 8, 9, 10, 11, 12, 13, 14, 15, 16, 17]
moments_without_var = Int64[]
δ_star_initial = -0.0010029941762690656
val = 0.0010029941762690656
δ_star_initial_low = -0.0010029941762690656
val = 0.0010029941762690656
δ_star_initial_up = -0.0010029941762690656
δ_star_initial = -0.0010029941762690656
δ_grid = [1]
δ_grid_filtered = [1]
Step 0 (unmodified, single build, established path): max|q0_ref-q0_cp| = 8.326672684688674e-16

Step 1: fresh REBUILD of pcx/base with UNMODIFIED ctx.U (isolates rebuild mechanics from any tie construction)
  max|q0_ref_fresh - q0_cp_fresh| (Reference vs C+, both fresh-rebuilt, unmodified U) = 8.326672684688674e-16
  max|base_fresh.zeta* - base0.zeta*| = 0.0
  max|base_fresh.lambda* - base0.lambda*| = 0.0
  max|q0_ref_fresh - q0_ref0| = 0.0

Step 2: now apply the SAME near-tie U perturbation used in Section E (eps=1e-2, sign=+1) and repeat
  max|q0_ref_near - q0_cp_near| = 0.06114608192715229  worst idx=1
  q0_ref_near[worst]=-0.05380863451000319  q0_cp_near[worst]=0.007337447417149104
  Reference winner0[worst, d_tie=1] = 1
  C+ ref.winner[worst, d_tie=1]      = 1
  base_near.zeta* vs base0.zeta*: -0.003297336867014486 vs -0.0033034508392732163
  base_near.lambda* max diff from base0: 0.00218572127632366
  base_near nStatus: check inner solve status implicitly via no-throw (archC_verified_state)

Step 3: is the discrepancy located at d_tie=1 specifically, or spread elsewhere? Per-destination max|Δq0| contribution breakdown via contrib0
  max|Δcontrib0| by destination: [8.881784197001252e-16, 0.06114608192715226, 2.7755575615628914e-16, 4.440892098500626e-16]
  cf_contrib0 max diff: 0.0
DONE

Step 4: winner at d=2 (the ACTUAL discrepant destination, not d_tie=1) for ω=worst=1
  Reference winner0[1, 2] = 2   price = 0.7334209582999416
  Reference runnerup0[1, 2] = 3   price = 1.1175780692226271
  C+ ref.winner[1, 2] = 2
  TRUE price[ω=1, :, d=2] (direct factual_prices recompute) = [1.1758156029569105, 0.6461799831212391, 1.1175780692226271, 1.225606422451519]
  argmin = 2

Step 5: pTsigma reconstruction comparison at (omega=1, d=2, winner origin=2)
  Reference dense pTσ0[1,2,2] = 1.9251729416886474
  C+ log-score sw[1,2] = -0.3100354468512031  -> pTσ_from_score = 1.5920988389726156
  direct price_and_pTsigma_cell!(o=2,d=2) pTσ[ω=1] = 1.9251729416886474
  CONST_d[2] (should match between backends): ref=-0.40674751318637914  cp=-0.40674751318637914
  lambda*[d1w for o=2,d=2] = 0.22496324233204928

Step 6: FIX -- recompute gamma.Uσ consistently with Unear, retest
  max|q0_ref_near_fixed - q0_cp_near_fixed| (Uσ consistently recomputed) = 1.0547118733938987e-15
  Reference pTσ0[1,2,2] fixed = 1.5920988389726154
