WARNING:  Option 'mip_integral_gap_abs' deprecated, please use 'mip_opt_gap_abs'.
WARNING:  Option 'mip_integral_gap_rel' deprecated, please use 'mip_opt_gap_rel'.
WARNING:  Option 'mip_integral_gap_abs' deprecated, please use 'mip_opt_gap_abs'.
WARNING:  Option 'mip_integral_gap_rel' deprecated, please use 'mip_opt_gap_rel'.
WARNING:  Option 'mip_integral_gap_abs' deprecated, please use 'mip_opt_gap_abs'.
WARNING:  Option 'mip_integral_gap_rel' deprecated, please use 'mip_opt_gap_rel'.
WARNING:  Option 'mip_integral_gap_abs' deprecated, please use 'mip_opt_gap_abs'.
WARNING:  Option 'mip_integral_gap_rel' deprecated, please use 'mip_opt_gap_rel'.
WARNING:  Option 'mip_integral_gap_abs' deprecated, please use 'mip_opt_gap_abs'.
WARNING:  Option 'mip_integral_gap_rel' deprecated, please use 'mip_opt_gap_rel'.
WARNING:  Option 'mip_integral_gap_abs' deprecated, please use 'mip_opt_gap_abs'.
WARNING:  Option 'mip_integral_gap_rel' deprecated, please use 'mip_opt_gap_rel'.
WARNING:  Option 'mip_integral_gap_abs' deprecated, please use 'mip_opt_gap_abs'.
WARNING:  Option 'mip_integral_gap_rel' deprecated, please use 'mip_opt_gap_rel'.
WARNING:  Option 'mip_integral_gap_abs' deprecated, please use 'mip_opt_gap_abs'.
WARNING:  Option 'mip_integral_gap_rel' deprecated, please use 'mip_opt_gap_rel'.
WARNING:  Option 'mip_integral_gap_abs' deprecated, please use 'mip_opt_gap_abs'.
WARNING:  Option 'mip_integral_gap_rel' deprecated, please use 'mip_opt_gap_rel'.
WARNING:  Option 'mip_integral_gap_abs' deprecated, please use 'mip_opt_gap_abs'.
WARNING:  Option 'mip_integral_gap_rel' deprecated, please use 'mip_opt_gap_rel'.
WARNING:  Option 'mip_integral_gap_abs' deprecated, please use 'mip_opt_gap_abs'.
WARNING:  Option 'mip_integral_gap_rel' deprecated, please use 'mip_opt_gap_rel'.
WARNING:  Option 'mip_integral_gap_abs' deprecated, please use 'mip_opt_gap_abs'.
WARNING:  Option 'mip_integral_gap_rel' deprecated, please use 'mip_opt_gap_rel'.
WARNING:  Option 'mip_integral_gap_abs' deprecated, please use 'mip_opt_gap_abs'.
WARNING:  Option 'mip_integral_gap_rel' deprecated, please use 'mip_opt_gap_rel'.
WARNING:  Option 'mip_integral_gap_abs' deprecated, please use 'mip_opt_gap_abs'.
WARNING:  Option 'mip_integral_gap_rel' deprecated, please use 'mip_opt_gap_rel'.
WARNING:  Option 'mip_integral_gap_abs' deprecated, please use 'mip_opt_gap_abs'.
WARNING:  Option 'mip_integral_gap_rel' deprecated, please use 'mip_opt_gap_rel'.
WARNING:  Option 'mip_integral_gap_abs' deprecated, please use 'mip_opt_gap_abs'.
WARNING:  Option 'mip_integral_gap_rel' deprecated, please use 'mip_opt_gap_rel'.
WARNING:  Option 'mip_integral_gap_abs' deprecated, please use 'mip_opt_gap_abs'.
WARNING:  Option 'mip_integral_gap_rel' deprecated, please use 'mip_opt_gap_rel'.
WARNING:  Option 'mip_integral_gap_abs' deprecated, please use 'mip_opt_gap_abs'.
WARNING:  Option 'mip_integral_gap_rel' deprecated, please use 'mip_opt_gap_rel'.
============================================================================================
DENSE vs COMPRESSED benchmark  (NTHREADS=20)
============================================================================================
diffTheory = diff = 0.1519684774892025
diffPreStep = diff = 0.015141068512143363
κ = 0.06420809457817289
κ_upper = 0.06420809457817289
κ_lower = 0.06420809457817289
θ_initial = [0.16666666666666669, 2.5, 0.9701548739451527, 0.898534602899728, 0.9256006070125016, 0.8675016084408224, 0.8634603053463782, 1.0, 1.0, 1.0, 1.0, 1.0, 1.0, 1.0, 1.0, 1.0, 1.0, 1.0, 1.0, 1.0, 1.0, 1.0, 1.0]
θ_initial_upper = [0.16666666666666669, 2.5, 0.9701548739451527, 0.898534602899728, 0.9256006070125016, 0.8675016084408224, 0.8634603053463782, 1.0, 1.0, 1.0, 1.0, 1.0, 1.0, 1.0, 1.0, 1.0, 1.0, 1.0, 1.0, 1.0, 1.0, 1.0, 1.0]
θ_initial_lower = [0.16666666666666669, 2.5, 0.9701548739451527, 0.898534602899728, 0.9256006070125016, 0.8675016084408224, 0.8634603053463782, 1.0, 1.0, 1.0, 1.0, 1.0, 1.0, 1.0, 1.0, 1.0, 1.0, 1.0, 1.0, 1.0, 1.0, 1.0, 1.0]
numMoments = 18
numMomentInnerSimple = 17
inequality_index = Int64[]
PMM = [-0.014664979927902281 -0.005935220396847227 -0.013986223392776819 -0.003852371890807344 0.006699597939990179 0.003289347825961807 0.005295866332722169 -0.00034646591202940237 0.006296473870416427 0.004646171273375345 0.00956705276408345 0.004082107584692901 -0.001765038842908199 1.9653221561696022e-5 -0.0014992153476952217 0.0011452448247125746 0.0016486937273406607 7.053695813710375e-17]
moments_with_var = [1, 2, 3, 4, 5, 6, 7, 8, 9, 10, 11, 12, 13, 14, 15, 16, 17]
moments_without_var = Int64[]
δ_star_initial = -0.0010029941762690656
val = 0.0010029941762690656
δ_star_initial_low = -0.0010029941762690656
val = 0.0010029941762690656
δ_star_initial_up = -0.0010029941762690656
δ_star_initial = -0.0010029941762690656
δ_grid = [1]
δ_grid_filtered = [1]
--------------------------------------------------------------------------------------------
Dense factual-block component breakdown (D=4, W=8000), median of 50 reps:
  score (constCons/constConsσ, O(D^2))        :  0.00484 ms
  U^{-mu}/Uσ^{-mu} power transform (O(W·D))    :  1.78699 ms
  hard winner search over D origins (O(W·D^2)) :  0.14734 ms
  allocate+zero dense W×d output matrix        :  0.12133 ms
  (dense also: CES value for ALL D origins/dest + write D cols/dest + centering,
   all fused in hFunction!'s loop; compressed evaluates the CES value for the
   WINNER ONLY and never writes/allocs the dense matrix.)
--------------------------------------------------------------------------------------------
diffTheory = diff = 0.1519684774892025
diffPreStep = diff = 0.015141068512143363
κ = 0.06420809457817289
κ_upper = 0.06420809457817289
κ_lower = 0.06420809457817289
θ_initial = [0.16666666666666669, 2.5, 0.9701548739451527, 0.898534602899728, 0.9256006070125016, 0.8675016084408224, 0.8634603053463782, 1.0, 1.0, 1.0, 1.0, 1.0, 1.0, 1.0, 1.0, 1.0, 1.0, 1.0, 1.0, 1.0, 1.0, 1.0, 1.0]
θ_initial_upper = [0.16666666666666669, 2.5, 0.9701548739451527, 0.898534602899728, 0.9256006070125016, 0.8675016084408224, 0.8634603053463782, 1.0, 1.0, 1.0, 1.0, 1.0, 1.0, 1.0, 1.0, 1.0, 1.0, 1.0, 1.0, 1.0, 1.0, 1.0, 1.0]
θ_initial_lower = [0.16666666666666669, 2.5, 0.9701548739451527, 0.898534602899728, 0.9256006070125016, 0.8675016084408224, 0.8634603053463782, 1.0, 1.0, 1.0, 1.0, 1.0, 1.0, 1.0, 1.0, 1.0, 1.0, 1.0, 1.0, 1.0, 1.0, 1.0, 1.0]
numMoments = 18
numMomentInnerSimple = 17
inequality_index = Int64[]
PMM = [-0.014664979927902281 -0.005935220396847227 -0.013986223392776819 -0.003852371890807344 0.006699597939990179 0.003289347825961807 0.005295866332722169 -0.00034646591202940237 0.006296473870416427 0.004646171273375345 0.00956705276408345 0.004082107584692901 -0.001765038842908199 1.9653221561696022e-5 -0.0014992153476952217 0.0011452448247125746 0.0016486937273406607 7.053695813710375e-17]
moments_with_var = [1, 2, 3, 4, 5, 6, 7, 8, 9, 10, 11, 12, 13, 14, 15, 16, 17]
moments_without_var = Int64[]
δ_star_initial = -0.0010029941762690656
val = 0.0010029941762690656
δ_star_initial_low = -0.0010029941762690656
val = 0.0010029941762690656
δ_star_initial_up = -0.0010029941762690656
δ_star_initial = -0.0010029941762690656
δ_grid = [1]
δ_grid_filtered = [1]
D=4  W=8000   | build: dense   4.616 / comp   2.094 ms (2.20x) | contract: dense  0.1379 / comp  0.0620 ms (2.2x) | transp: dense  0.1265 / comp  0.0651 ms (1.9x) | CC v+g: dense   5.054 / comp   2.347 ms (2.15x)
            allocs: dense build   4123.1 KB / comp build   1190.5 KB (3.5x less)
diffTheory = diff = 0.1519684774892025
diffPreStep = diff = 0.015141068512143363
κ = 0.06420809457817289
κ_upper = 0.06420809457817289
κ_lower = 0.06420809457817289
θ_initial = [0.16666666666666669, 2.5, 0.9701548739451527, 0.898534602899728, 0.9256006070125016, 0.8675016084408224, 0.8634603053463782, 1.0, 1.0, 1.0, 1.0, 1.0, 1.0, 1.0, 1.0, 1.0, 1.0, 1.0, 1.0, 1.0, 1.0, 1.0, 1.0]
θ_initial_upper = [0.16666666666666669, 2.5, 0.9701548739451527, 0.898534602899728, 0.9256006070125016, 0.8675016084408224, 0.8634603053463782, 1.0, 1.0, 1.0, 1.0, 1.0, 1.0, 1.0, 1.0, 1.0, 1.0, 1.0, 1.0, 1.0, 1.0, 1.0, 1.0]
θ_initial_lower = [0.16666666666666669, 2.5, 0.9701548739451527, 0.898534602899728, 0.9256006070125016, 0.8675016084408224, 0.8634603053463782, 1.0, 1.0, 1.0, 1.0, 1.0, 1.0, 1.0, 1.0, 1.0, 1.0, 1.0, 1.0, 1.0, 1.0, 1.0, 1.0]
numMoments = 18
numMomentInnerSimple = 17
inequality_index = Int64[]
PMM = [0.0005705053357800927 -0.0005333375132338752 0.0011795752533446681 0.0006189876350118057 0.0007408812758826704 0.0022176950164446434 -0.000425341308310783 -0.0008090157485744402 3.754126242194032e-5 -7.410874030444772e-5 0.0005039229917604519 -0.00017274500187606438 -0.0005347701038001043 -0.0003556006419389028 -0.0005118826075208183 0.0008035976174684293 0.0012590865922284767 7.053695813710388e-17]
moments_with_var = [1, 2, 3, 4, 5, 6, 7, 8, 9, 10, 11, 12, 13, 14, 15, 16, 17]
moments_without_var = Int64[]
δ_star_initial = -7.349030232197745e-5
val = 7.349030232197745e-5
δ_star_initial_low = -7.349030232197745e-5
val = 7.349030232197745e-5
δ_star_initial_up = -7.349030232197745e-5
δ_star_initial = -7.349030232197745e-5
δ_grid = [1]
δ_grid_filtered = [1]
D=4  W=80000  | build: dense  49.084 / comp  21.853 ms (2.25x) | contract: dense  1.1758 / comp  0.4642 ms (2.5x) | transp: dense  0.1375 / comp  0.4534 ms (0.3x) | CC v+g: dense  53.890 / comp  23.346 ms (2.31x)
            allocs: dense build  40124.1 KB / comp build  11878.2 KB (3.4x less)
diffTheory = diff = 0.32299477917827635
diffPreStep = diff = 0.03816946975145408
κ = 0.07525339126693131
κ_upper = 0.07525339126693131
κ_lower = 0.07525339126693131
θ_initial = [0.16666666666666669, 2.5, 1.1034061223044802, 0.9266475913439726, 1.020501221283369, 0.9513979098933182, 1.1334109587373633, 0.9745963160730735, 0.8841546790419889, 1.0, 1.0, 1.0, 1.0, 1.0, 1.0, 1.0, 1.0, 1.0, 1.0, 1.0, 1.0, 1.0, 1.0, 1.0, 1.0, 1.0, 1.0, 1.0, 1.0, 1.0, 1.0, 1.0, 1.0, 1.0, 1.0, 1.0, 1.0, 1.0, 1.0, 1.0, 1.0, 1.0, 1.0, 1.0, 1.0]
θ_initial_upper = [0.16666666666666669, 2.5, 1.1034061223044802, 0.9266475913439726, 1.020501221283369, 0.9513979098933182, 1.1334109587373633, 0.9745963160730735, 0.8841546790419889, 1.0, 1.0, 1.0, 1.0, 1.0, 1.0, 1.0, 1.0, 1.0, 1.0, 1.0, 1.0, 1.0, 1.0, 1.0, 1.0, 1.0, 1.0, 1.0, 1.0, 1.0, 1.0, 1.0, 1.0, 1.0, 1.0, 1.0, 1.0, 1.0, 1.0, 1.0, 1.0, 1.0, 1.0, 1.0, 1.0]
θ_initial_lower = [0.16666666666666669, 2.5, 1.1034061223044802, 0.9266475913439726, 1.020501221283369, 0.9513979098933182, 1.1334109587373633, 0.9745963160730735, 0.8841546790419889, 1.0, 1.0, 1.0, 1.0, 1.0, 1.0, 1.0, 1.0, 1.0, 1.0, 1.0, 1.0, 1.0, 1.0, 1.0, 1.0, 1.0, 1.0, 1.0, 1.0, 1.0, 1.0, 1.0, 1.0, 1.0, 1.0, 1.0, 1.0, 1.0, 1.0, 1.0, 1.0, 1.0, 1.0, 1.0, 1.0]
numMoments = 38
numMomentInnerSimple = 37
inequality_index = Int64[]
PMM = [-0.010620423470830965 -0.00151119210841647 -0.007514302020467234 -0.004175258802975241 -0.008672283277812855 -0.006822022220964575 0.001964203518594448 0.0027663804660275513 0.001716768689625043 0.002699670631363537 0.005568887235554317 0.004572706818456139 0.006955560547048659 0.005426484254618144 0.006257881473101078 0.0038158101530845123 0.005494494098972102 0.0029922189215915483 -0.0008365661239121068 0.00025248799885046135 -0.00044512178241756616 -0.002448037663420456 0.0018379480239192087 -0.0005185402966401816 -0.0017001088839798196 -0.003142149598128795 -0.0018386231639119885 0.0011814303553087195 -0.00767598791565365 -0.004907003314169842 -0.0005082469245229182 -0.003022216971190176 -0.0022785399168023532 -0.0009448943680144219 -0.0004554361854545403 0.0017467991666425928 0.0016783641371917787 1.5060803219351066e-17]
moments_with_var = [1, 2, 3, 4, 5, 6, 7, 8, 9, 10, 11, 12, 13, 14, 15, 16, 17, 18, 19, 20, 21, 22, 23, 24, 25, 26, 27, 28, 29, 30, 31, 32, 33, 34, 35, 36, 37]
moments_without_var = Int64[]
δ_star_initial = -0.0029095309429463894
val = 0.0029095309429463894
δ_star_initial_low = -0.0029095309429463894
val = 0.0029095309429463894
δ_star_initial_up = -0.0029095309429463894
δ_star_initial = -0.0029095309429463894
δ_grid = [1]
δ_grid_filtered = [1]
D=6  W=8000   | build: dense  11.012 / comp   3.402 ms (3.24x) | contract: dense  0.3775 / comp  0.0902 ms (4.2x) | transp: dense  0.1916 / comp  0.0700 ms (2.7x) | CC v+g: dense  11.882 / comp   3.481 ms (3.41x)
            allocs: dense build   8153.5 KB / comp build   1692.2 KB (4.8x less)
diffTheory = diff = 0.2782529067360551
diffPreStep = diff = 0.033703101531156854
κ = 0.17740912359041483
κ_upper = 0.17740912359041483
κ_lower = 0.17740912359041483
θ_initial = [0.16666666666666657, 2.5, 0.971780795642097, 1.1284944865490585, 1.0888924607550616, 1.160370708914845, 1.0058010681699778, 1.1320809062026032, 1.067702804378265, 0.9791752269875125, 1.0037135210686785, 1.0, 1.0, 1.0, 1.0, 1.0, 1.0, 1.0, 1.0, 1.0, 1.0, 1.0, 1.0, 1.0, 1.0, 1.0, 1.0, 1.0, 1.0, 1.0, 1.0, 1.0, 1.0, 1.0, 1.0, 1.0, 1.0, 1.0, 1.0, 1.0, 1.0, 1.0, 1.0, 1.0, 1.0, 1.0, 1.0, 1.0, 1.0, 1.0, 1.0, 1.0, 1.0, 1.0, 1.0, 1.0, 1.0, 1.0, 1.0, 1.0, 1.0, 1.0, 1.0, 1.0, 1.0, 1.0, 1.0, 1.0, 1.0, 1.0, 1.0, 1.0, 1.0, 1.0, 1.0]
θ_initial_upper = [0.16666666666666657, 2.5, 0.971780795642097, 1.1284944865490585, 1.0888924607550616, 1.160370708914845, 1.0058010681699778, 1.1320809062026032, 1.067702804378265, 0.9791752269875125, 1.0037135210686785, 1.0, 1.0, 1.0, 1.0, 1.0, 1.0, 1.0, 1.0, 1.0, 1.0, 1.0, 1.0, 1.0, 1.0, 1.0, 1.0, 1.0, 1.0, 1.0, 1.0, 1.0, 1.0, 1.0, 1.0, 1.0, 1.0, 1.0, 1.0, 1.0, 1.0, 1.0, 1.0, 1.0, 1.0, 1.0, 1.0, 1.0, 1.0, 1.0, 1.0, 1.0, 1.0, 1.0, 1.0, 1.0, 1.0, 1.0, 1.0, 1.0, 1.0, 1.0, 1.0, 1.0, 1.0, 1.0, 1.0, 1.0, 1.0, 1.0, 1.0, 1.0, 1.0, 1.0, 1.0]
θ_initial_lower = [0.16666666666666657, 2.5, 0.971780795642097, 1.1284944865490585, 1.0888924607550616, 1.160370708914845, 1.0058010681699778, 1.1320809062026032, 1.067702804378265, 0.9791752269875125, 1.0037135210686785, 1.0, 1.0, 1.0, 1.0, 1.0, 1.0, 1.0, 1.0, 1.0, 1.0, 1.0, 1.0, 1.0, 1.0, 1.0, 1.0, 1.0, 1.0, 1.0, 1.0, 1.0, 1.0, 1.0, 1.0, 1.0, 1.0, 1.0, 1.0, 1.0, 1.0, 1.0, 1.0, 1.0, 1.0, 1.0, 1.0, 1.0, 1.0, 1.0, 1.0, 1.0, 1.0, 1.0, 1.0, 1.0, 1.0, 1.0, 1.0, 1.0, 1.0, 1.0, 1.0, 1.0, 1.0, 1.0, 1.0, 1.0, 1.0, 1.0, 1.0, 1.0, 1.0, 1.0, 1.0]
numMoments = 66
numMomentInnerSimple = 65
inequality_index = Int64[]
PMM = [-0.011306317664898714 -0.003234206853963143 -0.012901145710890384 -0.0035236950478839393 -0.0030171953162249645 -0.007109006974016461 -0.0037073204984953393 -0.001040193748154411 0.0004761887328166303 0.00010968205764839877 0.001733430770406605 -0.0007706920265457364 0.0024505536406172375 0.002981727421321052 0.004267739579126675 -0.00028753317681819856 0.004020063794839458 0.0007435460948704122 0.004879490252055946 0.0021177424849248795 0.0052495719416320325 0.00018625489971417175 0.0019653719058859488 0.0029880758326323443 -0.0006621609737959686 0.001257151249589139 0.00034533379078207103 0.0030093821295616597 0.0003982786253069125 0.0004129484268373547 0.00037442782753825064 0.001714362394635586 -0.0009796941717046675 -0.00115349529312312 -0.0015707174884029766 0.0007978320252183788 -0.011416466715807629 -0.00332711553229956 -0.008645780320485349 0.0007987944370046263 -0.003984958732111799 -0.0013603559221114971 -0.002057079320143604 -0.0020362463664288723 -0.0006376803105097064 -0.00751729271226384 -0.003862675501795772 -0.00048398112913819523 0.004768365397274236 0.003310326666397593 0.004701616633601232 0.0031735577681389717 0.001398021482029221 0.007108882319818731 0.006414898003722356 0.0030715102152882377 0.009672049789487757 0.010233802163708446 0.007465049316243973 0.00766795415281743 0.00713409134982064 0.008735732561746572 0.00852983633979903 0.004369748684257224 0.0016156459340536684 -4.568807830332469e-16]
moments_with_var = [1, 2, 3, 4, 5, 6, 7, 8, 9, 10, 11, 12, 13, 14, 15, 16, 17, 18, 19, 20, 21, 22, 23, 24, 25, 26, 27, 28, 29, 30, 31, 32, 33, 34, 35, 36, 37, 38, 39, 40, 41, 42, 43, 44, 45, 46, 47, 48, 49, 50, 51, 52, 53, 54, 55, 56, 57, 58, 59, 60, 61, 62, 63, 64, 65]
moments_without_var = Int64[]
δ_star_initial = -0.003980198773609106
val = 0.003980198773609106
δ_star_initial_low = -0.003980198773609106
val = 0.003980198773609106
δ_star_initial_up = -0.003980198773609106
δ_star_initial = -0.003980198773609106
δ_grid = [1]
δ_grid_filtered = [1]
D=8  W=8000   | build: dense  18.402 / comp   4.411 ms (4.17x) | contract: dense  1.0376 / comp  0.0955 ms (10.9x) | transp: dense  0.1494 / comp  0.0942 ms (1.6x) | CC v+g: dense  20.957 / comp   4.793 ms (4.37x)
            allocs: dense build  13689.3 KB / comp build   2194.1 KB (6.2x less)
diffTheory = diff = 0.5266127343523106
diffPreStep = diff = 0.057916191800821304
κ = 0.1903992002131849
κ_upper = 0.1903992002131849
κ_lower = 0.1903992002131849
θ_initial = [0.16666666666666666, 2.5, 1.0251192790461112, 1.119075564051579, 1.1106484041932259, 0.9485391014472084, 1.0077853842712898, 1.1474257060916715, 1.042028763973495, 1.0002260838376718, 1.0267267813260041, 1.0304188733515185, 0.9858752631969155, 1.0, 1.0, 1.0, 1.0, 1.0, 1.0, 1.0, 1.0, 1.0, 1.0, 1.0, 1.0, 1.0, 1.0, 1.0, 1.0, 1.0, 1.0, 1.0, 1.0, 1.0, 1.0, 1.0, 1.0, 1.0, 1.0, 1.0, 1.0, 1.0, 1.0, 1.0, 1.0, 1.0, 1.0, 1.0, 1.0, 1.0, 1.0, 1.0, 1.0, 1.0, 1.0, 1.0, 1.0, 1.0, 1.0, 1.0, 1.0, 1.0, 1.0, 1.0, 1.0, 1.0, 1.0, 1.0, 1.0, 1.0, 1.0, 1.0, 1.0, 1.0, 1.0, 1.0, 1.0, 1.0, 1.0, 1.0, 1.0, 1.0, 1.0, 1.0, 1.0, 1.0, 1.0, 1.0, 1.0, 1.0, 1.0, 1.0, 1.0, 1.0, 1.0, 1.0, 1.0, 1.0, 1.0, 1.0, 1.0, 1.0, 1.0, 1.0, 1.0, 1.0, 1.0, 1.0, 1.0, 1.0, 1.0, 1.0, 1.0]
θ_initial_upper = [0.16666666666666666, 2.5, 1.0251192790461112, 1.119075564051579, 1.1106484041932259, 0.9485391014472084, 1.0077853842712898, 1.1474257060916715, 1.042028763973495, 1.0002260838376718, 1.0267267813260041, 1.0304188733515185, 0.9858752631969155, 1.0, 1.0, 1.0, 1.0, 1.0, 1.0, 1.0, 1.0, 1.0, 1.0, 1.0, 1.0, 1.0, 1.0, 1.0, 1.0, 1.0, 1.0, 1.0, 1.0, 1.0, 1.0, 1.0, 1.0, 1.0, 1.0, 1.0, 1.0, 1.0, 1.0, 1.0, 1.0, 1.0, 1.0, 1.0, 1.0, 1.0, 1.0, 1.0, 1.0, 1.0, 1.0, 1.0, 1.0, 1.0, 1.0, 1.0, 1.0, 1.0, 1.0, 1.0, 1.0, 1.0, 1.0, 1.0, 1.0, 1.0, 1.0, 1.0, 1.0, 1.0, 1.0, 1.0, 1.0, 1.0, 1.0, 1.0, 1.0, 1.0, 1.0, 1.0, 1.0, 1.0, 1.0, 1.0, 1.0, 1.0, 1.0, 1.0, 1.0, 1.0, 1.0, 1.0, 1.0, 1.0, 1.0, 1.0, 1.0, 1.0, 1.0, 1.0, 1.0, 1.0, 1.0, 1.0, 1.0, 1.0, 1.0, 1.0, 1.0]
θ_initial_lower = [0.16666666666666666, 2.5, 1.0251192790461112, 1.119075564051579, 1.1106484041932259, 0.9485391014472084, 1.0077853842712898, 1.1474257060916715, 1.042028763973495, 1.0002260838376718, 1.0267267813260041, 1.0304188733515185, 0.9858752631969155, 1.0, 1.0, 1.0, 1.0, 1.0, 1.0, 1.0, 1.0, 1.0, 1.0, 1.0, 1.0, 1.0, 1.0, 1.0, 1.0, 1.0, 1.0, 1.0, 1.0, 1.0, 1.0, 1.0, 1.0, 1.0, 1.0, 1.0, 1.0, 1.0, 1.0, 1.0, 1.0, 1.0, 1.0, 1.0, 1.0, 1.0, 1.0, 1.0, 1.0, 1.0, 1.0, 1.0, 1.0, 1.0, 1.0, 1.0, 1.0, 1.0, 1.0, 1.0, 1.0, 1.0, 1.0, 1.0, 1.0, 1.0, 1.0, 1.0, 1.0, 1.0, 1.0, 1.0, 1.0, 1.0, 1.0, 1.0, 1.0, 1.0, 1.0, 1.0, 1.0, 1.0, 1.0, 1.0, 1.0, 1.0, 1.0, 1.0, 1.0, 1.0, 1.0, 1.0, 1.0, 1.0, 1.0, 1.0, 1.0, 1.0, 1.0, 1.0, 1.0, 1.0, 1.0, 1.0, 1.0, 1.0, 1.0, 1.0, 1.0]
numMoments = 102
numMomentInnerSimple = 101
inequality_index = Int64[]
PMM = [-0.009853880998667552 -0.0019849035966354226 -0.00501261468304523 -0.004400319442796806 -0.00308790569230393 -0.006454572559465355 -0.006770188984177524 -0.001173034277690251 -0.008496975744539469 -0.005865788774480087 -0.0006789632639353242 -0.0074835561556690616 0.0014945975508838059 -0.001699407953794355 0.0010802486750238567 9.052624864479775e-5 0.0014398004509788068 -0.0042979393601814105 -0.00023380736633402577 0.0021786523971636996 0.0029020069333772465 0.0034059846490361134 0.006500367346622861 0.0008107825148975482 0.0038238416294828314 0.004032147846747069 0.0017267139544759824 0.0034704898002962344 0.0031418713429646893 0.005962377921928385 1.1398497224027082e-5 0.004899252279767259 0.0017010380559743976 -0.0014275655165059433 0.0016485062658132704 -0.0001703673461563453 0.001806094968125386 0.000340057223440521 0.0025875355801568112 0.0010831887111133027 -0.0054396371051942975 -0.0005017552104653363 -0.00722251999689926 0.0012789027601286525 -0.010719938727202727 -0.007236939033325793 -0.006504271926924076 0.0011655349133724011 -0.0037613618772693903 -0.00693053463871183 0.002798908898014055 -0.002127594818635502 -0.0025385175431696626 -0.0011702945266337272 -0.0016602037405965282 0.0005818339922702615 -0.0005696882570826384 -0.000339840921018379 0.0006131008046141432 -0.0009514140746455886 0.007601555178904102 0.005193509347712122 0.004996822358344498 0.005355593966368616 0.004996732385525906 0.005959806236633459 0.011152899149332563 0.0036331515969480364 0.004224202402098838 0.0017550890066645054 0.007251895981867223 0.011384118063363353 0.0067450378523873835 0.011152915304560697 0.006216011134128326 0.006714626727584615 0.008210867529670028 0.01120817784878781 0.010070574410249595 0.007285069993266665 -0.009111355729906553 -0.009023119914350588 -0.007266301265886101 -0.00620429691384407 -0.004860164658862112 -0.01016813442969274 -0.012871149470186055 -0.006556508820408352 -0.009253194251144368 -0.00960969810637395 0.004366041344802958 0.0029044649139371823 0.0018724436890160344 0.0030935636494510213 0.0024556748043491864 0.006685344711130332 0.004474639537540785 0.0019641953800333635 0.0017469843217955982 0.006542482980083609 0.00161278807726872 -1.0942578621588224e-16]
moments_with_var = [1, 2, 3, 4, 5, 6, 7, 8, 9, 10, 11, 12, 13, 14, 15, 16, 17, 18, 19, 20, 21, 22, 23, 24, 25, 26, 27, 28, 29, 30, 31, 32, 33, 34, 35, 36, 37, 38, 39, 40, 41, 42, 43, 44, 45, 46, 47, 48, 49, 50, 51, 52, 53, 54, 55, 56, 57, 58, 59, 60, 61, 62, 63, 64, 65, 66, 67, 68, 69, 70, 71, 72, 73, 74, 75, 76, 77, 78, 79, 80, 81, 82, 83, 84, 85, 86, 87, 88, 89, 90, 91, 92, 93, 94, 95, 96, 97, 98, 99, 100, 101]
moments_without_var = Int64[]
δ_star_initial = -0.00705471503558875
val = 0.00705471503558875
δ_star_initial_low = -0.00705471503558875
val = 0.00705471503558875
δ_star_initial_up = -0.00705471503558875
δ_star_initial = -0.00705471503558875
δ_grid = [1]
δ_grid_filtered = [1]
D=10 W=8000   | build: dense  28.711 / comp   5.751 ms (4.99x) | contract: dense  2.6875 / comp  0.1653 ms (16.3x) | transp: dense  0.0744 / comp  0.1086 ms (0.7x) | CC v+g: dense  30.928 / comp   5.958 ms (5.19x)
            allocs: dense build  20745.2 KB / comp build   2697.4 KB (7.7x less)
============================================================================================
