WARNING:  Option 'mip_integral_gap_abs' deprecated, please use 'mip_opt_gap_abs'.
WARNING:  Option 'mip_integral_gap_rel' deprecated, please use 'mip_opt_gap_rel'.
WARNING:  Option 'mip_integral_gap_abs' deprecated, please use 'mip_opt_gap_abs'.
WARNING:  Option 'mip_integral_gap_rel' deprecated, please use 'mip_opt_gap_rel'.
WARNING:  Option 'mip_integral_gap_abs' deprecated, please use 'mip_opt_gap_abs'.
WARNING:  Option 'mip_integral_gap_rel' deprecated, please use 'mip_opt_gap_rel'.
diffTheory = diff = 0.1519684774892025
diffPreStep = diff = 0.015141068512143363
κ = 0.06420809457817289
κ_upper = 0.06420809457817289
κ_lower = 0.06420809457817289
θ_initial = [0.16666666666666669, 2.5, 0.9701548739451527, 0.898534602899728, 0.9256006070125016, 0.8675016084408224, 0.8634603053463782, 1.0, 1.0, 1.0, 1.0, 1.0, 1.0, 1.0, 1.0, 1.0, 1.0, 1.0, 1.0, 1.0, 1.0, 1.0, 1.0]
θ_initial_upper = [0.16666666666666669, 2.5, 0.9701548739451527, 0.898534602899728, 0.9256006070125016, 0.8675016084408224, 0.8634603053463782, 1.0, 1.0, 1.0, 1.0, 1.0, 1.0, 1.0, 1.0, 1.0, 1.0, 1.0, 1.0, 1.0, 1.0, 1.0, 1.0]
θ_initial_lower = [0.16666666666666669, 2.5, 0.9701548739451527, 0.898534602899728, 0.9256006070125016, 0.8675016084408224, 0.8634603053463782, 1.0, 1.0, 1.0, 1.0, 1.0, 1.0, 1.0, 1.0, 1.0, 1.0, 1.0, 1.0, 1.0, 1.0, 1.0, 1.0]
numMoments = 18
numMomentInnerSimple = 17
inequality_index = Int64[]
PMM = [-0.014664979927902281 -0.005935220396847227 -0.013986223392776819 -0.003852371890807344 0.006699597939990179 0.003289347825961807 0.005295866332722169 -0.00034646591202940237 0.006296473870416427 0.004646171273375345 0.00956705276408345 0.004082107584692901 -0.001765038842908199 1.9653221561696022e-5 -0.0014992153476952217 0.0011452448247125746 0.0016486937273406607 7.053695813710375e-17]
moments_with_var = [1, 2, 3, 4, 5, 6, 7, 8, 9, 10, 11, 12, 13, 14, 15, 16, 17]
moments_without_var = Int64[]
δ_star_initial = -0.0010029941762690656
val = 0.0010029941762690656
δ_star_initial_low = -0.0010029941762690656
val = 0.0010029941762690656
δ_star_initial_up = -0.0010029941762690656
δ_star_initial = -0.0010029941762690656
δ_grid = [1]
δ_grid_filtered = [1]
>>> l (theta length) = 23

>>> @code_warntype envelope_scalar_div_ctx (point A) — looking for red/Union/Any flags
Union{} occurrences: 0   ::Any occurrences: 0  -> fully concrete/type-stable
>>> point A done
>>> point D done
>>> point B done
>>> point C done

================ SUMMARY (mean over points) ================
1_baseline_closure_autochunk      mean_time=0.079922s  mean_alloc=243595432 bytes
2_cached_config_closure_autochunk  mean_time=0.082860s  mean_alloc=111708592 bytes
3_functor_cached_config_autochunk  mean_time=0.083676s  mean_alloc=111708640 bytes
4_functor_chunk1                  mean_time=0.390921s  mean_alloc=231504936 bytes
4_functor_chunk2                  mean_time=0.218761s  mean_alloc=170739432 bytes
4_functor_chunk23                 mean_time=0.082167s  mean_alloc=111708568 bytes
4_functor_chunk3                  mean_time=0.160211s  mean_alloc=147123544 bytes
4_functor_chunk4                  mean_time=0.122140s  mean_alloc=135316952 bytes
4_functor_chunk6                  mean_time=0.106372s  mean_alloc=123516064 bytes
4_functor_chunk9                  mean_time=0.106736s  mean_alloc=130098592 bytes

FASTEST CONFIG: 1_baseline_closure_autochunk
Wrote: /bbkinghome/edav/gravity_robustness/trade_robustness_modular/full_aod_diag/outer_cache_forwarddiff/forwarddiff_benchmark.csv and warntype_envelope.txt
